# 系统默认GC打印日志
1. 执行命令 ：
    ```cmd
    java -XX:+UseG1GC -Xmx128m -Xms128m -Xloggc:gc.cms.128.log -XX:+PrintGCDetails -XX:+PrintGCDateStamps com.mariston.weektwo.GCLogAnalysis
    ```
2. 执行结果：
    ```cmd
   Java HotSpot(TM) 64-Bit Server VM (25.152-b16) for windows-amd64 JRE (1.8.0_152-b16), built on Sep 14 2017 02:29:36 by "java_re" with MS VC++ 10.0 (VS2010)
   Memory: 4k page, physical 16643552k(8466580k free), swap 18740704k(5273484k free)
   CommandLine flags: -XX:InitialHeapSize=134217728 -XX:MaxHeapSize=134217728 -XX:+PrintGC -XX:+PrintGCDateStamps -XX:+PrintGCDetails -XX:+PrintGCTimeStamps -XX:+UseCompressedClassPointers -XX:+UseCompressedOops -XX:+UseG1GC -XX:-UseLargePagesIndividualAllocation 
   2020-11-01T21:53:23.666+0800: 0.197: [GC pause (G1 Evacuation Pause) (young), 0.0049035 secs]
      [Parallel Time: 1.9 ms, GC Workers: 8]
         [GC Worker Start (ms): Min: 197.9, Avg: 198.0, Max: 198.1, Diff: 0.2]
         [Ext Root Scanning (ms): Min: 0.0, Avg: 0.2, Max: 0.4, Diff: 0.4, Sum: 1.5]
         [Update RS (ms): Min: 0.0, Avg: 0.0, Max: 0.0, Diff: 0.0, Sum: 0.0]
            [Processed Buffers: Min: 0, Avg: 0.0, Max: 0, Diff: 0, Sum: 0]
         [Scan RS (ms): Min: 0.0, Avg: 0.0, Max: 0.0, Diff: 0.0, Sum: 0.0]
         [Code Root Scanning (ms): Min: 0.0, Avg: 0.0, Max: 0.0, Diff: 0.0, Sum: 0.0]
         [Object Copy (ms): Min: 1.2, Avg: 1.3, Max: 1.5, Diff: 0.3, Sum: 10.6]
         [Termination (ms): Min: 0.0, Avg: 0.1, Max: 0.2, Diff: 0.2, Sum: 1.0]
            [Termination Attempts: Min: 1, Avg: 1.6, Max: 4, Diff: 3, Sum: 13]
         [GC Worker Other (ms): Min: 0.0, Avg: 0.1, Max: 0.3, Diff: 0.3, Sum: 0.6]
         [GC Worker Total (ms): Min: 1.6, Avg: 1.7, Max: 1.8, Diff: 0.2, Sum: 13.7]
         [GC Worker End (ms): Min: 199.7, Avg: 199.7, Max: 199.7, Diff: 0.0]
      [Code Root Fixup: 0.0 ms]
      [Code Root Purge: 0.0 ms]
      [Clear CT: 0.9 ms]
      [Other: 2.2 ms]
         [Choose CSet: 0.0 ms]
         [Ref Proc: 0.6 ms]
         [Ref Enq: 0.0 ms]
         [Redirty Cards: 0.8 ms]
         [Humongous Register: 0.0 ms]
         [Humongous Reclaim: 0.0 ms]
         [Free CSet: 0.0 ms]
      [Eden: 24.0M(24.0M)->0.0B(23.0M) Survivors: 0.0B->3072.0K Heap: 33.9M(128.0M)->10.5M(128.0M)]
    [Times: user=0.00 sys=0.00, real=0.01 secs] 
   2020-11-01T21:53:23.684+0800: 0.215: [GC pause (G1 Evacuation Pause) (young), 0.0042148 secs]
      [Parallel Time: 2.3 ms, GC Workers: 8]
         [GC Worker Start (ms): Min: 215.1, Avg: 215.2, Max: 215.4, Diff: 0.3]
         [Ext Root Scanning (ms): Min: 0.0, Avg: 0.1, Max: 0.2, Diff: 0.2, Sum: 0.9]
         [Update RS (ms): Min: 0.0, Avg: 0.2, Max: 1.7, Diff: 1.7, Sum: 1.7]
            [Processed Buffers: Min: 0, Avg: 0.5, Max: 3, Diff: 3, Sum: 4]
         [Scan RS (ms): Min: 0.0, Avg: 0.0, Max: 0.0, Diff: 0.0, Sum: 0.0]
         [Code Root Scanning (ms): Min: 0.0, Avg: 0.0, Max: 0.0, Diff: 0.0, Sum: 0.0]
         [Object Copy (ms): Min: 0.0, Avg: 1.2, Max: 1.4, Diff: 1.4, Sum: 9.7]
         [Termination (ms): Min: 0.0, Avg: 0.3, Max: 0.5, Diff: 0.5, Sum: 2.3]
            [Termination Attempts: Min: 1, Avg: 45.6, Max: 71, Diff: 70, Sum: 365]
         [GC Worker Other (ms): Min: 0.0, Avg: 0.0, Max: 0.1, Diff: 0.1, Sum: 0.2]
         [GC Worker Total (ms): Min: 1.7, Avg: 1.9, Max: 2.0, Diff: 0.3, Sum: 14.8]
         [GC Worker End (ms): Min: 217.1, Avg: 217.1, Max: 217.2, Diff: 0.1]
      [Code Root Fixup: 0.0 ms]
      [Code Root Purge: 0.0 ms]
      [Clear CT: 0.6 ms]
      [Other: 1.3 ms]
         [Choose CSet: 0.0 ms]
         [Ref Proc: 0.5 ms]
         [Ref Enq: 0.0 ms]
         [Redirty Cards: 0.7 ms]
         [Humongous Register: 0.0 ms]
         [Humongous Reclaim: 0.0 ms]
         [Free CSet: 0.0 ms]
      [Eden: 23.0M(23.0M)->0.0B(34.0M) Survivors: 3072.0K->4096.0K Heap: 39.0M(128.0M)->18.3M(128.0M)]
    [Times: user=0.00 sys=0.00, real=0.00 secs] 
   2020-11-01T21:53:23.701+0800: 0.232: [GC pause (G1 Evacuation Pause) (young), 0.0042228 secs]
      [Parallel Time: 3.0 ms, GC Workers: 8]
         [GC Worker Start (ms): Min: 231.8, Avg: 231.9, Max: 232.0, Diff: 0.2]
         [Ext Root Scanning (ms): Min: 0.0, Avg: 0.1, Max: 0.2, Diff: 0.2, Sum: 0.7]
         [Update RS (ms): Min: 0.1, Avg: 0.4, Max: 1.6, Diff: 1.5, Sum: 3.0]
            [Processed Buffers: Min: 1, Avg: 1.1, Max: 2, Diff: 1, Sum: 9]
         [Scan RS (ms): Min: 0.0, Avg: 0.0, Max: 0.0, Diff: 0.0, Sum: 0.0]
         [Code Root Scanning (ms): Min: 0.0, Avg: 0.0, Max: 0.0, Diff: 0.0, Sum: 0.0]
         [Object Copy (ms): Min: 1.1, Avg: 2.1, Max: 2.4, Diff: 1.3, Sum: 17.2]
         [Termination (ms): Min: 0.0, Avg: 0.1, Max: 0.2, Diff: 0.2, Sum: 0.9]
            [Termination Attempts: Min: 1, Avg: 1.0, Max: 1, Diff: 0, Sum: 8]
         [GC Worker Other (ms): Min: 0.0, Avg: 0.0, Max: 0.0, Diff: 0.0, Sum: 0.1]
         [GC Worker Total (ms): Min: 2.6, Avg: 2.7, Max: 2.8, Diff: 0.2, Sum: 21.9]
         [GC Worker End (ms): Min: 234.6, Avg: 234.6, Max: 234.6, Diff: 0.0]
      [Code Root Fixup: 0.0 ms]
      [Code Root Purge: 0.0 ms]
      [Clear CT: 0.6 ms]
      [Other: 0.6 ms]
         [Choose CSet: 0.0 ms]
         [Ref Proc: 0.1 ms]
         [Ref Enq: 0.0 ms]
         [Redirty Cards: 0.3 ms]
         [Humongous Register: 0.0 ms]
         [Humongous Reclaim: 0.0 ms]
         [Free CSet: 0.0 ms]
      [Eden: 34.0M(34.0M)->0.0B(51.0M) Survivors: 4096.0K->5120.0K Heap: 57.8M(128.0M)->31.9M(128.0M)]
    [Times: user=0.00 sys=0.00, real=0.00 secs] 
   2020-11-01T21:53:23.728+0800: 0.259: [GC pause (G1 Evacuation Pause) (young) (to-space exhausted), 0.0064356 secs]
      [Parallel Time: 4.1 ms, GC Workers: 8]
         [GC Worker Start (ms): Min: 259.0, Avg: 259.1, Max: 259.2, Diff: 0.1]
         [Ext Root Scanning (ms): Min: 0.1, Avg: 0.1, Max: 0.2, Diff: 0.1, Sum: 0.9]
         [Update RS (ms): Min: 0.1, Avg: 0.1, Max: 0.2, Diff: 0.1, Sum: 1.1]
            [Processed Buffers: Min: 0, Avg: 2.0, Max: 4, Diff: 4, Sum: 16]
         [Scan RS (ms): Min: 0.0, Avg: 0.0, Max: 0.0, Diff: 0.0, Sum: 0.1]
         [Code Root Scanning (ms): Min: 0.0, Avg: 0.0, Max: 0.0, Diff: 0.0, Sum: 0.0]
         [Object Copy (ms): Min: 3.5, Avg: 3.6, Max: 3.7, Diff: 0.1, Sum: 28.8]
         [Termination (ms): Min: 0.0, Avg: 0.0, Max: 0.1, Diff: 0.1, Sum: 0.4]
            [Termination Attempts: Min: 1, Avg: 1.0, Max: 1, Diff: 0, Sum: 8]
         [GC Worker Other (ms): Min: 0.0, Avg: 0.0, Max: 0.0, Diff: 0.0, Sum: 0.1]
         [GC Worker Total (ms): Min: 3.9, Avg: 3.9, Max: 4.0, Diff: 0.1, Sum: 31.3]
         [GC Worker End (ms): Min: 263.0, Avg: 263.0, Max: 263.0, Diff: 0.0]
      [Code Root Fixup: 0.0 ms]
      [Code Root Purge: 0.0 ms]
      [Clear CT: 0.5 ms]
      [Other: 1.7 ms]
         [Evacuation Failure: 0.4 ms]
         [Choose CSet: 0.0 ms]
         [Ref Proc: 0.7 ms]
         [Ref Enq: 0.0 ms]
         [Redirty Cards: 0.5 ms]
         [Humongous Register: 0.0 ms]
         [Humongous Reclaim: 0.0 ms]
         [Free CSet: 0.0 ms]
      [Eden: 51.0M(51.0M)->0.0B(17.0M) Survivors: 5120.0K->7168.0K Heap: 99.6M(128.0M)->82.9M(128.0M)]
    [Times: user=0.00 sys=0.00, real=0.01 secs] 
   2020-11-01T21:53:23.735+0800: 0.266: [GC pause (G1 Humongous Allocation) (young) (initial-mark), 0.0021839 secs]
      [Parallel Time: 1.1 ms, GC Workers: 8]
         [GC Worker Start (ms): Min: 265.9, Avg: 266.0, Max: 266.1, Diff: 0.2]
         [Ext Root Scanning (ms): Min: 0.0, Avg: 0.2, Max: 0.8, Diff: 0.8, Sum: 2.0]
         [Update RS (ms): Min: 0.0, Avg: 0.0, Max: 0.0, Diff: 0.0, Sum: 0.1]
            [Processed Buffers: Min: 0, Avg: 1.5, Max: 5, Diff: 5, Sum: 12]
         [Scan RS (ms): Min: 0.0, Avg: 0.0, Max: 0.0, Diff: 0.0, Sum: 0.0]
         [Code Root Scanning (ms): Min: 0.0, Avg: 0.0, Max: 0.0, Diff: 0.0, Sum: 0.0]
         [Object Copy (ms): Min: 0.0, Avg: 0.6, Max: 0.8, Diff: 0.8, Sum: 5.0]
         [Termination (ms): Min: 0.0, Avg: 0.1, Max: 0.1, Diff: 0.1, Sum: 0.7]
            [Termination Attempts: Min: 1, Avg: 1.1, Max: 2, Diff: 1, Sum: 9]
         [GC Worker Other (ms): Min: 0.0, Avg: 0.0, Max: 0.0, Diff: 0.0, Sum: 0.1]
         [GC Worker Total (ms): Min: 0.9, Avg: 1.0, Max: 1.1, Diff: 0.2, Sum: 7.8]
         [GC Worker End (ms): Min: 266.9, Avg: 266.9, Max: 267.0, Diff: 0.0]
      [Code Root Fixup: 0.0 ms]
      [Code Root Purge: 0.0 ms]
      [Clear CT: 0.3 ms]
      [Other: 0.7 ms]
         [Choose CSet: 0.0 ms]
         [Ref Proc: 0.3 ms]
         [Ref Enq: 0.0 ms]
         [Redirty Cards: 0.4 ms]
         [Humongous Register: 0.0 ms]
         [Humongous Reclaim: 0.0 ms]
         [Free CSet: 0.0 ms]
      [Eden: 1024.0K(17.0M)->0.0B(16.0M) Survivors: 7168.0K->1024.0K Heap: 83.6M(128.0M)->83.5M(128.0M)]
    [Times: user=0.00 sys=0.02, real=0.00 secs] 
   2020-11-01T21:53:23.737+0800: 0.268: [GC concurrent-root-region-scan-start]
   2020-11-01T21:53:23.738+0800: 0.269: [GC concurrent-root-region-scan-end, 0.0004324 secs]
   2020-11-01T21:53:23.738+0800: 0.269: [GC concurrent-mark-start]
   2020-11-01T21:53:23.739+0800: 0.270: [GC concurrent-mark-end, 0.0012575 secs]
   2020-11-01T21:53:23.739+0800: 0.270: [GC remark 2020-11-01T21:53:23.739+0800: 0.270: [Finalize Marking, 0.0003093 secs] 2020-11-01T21:53:23.740+0800: 0.271: [GC ref-proc, 0.0003221 secs] 2020-11-01T21:53:23.740+0800: 0.271: [Unloading, 0.0006367 secs], 0.0019268 secs]
    [Times: user=0.00 sys=0.00, real=0.00 secs] 
   2020-11-01T21:53:23.742+0800: 0.272: [GC cleanup 94M->94M(128M), 0.0014568 secs]
    [Times: user=0.00 sys=0.00, real=0.00 secs] 
   2020-11-01T21:53:23.745+0800: 0.276: [GC pause (G1 Evacuation Pause) (young), 0.0025152 secs]
      [Parallel Time: 1.3 ms, GC Workers: 8]
         [GC Worker Start (ms): Min: 276.1, Avg: 276.3, Max: 276.8, Diff: 0.7]
         [Ext Root Scanning (ms): Min: 0.0, Avg: 0.1, Max: 0.2, Diff: 0.2, Sum: 1.0]
         [Update RS (ms): Min: 0.0, Avg: 0.2, Max: 0.2, Diff: 0.2, Sum: 1.4]
            [Processed Buffers: Min: 0, Avg: 2.3, Max: 4, Diff: 4, Sum: 18]
         [Scan RS (ms): Min: 0.0, Avg: 0.0, Max: 0.0, Diff: 0.0, Sum: 0.0]
         [Code Root Scanning (ms): Min: 0.0, Avg: 0.0, Max: 0.0, Diff: 0.0, Sum: 0.0]
         [Object Copy (ms): Min: 0.3, Avg: 0.5, Max: 0.6, Diff: 0.3, Sum: 4.0]
         [Termination (ms): Min: 0.0, Avg: 0.1, Max: 0.1, Diff: 0.1, Sum: 0.4]
            [Termination Attempts: Min: 1, Avg: 1.0, Max: 1, Diff: 0, Sum: 8]
         [GC Worker Other (ms): Min: 0.0, Avg: 0.0, Max: 0.0, Diff: 0.0, Sum: 0.1]
         [GC Worker Total (ms): Min: 0.3, Avg: 0.9, Max: 1.0, Diff: 0.7, Sum: 6.8]
         [GC Worker End (ms): Min: 277.1, Avg: 277.1, Max: 277.2, Diff: 0.0]
      [Code Root Fixup: 0.0 ms]
      [Code Root Purge: 0.0 ms]
      [Clear CT: 0.5 ms]
      [Other: 0.8 ms]
         [Choose CSet: 0.0 ms]
         [Ref Proc: 0.4 ms]
         [Ref Enq: 0.0 ms]
         [Redirty Cards: 0.3 ms]
         [Humongous Register: 0.0 ms]
         [Humongous Reclaim: 0.0 ms]
         [Free CSet: 0.0 ms]
      [Eden: 16.0M(16.0M)->0.0B(3072.0K) Survivors: 1024.0K->3072.0K Heap: 106.4M(128.0M)->91.3M(128.0M)]
    [Times: user=0.00 sys=0.00, real=0.00 secs] 
   2020-11-01T21:53:23.749+0800: 0.280: [GC pause (G1 Evacuation Pause) (mixed), 0.0024612 secs]
      [Parallel Time: 0.8 ms, GC Workers: 8]
         [GC Worker Start (ms): Min: 279.9, Avg: 280.1, Max: 280.2, Diff: 0.2]
         [Ext Root Scanning (ms): Min: 0.0, Avg: 0.1, Max: 0.2, Diff: 0.2, Sum: 0.8]
         [Update RS (ms): Min: 0.0, Avg: 0.0, Max: 0.0, Diff: 0.0, Sum: 0.1]
            [Processed Buffers: Min: 0, Avg: 1.0, Max: 2, Diff: 2, Sum: 8]
         [Scan RS (ms): Min: 0.0, Avg: 0.0, Max: 0.0, Diff: 0.0, Sum: 0.0]
         [Code Root Scanning (ms): Min: 0.0, Avg: 0.0, Max: 0.0, Diff: 0.0, Sum: 0.0]
         [Object Copy (ms): Min: 0.4, Avg: 0.4, Max: 0.5, Diff: 0.1, Sum: 3.3]
         [Termination (ms): Min: 0.0, Avg: 0.0, Max: 0.1, Diff: 0.1, Sum: 0.3]
            [Termination Attempts: Min: 1, Avg: 1.0, Max: 1, Diff: 0, Sum: 8]
         [GC Worker Other (ms): Min: 0.0, Avg: 0.0, Max: 0.0, Diff: 0.0, Sum: 0.1]
         [GC Worker Total (ms): Min: 0.5, Avg: 0.6, Max: 0.7, Diff: 0.2, Sum: 4.7]
         [GC Worker End (ms): Min: 280.6, Avg: 280.6, Max: 280.7, Diff: 0.0]
      [Code Root Fixup: 0.0 ms]
      [Code Root Purge: 0.0 ms]
      [Clear CT: 0.7 ms]
      [Other: 1.0 ms]
         [Choose CSet: 0.0 ms]
         [Ref Proc: 0.4 ms]
         [Ref Enq: 0.0 ms]
         [Redirty Cards: 0.4 ms]
         [Humongous Register: 0.0 ms]
         [Humongous Reclaim: 0.0 ms]
         [Free CSet: 0.0 ms]
      [Eden: 3072.0K(3072.0K)->0.0B(5120.0K) Survivors: 3072.0K->1024.0K Heap: 94.3M(128.0M)->79.9M(128.0M)]
    [Times: user=0.02 sys=0.00, real=0.00 secs] 
   2020-11-01T21:53:23.754+0800: 0.285: [GC pause (G1 Evacuation Pause) (mixed), 0.0018231 secs]
      [Parallel Time: 0.8 ms, GC Workers: 8]
         [GC Worker Start (ms): Min: 285.0, Avg: 285.1, Max: 285.2, Diff: 0.2]
         [Ext Root Scanning (ms): Min: 0.0, Avg: 0.1, Max: 0.2, Diff: 0.2, Sum: 0.8]
         [Update RS (ms): Min: 0.0, Avg: 0.0, Max: 0.0, Diff: 0.0, Sum: 0.2]
            [Processed Buffers: Min: 1, Avg: 1.4, Max: 2, Diff: 1, Sum: 11]
         [Scan RS (ms): Min: 0.0, Avg: 0.0, Max: 0.0, Diff: 0.0, Sum: 0.0]
         [Code Root Scanning (ms): Min: 0.0, Avg: 0.0, Max: 0.0, Diff: 0.0, Sum: 0.0]
         [Object Copy (ms): Min: 0.4, Avg: 0.4, Max: 0.5, Diff: 0.1, Sum: 3.5]
         [Termination (ms): Min: 0.0, Avg: 0.0, Max: 0.1, Diff: 0.1, Sum: 0.4]
            [Termination Attempts: Min: 1, Avg: 1.0, Max: 1, Diff: 0, Sum: 8]
         [GC Worker Other (ms): Min: 0.0, Avg: 0.0, Max: 0.0, Diff: 0.0, Sum: 0.2]
         [GC Worker Total (ms): Min: 0.5, Avg: 0.6, Max: 0.7, Diff: 0.2, Sum: 5.0]
         [GC Worker End (ms): Min: 285.7, Avg: 285.7, Max: 285.7, Diff: 0.0]
      [Code Root Fixup: 0.0 ms]
      [Code Root Purge: 0.0 ms]
      [Clear CT: 0.4 ms]
      [Other: 0.6 ms]
         [Choose CSet: 0.0 ms]
         [Ref Proc: 0.3 ms]
         [Ref Enq: 0.0 ms]
         [Redirty Cards: 0.2 ms]
         [Humongous Register: 0.0 ms]
         [Humongous Reclaim: 0.0 ms]
         [Free CSet: 0.0 ms]
      [Eden: 5120.0K(5120.0K)->0.0B(5120.0K) Survivors: 1024.0K->1024.0K Heap: 84.9M(128.0M)->70.9M(128.0M)]
    [Times: user=0.00 sys=0.00, real=0.00 secs] 
   2020-11-01T21:53:23.757+0800: 0.288: [GC pause (G1 Evacuation Pause) (mixed), 0.0025836 secs]
      [Parallel Time: 1.0 ms, GC Workers: 8]
         [GC Worker Start (ms): Min: 288.3, Avg: 288.4, Max: 288.5, Diff: 0.2]
         [Ext Root Scanning (ms): Min: 0.0, Avg: 0.1, Max: 0.2, Diff: 0.2, Sum: 0.9]
         [Update RS (ms): Min: 0.1, Avg: 0.1, Max: 0.2, Diff: 0.1, Sum: 1.1]
            [Processed Buffers: Min: 0, Avg: 1.8, Max: 3, Diff: 3, Sum: 14]
         [Scan RS (ms): Min: 0.0, Avg: 0.0, Max: 0.2, Diff: 0.2, Sum: 0.2]
         [Code Root Scanning (ms): Min: 0.0, Avg: 0.0, Max: 0.0, Diff: 0.0, Sum: 0.0]
         [Object Copy (ms): Min: 0.3, Avg: 0.4, Max: 0.5, Diff: 0.2, Sum: 3.6]
         [Termination (ms): Min: 0.0, Avg: 0.0, Max: 0.0, Diff: 0.0, Sum: 0.0]
            [Termination Attempts: Min: 1, Avg: 1.6, Max: 3, Diff: 2, Sum: 13]
         [GC Worker Other (ms): Min: 0.0, Avg: 0.0, Max: 0.0, Diff: 0.0, Sum: 0.1]
         [GC Worker Total (ms): Min: 0.6, Avg: 0.7, Max: 0.8, Diff: 0.2, Sum: 5.9]
         [GC Worker End (ms): Min: 289.2, Avg: 289.2, Max: 289.2, Diff: 0.0]
      [Code Root Fixup: 0.0 ms]
      [Code Root Purge: 0.0 ms]
      [Clear CT: 0.6 ms]
      [Other: 1.0 ms]
         [Choose CSet: 0.0 ms]
         [Ref Proc: 0.4 ms]
         [Ref Enq: 0.0 ms]
         [Redirty Cards: 0.5 ms]
         [Humongous Register: 0.0 ms]
         [Humongous Reclaim: 0.0 ms]
         [Free CSet: 0.0 ms]
      [Eden: 5120.0K(5120.0K)->0.0B(24.0M) Survivors: 1024.0K->1024.0K Heap: 78.6M(128.0M)->71.4M(128.0M)]
    [Times: user=0.00 sys=0.00, real=0.00 secs] 
   2020-11-01T21:53:23.760+0800: 0.291: [GC pause (G1 Humongous Allocation) (young) (initial-mark), 0.0012770 secs]
      [Parallel Time: 0.4 ms, GC Workers: 8]
         [GC Worker Start (ms): Min: 291.2, Avg: 291.3, Max: 291.3, Diff: 0.1]
         [Ext Root Scanning (ms): Min: 0.1, Avg: 0.1, Max: 0.2, Diff: 0.1, Sum: 1.0]
         [Update RS (ms): Min: 0.0, Avg: 0.1, Max: 0.2, Diff: 0.2, Sum: 0.5]
            [Processed Buffers: Min: 1, Avg: 1.1, Max: 2, Diff: 1, Sum: 9]
         [Scan RS (ms): Min: 0.0, Avg: 0.0, Max: 0.0, Diff: 0.0, Sum: 0.0]
         [Code Root Scanning (ms): Min: 0.0, Avg: 0.0, Max: 0.0, Diff: 0.0, Sum: 0.0]
         [Object Copy (ms): Min: 0.0, Avg: 0.0, Max: 0.1, Diff: 0.1, Sum: 0.4]
         [Termination (ms): Min: 0.0, Avg: 0.1, Max: 0.1, Diff: 0.1, Sum: 0.8]
            [Termination Attempts: Min: 1, Avg: 1.6, Max: 3, Diff: 2, Sum: 13]
         [GC Worker Other (ms): Min: 0.0, Avg: 0.0, Max: 0.0, Diff: 0.0, Sum: 0.0]
         [GC Worker Total (ms): Min: 0.3, Avg: 0.3, Max: 0.4, Diff: 0.1, Sum: 2.7]
         [GC Worker End (ms): Min: 291.6, Avg: 291.6, Max: 291.6, Diff: 0.0]
      [Code Root Fixup: 0.0 ms]
      [Code Root Purge: 0.0 ms]
      [Clear CT: 0.3 ms]
      [Other: 0.5 ms]
         [Choose CSet: 0.0 ms]
         [Ref Proc: 0.2 ms]
         [Ref Enq: 0.0 ms]
         [Redirty Cards: 0.2 ms]
         [Humongous Register: 0.0 ms]
         [Humongous Reclaim: 0.0 ms]
         [Free CSet: 0.0 ms]
      [Eden: 1024.0K(24.0M)->0.0B(26.0M) Survivors: 1024.0K->1024.0K Heap: 71.6M(128.0M)->71.1M(128.0M)]
    [Times: user=0.00 sys=0.00, real=0.00 secs] 
   2020-11-01T21:53:23.762+0800: 0.293: [GC concurrent-root-region-scan-start]
   2020-11-01T21:53:23.762+0800: 0.293: [GC concurrent-root-region-scan-end, 0.0000975 secs]
   2020-11-01T21:53:23.762+0800: 0.293: [GC concurrent-mark-start]
   2020-11-01T21:53:23.763+0800: 0.294: [GC concurrent-mark-end, 0.0012003 secs]
   2020-11-01T21:53:23.763+0800: 0.294: [GC remark 2020-11-01T21:53:23.763+0800: 0.294: [Finalize Marking, 0.0003582 secs] 2020-11-01T21:53:23.764+0800: 0.294: [GC ref-proc, 0.0003036 secs] 2020-11-01T21:53:23.764+0800: 0.295: [Unloading, 0.0006728 secs], 0.0017705 secs]
    [Times: user=0.00 sys=0.00, real=0.00 secs] 
   2020-11-01T21:53:23.765+0800: 0.296: [GC cleanup 83M->83M(128M), 0.0009782 secs]
    [Times: user=0.00 sys=0.00, real=0.00 secs] 
   2020-11-01T21:53:23.771+0800: 0.302: [GC pause (G1 Evacuation Pause) (young) (to-space exhausted), 0.0030707 secs]
      [Parallel Time: 1.0 ms, GC Workers: 8]
         [GC Worker Start (ms): Min: 301.8, Avg: 301.9, Max: 302.0, Diff: 0.2]
         [Ext Root Scanning (ms): Min: 0.1, Avg: 0.1, Max: 0.2, Diff: 0.2, Sum: 0.9]
         [Update RS (ms): Min: 0.1, Avg: 0.1, Max: 0.1, Diff: 0.1, Sum: 1.0]
            [Processed Buffers: Min: 1, Avg: 1.9, Max: 2, Diff: 1, Sum: 15]
         [Scan RS (ms): Min: 0.0, Avg: 0.0, Max: 0.0, Diff: 0.0, Sum: 0.0]
         [Code Root Scanning (ms): Min: 0.0, Avg: 0.0, Max: 0.0, Diff: 0.0, Sum: 0.0]
         [Object Copy (ms): Min: 0.2, Avg: 0.3, Max: 0.3, Diff: 0.2, Sum: 2.0]
         [Termination (ms): Min: 0.0, Avg: 0.0, Max: 0.1, Diff: 0.1, Sum: 0.3]
            [Termination Attempts: Min: 1, Avg: 1.4, Max: 2, Diff: 1, Sum: 11]
         [GC Worker Other (ms): Min: 0.0, Avg: 0.0, Max: 0.0, Diff: 0.0, Sum: 0.1]
         [GC Worker Total (ms): Min: 0.5, Avg: 0.5, Max: 0.7, Diff: 0.2, Sum: 4.3]
         [GC Worker End (ms): Min: 302.5, Avg: 302.5, Max: 302.5, Diff: 0.0]
      [Code Root Fixup: 0.0 ms]
      [Code Root Purge: 0.0 ms]
      [Clear CT: 0.6 ms]
      [Other: 1.4 ms]
         [Evacuation Failure: 0.5 ms]
         [Choose CSet: 0.0 ms]
         [Ref Proc: 0.3 ms]
         [Ref Enq: 0.0 ms]
         [Redirty Cards: 0.5 ms]
         [Humongous Register: 0.0 ms]
         [Humongous Reclaim: 0.0 ms]
         [Free CSet: 0.0 ms]
      [Eden: 26.0M(26.0M)->0.0B(6144.0K) Survivors: 1024.0K->0.0B Heap: 110.4M(128.0M)->100.0M(128.0M)]
    [Times: user=0.00 sys=0.00, real=0.00 secs] 
   2020-11-01T21:53:23.775+0800: 0.306: [GC pause (G1 Evacuation Pause) (mixed), 0.0021358 secs]
      [Parallel Time: 0.8 ms, GC Workers: 8]
         [GC Worker Start (ms): Min: 305.9, Avg: 305.9, Max: 306.0, Diff: 0.1]
         [Ext Root Scanning (ms): Min: 0.1, Avg: 0.1, Max: 0.2, Diff: 0.1, Sum: 0.8]
         [Update RS (ms): Min: 0.1, Avg: 0.1, Max: 0.1, Diff: 0.0, Sum: 0.8]
            [Processed Buffers: Min: 2, Avg: 2.5, Max: 3, Diff: 1, Sum: 20]
         [Scan RS (ms): Min: 0.0, Avg: 0.0, Max: 0.0, Diff: 0.0, Sum: 0.0]
         [Code Root Scanning (ms): Min: 0.0, Avg: 0.0, Max: 0.0, Diff: 0.0, Sum: 0.0]
         [Object Copy (ms): Min: 0.4, Avg: 0.4, Max: 0.5, Diff: 0.1, Sum: 3.6]
         [Termination (ms): Min: 0.0, Avg: 0.0, Max: 0.1, Diff: 0.1, Sum: 0.4]
            [Termination Attempts: Min: 1, Avg: 1.0, Max: 1, Diff: 0, Sum: 8]
         [GC Worker Other (ms): Min: 0.0, Avg: 0.0, Max: 0.0, Diff: 0.0, Sum: 0.1]
         [GC Worker Total (ms): Min: 0.7, Avg: 0.7, Max: 0.8, Diff: 0.1, Sum: 5.7]
         [GC Worker End (ms): Min: 306.7, Avg: 306.7, Max: 306.7, Diff: 0.0]
      [Code Root Fixup: 0.0 ms]
      [Code Root Purge: 0.0 ms]
      [Clear CT: 0.3 ms]
      [Other: 1.0 ms]
         [Choose CSet: 0.0 ms]
         [Ref Proc: 0.5 ms]
         [Ref Enq: 0.0 ms]
         [Redirty Cards: 0.4 ms]
         [Humongous Register: 0.0 ms]
         [Humongous Reclaim: 0.0 ms]
         [Free CSet: 0.0 ms]
      [Eden: 6144.0K(6144.0K)->0.0B(5120.0K) Survivors: 0.0B->1024.0K Heap: 107.4M(128.0M)->101.3M(128.0M)]
    [Times: user=0.00 sys=0.00, real=0.00 secs] 
   2020-11-01T21:53:23.778+0800: 0.309: [GC pause (G1 Evacuation Pause) (young), 0.0018175 secs]
      [Parallel Time: 0.5 ms, GC Workers: 8]
         [GC Worker Start (ms): Min: 309.0, Avg: 309.1, Max: 309.2, Diff: 0.2]
         [Ext Root Scanning (ms): Min: 0.0, Avg: 0.1, Max: 0.2, Diff: 0.2, Sum: 0.7]
         [Update RS (ms): Min: 0.0, Avg: 0.0, Max: 0.0, Diff: 0.0, Sum: 0.2]
            [Processed Buffers: Min: 1, Avg: 1.4, Max: 2, Diff: 1, Sum: 11]
         [Scan RS (ms): Min: 0.0, Avg: 0.0, Max: 0.0, Diff: 0.0, Sum: 0.0]
         [Code Root Scanning (ms): Min: 0.0, Avg: 0.0, Max: 0.0, Diff: 0.0, Sum: 0.0]
         [Object Copy (ms): Min: 0.1, Avg: 0.2, Max: 0.2, Diff: 0.1, Sum: 1.4]
         [Termination (ms): Min: 0.0, Avg: 0.0, Max: 0.1, Diff: 0.1, Sum: 0.3]
            [Termination Attempts: Min: 1, Avg: 1.0, Max: 1, Diff: 0, Sum: 8]
         [GC Worker Other (ms): Min: 0.0, Avg: 0.0, Max: 0.0, Diff: 0.0, Sum: 0.1]
         [GC Worker Total (ms): Min: 0.3, Avg: 0.3, Max: 0.4, Diff: 0.2, Sum: 2.7]
         [GC Worker End (ms): Min: 309.5, Avg: 309.5, Max: 309.5, Diff: 0.0]
      [Code Root Fixup: 0.0 ms]
      [Code Root Purge: 0.0 ms]
      [Clear CT: 0.4 ms]
      [Other: 1.0 ms]
         [Choose CSet: 0.0 ms]
         [Ref Proc: 0.5 ms]
         [Ref Enq: 0.0 ms]
         [Redirty Cards: 0.4 ms]
         [Humongous Register: 0.0 ms]
         [Humongous Reclaim: 0.0 ms]
         [Free CSet: 0.0 ms]
      [Eden: 5120.0K(5120.0K)->0.0B(5120.0K) Survivors: 1024.0K->1024.0K Heap: 106.3M(128.0M)->102.6M(128.0M)]
    [Times: user=0.00 sys=0.00, real=0.00 secs] 
   2020-11-01T21:53:23.780+0800: 0.311: [GC pause (G1 Humongous Allocation) (young) (initial-mark), 0.0013244 secs]
      [Parallel Time: 0.5 ms, GC Workers: 8]
         [GC Worker Start (ms): Min: 311.1, Avg: 311.2, Max: 311.3, Diff: 0.2]
         [Ext Root Scanning (ms): Min: 0.0, Avg: 0.1, Max: 0.3, Diff: 0.3, Sum: 1.2]
         [Update RS (ms): Min: 0.0, Avg: 0.0, Max: 0.0, Diff: 0.0, Sum: 0.1]
            [Processed Buffers: Min: 0, Avg: 1.0, Max: 4, Diff: 4, Sum: 8]
         [Scan RS (ms): Min: 0.0, Avg: 0.0, Max: 0.0, Diff: 0.0, Sum: 0.0]
         [Code Root Scanning (ms): Min: 0.0, Avg: 0.0, Max: 0.0, Diff: 0.0, Sum: 0.0]
         [Object Copy (ms): Min: 0.0, Avg: 0.1, Max: 0.1, Diff: 0.1, Sum: 0.5]
         [Termination (ms): Min: 0.0, Avg: 0.1, Max: 0.1, Diff: 0.1, Sum: 0.7]
            [Termination Attempts: Min: 1, Avg: 1.0, Max: 1, Diff: 0, Sum: 8]
         [GC Worker Other (ms): Min: 0.0, Avg: 0.0, Max: 0.0, Diff: 0.0, Sum: 0.1]
         [GC Worker Total (ms): Min: 0.2, Avg: 0.3, Max: 0.4, Diff: 0.2, Sum: 2.5]
         [GC Worker End (ms): Min: 311.5, Avg: 311.5, Max: 311.5, Diff: 0.0]
      [Code Root Fixup: 0.0 ms]
      [Code Root Purge: 0.0 ms]
      [Clear CT: 0.3 ms]
      [Other: 0.6 ms]
         [Choose CSet: 0.0 ms]
         [Ref Proc: 0.2 ms]
         [Ref Enq: 0.0 ms]
         [Redirty Cards: 0.2 ms]
         [Humongous Register: 0.0 ms]
         [Humongous Reclaim: 0.0 ms]
         [Free CSet: 0.0 ms]
      [Eden: 1024.0K(5120.0K)->0.0B(5120.0K) Survivors: 1024.0K->1024.0K Heap: 102.8M(128.0M)->102.8M(128.0M)]
    [Times: user=0.00 sys=0.00, real=0.00 secs] 
   2020-11-01T21:53:23.782+0800: 0.313: [GC concurrent-root-region-scan-start]
   2020-11-01T21:53:23.782+0800: 0.313: [GC concurrent-root-region-scan-end, 0.0001677 secs]
   2020-11-01T21:53:23.782+0800: 0.313: [GC concurrent-mark-start]
   2020-11-01T21:53:23.784+0800: 0.315: [GC pause (G1 Evacuation Pause) (young) (to-space exhausted), 0.0028662 secs]
      [Parallel Time: 1.0 ms, GC Workers: 8]
         [GC Worker Start (ms): Min: 315.0, Avg: 315.1, Max: 315.5, Diff: 0.5]
         [Ext Root Scanning (ms): Min: 0.0, Avg: 0.1, Max: 0.2, Diff: 0.2, Sum: 0.8]
         [Update RS (ms): Min: 0.0, Avg: 0.2, Max: 0.3, Diff: 0.3, Sum: 1.5]
            [Processed Buffers: Min: 0, Avg: 2.9, Max: 5, Diff: 5, Sum: 23]
         [Scan RS (ms): Min: 0.0, Avg: 0.0, Max: 0.0, Diff: 0.0, Sum: 0.0]
         [Code Root Scanning (ms): Min: 0.0, Avg: 0.0, Max: 0.0, Diff: 0.0, Sum: 0.0]
         [Object Copy (ms): Min: 0.0, Avg: 0.1, Max: 0.2, Diff: 0.2, Sum: 0.7]
         [Termination (ms): Min: 0.0, Avg: 0.1, Max: 0.2, Diff: 0.2, Sum: 1.1]
            [Termination Attempts: Min: 1, Avg: 1.0, Max: 1, Diff: 0, Sum: 8]
         [GC Worker Other (ms): Min: 0.0, Avg: 0.0, Max: 0.0, Diff: 0.0, Sum: 0.1]
         [GC Worker Total (ms): Min: 0.2, Avg: 0.5, Max: 0.7, Diff: 0.5, Sum: 4.2]
         [GC Worker End (ms): Min: 315.6, Avg: 315.6, Max: 315.7, Diff: 0.0]
      [Code Root Fixup: 0.0 ms]
      [Code Root Purge: 0.0 ms]
      [Clear CT: 0.9 ms]
      [Other: 1.0 ms]
         [Evacuation Failure: 0.3 ms]
         [Choose CSet: 0.0 ms]
         [Ref Proc: 0.2 ms]
         [Ref Enq: 0.0 ms]
         [Redirty Cards: 0.3 ms]
         [Humongous Register: 0.0 ms]
         [Humongous Reclaim: 0.0 ms]
         [Free CSet: 0.0 ms]
      [Eden: 5120.0K(5120.0K)->0.0B(6144.0K) Survivors: 1024.0K->0.0B Heap: 111.7M(128.0M)->108.4M(128.0M)]
    [Times: user=0.00 sys=0.00, real=0.00 secs] 
   2020-11-01T21:53:23.787+0800: 0.318: [GC concurrent-mark-end, 0.0051884 secs]
   2020-11-01T21:53:23.787+0800: 0.318: [GC remark 2020-11-01T21:53:23.787+0800: 0.318: [Finalize Marking, 0.0003601 secs] 2020-11-01T21:53:23.788+0800: 0.319: [GC ref-proc, 0.0002460 secs] 2020-11-01T21:53:23.788+0800: 0.319: [Unloading, 0.0004968 secs], 0.0017953 secs]
    [Times: user=0.00 sys=0.00, real=0.00 secs] 
   2020-11-01T21:53:23.789+0800: 0.320: [GC cleanup 109M->109M(128M), 0.0014624 secs]
    [Times: user=0.00 sys=0.00, real=0.00 secs] 
   2020-11-01T21:53:23.791+0800: 0.322: [GC pause (G1 Humongous Allocation) (young) (to-space exhausted), 0.0014675 secs]
      [Parallel Time: 0.4 ms, GC Workers: 8]
         [GC Worker Start (ms): Min: 322.4, Avg: 322.5, Max: 322.6, Diff: 0.2]
         [Ext Root Scanning (ms): Min: 0.0, Avg: 0.1, Max: 0.2, Diff: 0.2, Sum: 0.8]
         [Update RS (ms): Min: 0.0, Avg: 0.0, Max: 0.0, Diff: 0.0, Sum: 0.2]
            [Processed Buffers: Min: 0, Avg: 1.4, Max: 2, Diff: 2, Sum: 11]
         [Scan RS (ms): Min: 0.0, Avg: 0.0, Max: 0.0, Diff: 0.0, Sum: 0.0]
         [Code Root Scanning (ms): Min: 0.0, Avg: 0.0, Max: 0.0, Diff: 0.0, Sum: 0.0]
         [Object Copy (ms): Min: 0.0, Avg: 0.0, Max: 0.1, Diff: 0.1, Sum: 0.4]
         [Termination (ms): Min: 0.0, Avg: 0.0, Max: 0.1, Diff: 0.1, Sum: 0.2]
            [Termination Attempts: Min: 1, Avg: 1.0, Max: 1, Diff: 0, Sum: 8]
         [GC Worker Other (ms): Min: 0.0, Avg: 0.0, Max: 0.0, Diff: 0.0, Sum: 0.1]
         [GC Worker Total (ms): Min: 0.1, Avg: 0.2, Max: 0.3, Diff: 0.2, Sum: 1.7]
         [GC Worker End (ms): Min: 322.7, Avg: 322.7, Max: 322.7, Diff: 0.0]
      [Code Root Fixup: 0.0 ms]
      [Code Root Purge: 0.0 ms]
      [Clear CT: 0.2 ms]
      [Other: 0.9 ms]
         [Evacuation Failure: 0.3 ms]
         [Choose CSet: 0.0 ms]
         [Ref Proc: 0.3 ms]
         [Ref Enq: 0.0 ms]
         [Redirty Cards: 0.2 ms]
         [Humongous Register: 0.0 ms]
         [Humongous Reclaim: 0.0 ms]
         [Free CSet: 0.0 ms]
      [Eden: 5120.0K(6144.0K)->0.0B(6144.0K) Survivors: 0.0B->0.0B Heap: 112.9M(128.0M)->112.9M(128.0M)]
    [Times: user=0.00 sys=0.00, real=0.00 secs] 
   2020-11-01T21:53:23.793+0800: 0.324: [Full GC (Allocation Failure)  112M->82M(128M), 0.0148086 secs]
      [Eden: 0.0B(6144.0K)->0.0B(9216.0K) Survivors: 0.0B->0.0B Heap: 112.9M(128.0M)->82.3M(128.0M)], [Metaspace: 2835K->2835K(1056768K)]
    [Times: user=0.01 sys=0.00, real=0.02 secs] 
   2020-11-01T21:53:23.808+0800: 0.339: [GC pause (G1 Humongous Allocation) (young) (initial-mark), 0.0014747 secs]
      [Parallel Time: 0.3 ms, GC Workers: 8]
         [GC Worker Start (ms): Min: 339.2, Avg: 339.2, Max: 339.3, Diff: 0.1]
         [Ext Root Scanning (ms): Min: 0.1, Avg: 0.1, Max: 0.2, Diff: 0.1, Sum: 0.9]
         [Update RS (ms): Min: 0.0, Avg: 0.0, Max: 0.1, Diff: 0.1, Sum: 0.4]
            [Processed Buffers: Min: 0, Avg: 0.8, Max: 1, Diff: 1, Sum: 6]
         [Scan RS (ms): Min: 0.0, Avg: 0.0, Max: 0.0, Diff: 0.0, Sum: 0.0]
         [Code Root Scanning (ms): Min: 0.0, Avg: 0.0, Max: 0.0, Diff: 0.0, Sum: 0.0]
         [Object Copy (ms): Min: 0.0, Avg: 0.0, Max: 0.0, Diff: 0.0, Sum: 0.1]
         [Termination (ms): Min: 0.0, Avg: 0.0, Max: 0.1, Diff: 0.1, Sum: 0.1]
            [Termination Attempts: Min: 1, Avg: 1.1, Max: 2, Diff: 1, Sum: 9]
         [GC Worker Other (ms): Min: 0.0, Avg: 0.0, Max: 0.0, Diff: 0.0, Sum: 0.1]
         [GC Worker Total (ms): Min: 0.1, Avg: 0.2, Max: 0.2, Diff: 0.1, Sum: 1.5]
         [GC Worker End (ms): Min: 339.4, Avg: 339.4, Max: 339.4, Diff: 0.0]
      [Code Root Fixup: 0.0 ms]
      [Code Root Purge: 0.0 ms]
      [Clear CT: 0.5 ms]
      [Other: 0.7 ms]
         [Choose CSet: 0.0 ms]
         [Ref Proc: 0.2 ms]
         [Ref Enq: 0.0 ms]
         [Redirty Cards: 0.3 ms]
         [Humongous Register: 0.0 ms]
         [Humongous Reclaim: 0.0 ms]
         [Free CSet: 0.0 ms]
      [Eden: 1024.0K(9216.0K)->0.0B(9216.0K) Survivors: 0.0B->1024.0K Heap: 83.5M(128.0M)->82.4M(128.0M)]
    [Times: user=0.00 sys=0.00, real=0.00 secs] 
   2020-11-01T21:53:23.810+0800: 0.341: [GC concurrent-root-region-scan-start]
   2020-11-01T21:53:23.810+0800: 0.341: [GC concurrent-root-region-scan-end, 0.0002002 secs]
   2020-11-01T21:53:23.810+0800: 0.341: [GC concurrent-mark-start]
   2020-11-01T21:53:23.811+0800: 0.342: [GC concurrent-mark-end, 0.0010806 secs]
   2020-11-01T21:53:23.811+0800: 0.342: [GC remark 2020-11-01T21:53:23.811+0800: 0.342: [Finalize Marking, 0.0005285 secs] 2020-11-01T21:53:23.812+0800: 0.343: [GC ref-proc, 0.0003237 secs] 2020-11-01T21:53:23.812+0800: 0.343: [Unloading, 0.0006272 secs], 0.0020211 secs]
    [Times: user=0.00 sys=0.00, real=0.00 secs] 
   2020-11-01T21:53:23.814+0800: 0.345: [GC cleanup 89M->89M(128M), 0.0013000 secs]
    [Times: user=0.00 sys=0.00, real=0.00 secs] 
   2020-11-01T21:53:23.816+0800: 0.347: [GC pause (G1 Evacuation Pause) (young), 0.0016580 secs]
      [Parallel Time: 0.9 ms, GC Workers: 8]
         [GC Worker Start (ms): Min: 346.9, Avg: 347.0, Max: 347.1, Diff: 0.2]
         [Ext Root Scanning (ms): Min: 0.0, Avg: 0.1, Max: 0.2, Diff: 0.2, Sum: 0.8]
         [Update RS (ms): Min: 0.1, Avg: 0.2, Max: 0.6, Diff: 0.5, Sum: 1.9]
            [Processed Buffers: Min: 0, Avg: 2.4, Max: 3, Diff: 3, Sum: 19]
         [Scan RS (ms): Min: 0.0, Avg: 0.0, Max: 0.0, Diff: 0.0, Sum: 0.0]
         [Code Root Scanning (ms): Min: 0.0, Avg: 0.0, Max: 0.0, Diff: 0.0, Sum: 0.0]
         [Object Copy (ms): Min: 0.0, Avg: 0.3, Max: 0.4, Diff: 0.4, Sum: 2.7]
         [Termination (ms): Min: 0.0, Avg: 0.0, Max: 0.1, Diff: 0.1, Sum: 0.4]
            [Termination Attempts: Min: 1, Avg: 1.0, Max: 1, Diff: 0, Sum: 8]
         [GC Worker Other (ms): Min: 0.0, Avg: 0.0, Max: 0.0, Diff: 0.0, Sum: 0.1]
         [GC Worker Total (ms): Min: 0.6, Avg: 0.7, Max: 0.8, Diff: 0.2, Sum: 5.8]
         [GC Worker End (ms): Min: 347.7, Avg: 347.7, Max: 347.7, Diff: 0.0]
      [Code Root Fixup: 0.0 ms]
      [Code Root Purge: 0.0 ms]
      [Clear CT: 0.2 ms]
      [Other: 0.6 ms]
         [Choose CSet: 0.0 ms]
         [Ref Proc: 0.2 ms]
         [Ref Enq: 0.0 ms]
         [Redirty Cards: 0.3 ms]
         [Humongous Register: 0.0 ms]
         [Humongous Reclaim: 0.0 ms]
         [Free CSet: 0.0 ms]
      [Eden: 9216.0K(9216.0K)->0.0B(4096.0K) Survivors: 1024.0K->2048.0K Heap: 94.7M(128.0M)->88.2M(128.0M)]
    [Times: user=0.00 sys=0.00, real=0.00 secs] 
   2020-11-01T21:53:23.818+0800: 0.349: [GC pause (G1 Humongous Allocation) (young) (initial-mark), 0.0017924 secs]
      [Parallel Time: 0.4 ms, GC Workers: 8]
         [GC Worker Start (ms): Min: 348.9, Avg: 349.0, Max: 349.1, Diff: 0.2]
         [Ext Root Scanning (ms): Min: 0.0, Avg: 0.2, Max: 0.3, Diff: 0.3, Sum: 1.3]
         [Update RS (ms): Min: 0.0, Avg: 0.0, Max: 0.0, Diff: 0.0, Sum: 0.1]
            [Processed Buffers: Min: 0, Avg: 1.0, Max: 4, Diff: 4, Sum: 8]
         [Scan RS (ms): Min: 0.0, Avg: 0.0, Max: 0.0, Diff: 0.0, Sum: 0.0]
         [Code Root Scanning (ms): Min: 0.0, Avg: 0.0, Max: 0.0, Diff: 0.0, Sum: 0.0]
         [Object Copy (ms): Min: 0.0, Avg: 0.1, Max: 0.2, Diff: 0.2, Sum: 1.0]
         [Termination (ms): Min: 0.0, Avg: 0.0, Max: 0.1, Diff: 0.1, Sum: 0.2]
            [Termination Attempts: Min: 1, Avg: 1.0, Max: 1, Diff: 0, Sum: 8]
         [GC Worker Other (ms): Min: 0.0, Avg: 0.0, Max: 0.0, Diff: 0.0, Sum: 0.0]
         [GC Worker Total (ms): Min: 0.2, Avg: 0.3, Max: 0.4, Diff: 0.2, Sum: 2.6]
         [GC Worker End (ms): Min: 349.3, Avg: 349.3, Max: 349.3, Diff: 0.0]
      [Code Root Fixup: 0.0 ms]
      [Code Root Purge: 0.0 ms]
      [Clear CT: 0.4 ms]
      [Other: 0.9 ms]
         [Choose CSet: 0.0 ms]
         [Ref Proc: 0.4 ms]
         [Ref Enq: 0.0 ms]
         [Redirty Cards: 0.5 ms]
         [Humongous Register: 0.0 ms]
         [Humongous Reclaim: 0.0 ms]
         [Free CSet: 0.0 ms]
      [Eden: 1024.0K(4096.0K)->0.0B(6144.0K) Survivors: 2048.0K->0.0B Heap: 88.5M(128.0M)->87.9M(128.0M)]
    [Times: user=0.00 sys=0.00, real=0.00 secs] 
   2020-11-01T21:53:23.820+0800: 0.351: [GC concurrent-root-region-scan-start]
   2020-11-01T21:53:23.820+0800: 0.351: [GC concurrent-root-region-scan-end, 0.0000078 secs]
   2020-11-01T21:53:23.820+0800: 0.351: [GC concurrent-mark-start]
   2020-11-01T21:53:23.821+0800: 0.352: [GC concurrent-mark-end, 0.0011211 secs]
   2020-11-01T21:53:23.821+0800: 0.352: [GC remark 2020-11-01T21:53:23.821+0800: 0.352: [Finalize Marking, 0.0003737 secs] 2020-11-01T21:53:23.822+0800: 0.352: [GC ref-proc, 0.0003136 secs] 2020-11-01T21:53:23.822+0800: 0.353: [Unloading, 0.0006751 secs], 0.0019427 secs]
    [Times: user=0.00 sys=0.00, real=0.00 secs] 
   2020-11-01T21:53:23.823+0800: 0.354: [GC pause (G1 Evacuation Pause) (young), 0.0016393 secs]
      [Parallel Time: 0.5 ms, GC Workers: 8]
         [GC Worker Start (ms): Min: 354.2, Avg: 354.3, Max: 354.3, Diff: 0.1]
         [Ext Root Scanning (ms): Min: 0.0, Avg: 0.1, Max: 0.1, Diff: 0.1, Sum: 0.7]
         [Update RS (ms): Min: 0.2, Avg: 0.2, Max: 0.2, Diff: 0.1, Sum: 1.6]
            [Processed Buffers: Min: 0, Avg: 2.5, Max: 3, Diff: 3, Sum: 20]
         [Scan RS (ms): Min: 0.0, Avg: 0.0, Max: 0.0, Diff: 0.0, Sum: 0.0]
         [Code Root Scanning (ms): Min: 0.0, Avg: 0.0, Max: 0.0, Diff: 0.0, Sum: 0.0]
         [Object Copy (ms): Min: 0.0, Avg: 0.1, Max: 0.2, Diff: 0.2, Sum: 0.7]
         [Termination (ms): Min: 0.0, Avg: 0.1, Max: 0.1, Diff: 0.1, Sum: 0.5]
            [Termination Attempts: Min: 1, Avg: 1.3, Max: 2, Diff: 1, Sum: 10]
         [GC Worker Other (ms): Min: 0.0, Avg: 0.0, Max: 0.0, Diff: 0.0, Sum: 0.1]
         [GC Worker Total (ms): Min: 0.4, Avg: 0.4, Max: 0.5, Diff: 0.1, Sum: 3.5]
         [GC Worker End (ms): Min: 354.7, Avg: 354.7, Max: 354.7, Diff: 0.0]
      [Code Root Fixup: 0.0 ms]
      [Code Root Purge: 0.0 ms]
      [Clear CT: 0.4 ms]
      [Other: 0.7 ms]
         [Choose CSet: 0.0 ms]
         [Ref Proc: 0.3 ms]
         [Ref Enq: 0.0 ms]
         [Redirty Cards: 0.4 ms]
         [Humongous Register: 0.0 ms]
         [Humongous Reclaim: 0.0 ms]
         [Free CSet: 0.0 ms]
      [Eden: 6144.0K(6144.0K)->0.0B(5120.0K) Survivors: 0.0B->1024.0K Heap: 96.5M(128.0M)->90.4M(128.0M)]
    [Times: user=0.00 sys=0.00, real=0.00 secs] 
   2020-11-01T21:53:23.825+0800: 0.356: [GC cleanup 90M->90M(128M), 0.0008028 secs]
    [Times: user=0.00 sys=0.00, real=0.00 secs] 
   2020-11-01T21:53:23.827+0800: 0.358: [GC pause (G1 Evacuation Pause) (young), 0.0013756 secs]
      [Parallel Time: 0.5 ms, GC Workers: 8]
         [GC Worker Start (ms): Min: 358.4, Avg: 358.5, Max: 358.6, Diff: 0.1]
         [Ext Root Scanning (ms): Min: 0.0, Avg: 0.1, Max: 0.1, Diff: 0.1, Sum: 0.8]
         [Update RS (ms): Min: 0.1, Avg: 0.1, Max: 0.3, Diff: 0.2, Sum: 1.1]
            [Processed Buffers: Min: 0, Avg: 2.4, Max: 3, Diff: 3, Sum: 19]
         [Scan RS (ms): Min: 0.0, Avg: 0.0, Max: 0.0, Diff: 0.0, Sum: 0.0]
         [Code Root Scanning (ms): Min: 0.0, Avg: 0.0, Max: 0.0, Diff: 0.0, Sum: 0.0]
         [Object Copy (ms): Min: 0.0, Avg: 0.2, Max: 0.2, Diff: 0.2, Sum: 1.3]
         [Termination (ms): Min: 0.0, Avg: 0.0, Max: 0.1, Diff: 0.1, Sum: 0.3]
            [Termination Attempts: Min: 1, Avg: 1.0, Max: 1, Diff: 0, Sum: 8]
         [GC Worker Other (ms): Min: 0.0, Avg: 0.0, Max: 0.0, Diff: 0.0, Sum: 0.1]
         [GC Worker Total (ms): Min: 0.4, Avg: 0.4, Max: 0.5, Diff: 0.1, Sum: 3.5]
         [GC Worker End (ms): Min: 358.9, Avg: 358.9, Max: 358.9, Diff: 0.0]
      [Code Root Fixup: 0.0 ms]
      [Code Root Purge: 0.0 ms]
      [Clear CT: 0.2 ms]
      [Other: 0.6 ms]
         [Choose CSet: 0.0 ms]
         [Ref Proc: 0.2 ms]
         [Ref Enq: 0.0 ms]
         [Redirty Cards: 0.2 ms]
         [Humongous Register: 0.1 ms]
         [Humongous Reclaim: 0.0 ms]
         [Free CSet: 0.0 ms]
      [Eden: 5120.0K(5120.0K)->0.0B(5120.0K) Survivors: 1024.0K->1024.0K Heap: 96.7M(128.0M)->92.9M(128.0M)]
    [Times: user=0.00 sys=0.00, real=0.00 secs] 
   2020-11-01T21:53:23.829+0800: 0.360: [GC pause (G1 Humongous Allocation) (young) (initial-mark), 0.0012431 secs]
      [Parallel Time: 0.4 ms, GC Workers: 8]
         [GC Worker Start (ms): Min: 360.3, Avg: 360.3, Max: 360.4, Diff: 0.1]
         [Ext Root Scanning (ms): Min: 0.1, Avg: 0.1, Max: 0.2, Diff: 0.1, Sum: 0.9]
         [Update RS (ms): Min: 0.0, Avg: 0.0, Max: 0.0, Diff: 0.0, Sum: 0.1]
            [Processed Buffers: Min: 1, Avg: 1.0, Max: 1, Diff: 0, Sum: 8]
         [Scan RS (ms): Min: 0.0, Avg: 0.0, Max: 0.0, Diff: 0.0, Sum: 0.0]
         [Code Root Scanning (ms): Min: 0.0, Avg: 0.0, Max: 0.0, Diff: 0.0, Sum: 0.0]
         [Object Copy (ms): Min: 0.0, Avg: 0.1, Max: 0.1, Diff: 0.1, Sum: 0.7]
         [Termination (ms): Min: 0.0, Avg: 0.1, Max: 0.1, Diff: 0.1, Sum: 0.4]
            [Termination Attempts: Min: 1, Avg: 1.0, Max: 1, Diff: 0, Sum: 8]
         [GC Worker Other (ms): Min: 0.0, Avg: 0.0, Max: 0.0, Diff: 0.0, Sum: 0.0]
         [GC Worker Total (ms): Min: 0.2, Avg: 0.3, Max: 0.3, Diff: 0.1, Sum: 2.2]
         [GC Worker End (ms): Min: 360.6, Avg: 360.6, Max: 360.6, Diff: 0.0]
      [Code Root Fixup: 0.0 ms]
      [Code Root Purge: 0.0 ms]
      [Clear CT: 0.2 ms]
      [Other: 0.6 ms]
         [Choose CSet: 0.0 ms]
         [Ref Proc: 0.3 ms]
         [Ref Enq: 0.0 ms]
         [Redirty Cards: 0.2 ms]
         [Humongous Register: 0.0 ms]
         [Humongous Reclaim: 0.0 ms]
         [Free CSet: 0.0 ms]
      [Eden: 2048.0K(5120.0K)->0.0B(5120.0K) Survivors: 1024.0K->1024.0K Heap: 94.4M(128.0M)->93.1M(128.0M)]
    [Times: user=0.00 sys=0.00, real=0.00 secs] 
   2020-11-01T21:53:23.831+0800: 0.362: [GC concurrent-root-region-scan-start]
   2020-11-01T21:53:23.831+0800: 0.362: [GC concurrent-root-region-scan-end, 0.0001189 secs]
   2020-11-01T21:53:23.831+0800: 0.362: [GC concurrent-mark-start]
   2020-11-01T21:53:23.832+0800: 0.363: [GC pause (G1 Evacuation Pause) (young) (to-space exhausted), 0.0016387 secs]
      [Parallel Time: 0.4 ms, GC Workers: 8]
         [GC Worker Start (ms): Min: 363.2, Avg: 363.2, Max: 363.3, Diff: 0.1]
         [Ext Root Scanning (ms): Min: 0.1, Avg: 0.1, Max: 0.1, Diff: 0.1, Sum: 0.9]
         [Update RS (ms): Min: 0.2, Avg: 0.2, Max: 0.2, Diff: 0.0, Sum: 1.6]
            [Processed Buffers: Min: 2, Avg: 2.9, Max: 3, Diff: 1, Sum: 23]
         [Scan RS (ms): Min: 0.0, Avg: 0.0, Max: 0.0, Diff: 0.0, Sum: 0.0]
         [Code Root Scanning (ms): Min: 0.0, Avg: 0.0, Max: 0.0, Diff: 0.0, Sum: 0.0]
         [Object Copy (ms): Min: 0.0, Avg: 0.0, Max: 0.0, Diff: 0.0, Sum: 0.1]
         [Termination (ms): Min: 0.0, Avg: 0.0, Max: 0.0, Diff: 0.0, Sum: 0.2]
            [Termination Attempts: Min: 1, Avg: 1.3, Max: 2, Diff: 1, Sum: 10]
         [GC Worker Other (ms): Min: 0.0, Avg: 0.0, Max: 0.0, Diff: 0.0, Sum: 0.1]
         [GC Worker Total (ms): Min: 0.3, Avg: 0.4, Max: 0.4, Diff: 0.1, Sum: 2.8]
         [GC Worker End (ms): Min: 363.6, Avg: 363.6, Max: 363.6, Diff: 0.0]
      [Code Root Fixup: 0.0 ms]
      [Code Root Purge: 0.0 ms]
      [Clear CT: 0.2 ms]
      [Other: 1.0 ms]
         [Evacuation Failure: 0.3 ms]
         [Choose CSet: 0.0 ms]
         [Ref Proc: 0.2 ms]
         [Ref Enq: 0.0 ms]
         [Redirty Cards: 0.4 ms]
         [Humongous Register: 0.1 ms]
         [Humongous Reclaim: 0.0 ms]
         [Free CSet: 0.0 ms]
      [Eden: 5120.0K(5120.0K)->0.0B(6144.0K) Survivors: 1024.0K->0.0B Heap: 101.6M(128.0M)->99.0M(128.0M)]
    [Times: user=0.00 sys=0.00, real=0.00 secs] 
   2020-11-01T21:53:23.834+0800: 0.365: [GC concurrent-mark-end, 0.0032647 secs]
   2020-11-01T21:53:23.834+0800: 0.365: [GC remark 2020-11-01T21:53:23.834+0800: 0.365: [Finalize Marking, 0.0001883 secs] 2020-11-01T21:53:23.835+0800: 0.365: [GC ref-proc, 0.0004013 secs] 2020-11-01T21:53:23.835+0800: 0.366: [Unloading, 0.0005612 secs], 0.0015882 secs]
    [Times: user=0.00 sys=0.00, real=0.00 secs] 
   2020-11-01T21:53:23.836+0800: 0.367: [GC cleanup 99M->99M(128M), 0.0009193 secs]
    [Times: user=0.00 sys=0.00, real=0.00 secs] 
   2020-11-01T21:53:23.838+0800: 0.369: [GC pause (G1 Evacuation Pause) (young) (to-space exhausted), 0.0022738 secs]
      [Parallel Time: 0.5 ms, GC Workers: 8]
         [GC Worker Start (ms): Min: 368.8, Avg: 368.9, Max: 369.0, Diff: 0.2]
         [Ext Root Scanning (ms): Min: 0.0, Avg: 0.1, Max: 0.2, Diff: 0.2, Sum: 0.9]
         [Update RS (ms): Min: 0.0, Avg: 0.1, Max: 0.1, Diff: 0.0, Sum: 0.5]
            [Processed Buffers: Min: 1, Avg: 1.8, Max: 2, Diff: 1, Sum: 14]
         [Scan RS (ms): Min: 0.0, Avg: 0.0, Max: 0.0, Diff: 0.0, Sum: 0.0]
         [Code Root Scanning (ms): Min: 0.0, Avg: 0.0, Max: 0.0, Diff: 0.0, Sum: 0.0]
         [Object Copy (ms): Min: 0.0, Avg: 0.0, Max: 0.0, Diff: 0.0, Sum: 0.1]
         [Termination (ms): Min: 0.0, Avg: 0.0, Max: 0.0, Diff: 0.0, Sum: 0.1]
            [Termination Attempts: Min: 1, Avg: 1.0, Max: 1, Diff: 0, Sum: 8]
         [GC Worker Other (ms): Min: 0.0, Avg: 0.0, Max: 0.0, Diff: 0.0, Sum: 0.0]
         [GC Worker Total (ms): Min: 0.1, Avg: 0.2, Max: 0.3, Diff: 0.2, Sum: 1.7]
         [GC Worker End (ms): Min: 369.1, Avg: 369.1, Max: 369.1, Diff: 0.0]
      [Code Root Fixup: 0.0 ms]
      [Code Root Purge: 0.0 ms]
      [Clear CT: 0.5 ms]
      [Other: 1.3 ms]
         [Evacuation Failure: 0.5 ms]
         [Choose CSet: 0.0 ms]
         [Ref Proc: 0.3 ms]
         [Ref Enq: 0.0 ms]
         [Redirty Cards: 0.4 ms]
         [Humongous Register: 0.0 ms]
         [Humongous Reclaim: 0.0 ms]
         [Free CSet: 0.0 ms]
      [Eden: 3072.0K(6144.0K)->0.0B(6144.0K) Survivors: 0.0B->0.0B Heap: 102.5M(128.0M)->102.0M(128.0M)]
    [Times: user=0.00 sys=0.00, real=0.00 secs] 
   2020-11-01T21:53:23.841+0800: 0.371: [GC pause (G1 Evacuation Pause) (mixed) (to-space exhausted), 0.0021512 secs]
      [Parallel Time: 0.6 ms, GC Workers: 8]
         [GC Worker Start (ms): Min: 371.5, Avg: 371.5, Max: 371.6, Diff: 0.2]
         [Ext Root Scanning (ms): Min: 0.0, Avg: 0.1, Max: 0.1, Diff: 0.1, Sum: 0.8]
         [Update RS (ms): Min: 0.0, Avg: 0.0, Max: 0.0, Diff: 0.0, Sum: 0.1]
            [Processed Buffers: Min: 1, Avg: 1.4, Max: 2, Diff: 1, Sum: 11]
         [Scan RS (ms): Min: 0.0, Avg: 0.0, Max: 0.0, Diff: 0.0, Sum: 0.0]
         [Code Root Scanning (ms): Min: 0.0, Avg: 0.0, Max: 0.0, Diff: 0.0, Sum: 0.0]
         [Object Copy (ms): Min: 0.0, Avg: 0.0, Max: 0.1, Diff: 0.1, Sum: 0.3]
         [Termination (ms): Min: 0.0, Avg: 0.0, Max: 0.1, Diff: 0.1, Sum: 0.3]
            [Termination Attempts: Min: 1, Avg: 1.0, Max: 1, Diff: 0, Sum: 8]
         [GC Worker Other (ms): Min: 0.0, Avg: 0.0, Max: 0.0, Diff: 0.0, Sum: 0.1]
         [GC Worker Total (ms): Min: 0.1, Avg: 0.2, Max: 0.2, Diff: 0.2, Sum: 1.5]
         [GC Worker End (ms): Min: 371.7, Avg: 371.7, Max: 371.7, Diff: 0.0]
      [Code Root Fixup: 0.0 ms]
      [Code Root Purge: 0.0 ms]
      [Clear CT: 0.4 ms]
      [Other: 1.2 ms]
         [Evacuation Failure: 0.5 ms]
         [Choose CSet: 0.0 ms]
         [Ref Proc: 0.3 ms]
         [Ref Enq: 0.0 ms]
         [Redirty Cards: 0.3 ms]
         [Humongous Register: 0.0 ms]
         [Humongous Reclaim: 0.0 ms]
         [Free CSet: 0.0 ms]
      [Eden: 1024.0K(6144.0K)->0.0B(6144.0K) Survivors: 0.0B->0.0B Heap: 103.0M(128.0M)->103.0M(128.0M)]
    [Times: user=0.00 sys=0.00, real=0.00 secs] 
   2020-11-01T21:53:23.843+0800: 0.374: [Full GC (Allocation Failure)  103M->94M(128M), 0.0179827 secs]
      [Eden: 0.0B(6144.0K)->0.0B(6144.0K) Survivors: 0.0B->0.0B Heap: 103.0M(128.0M)->94.9M(128.0M)], [Metaspace: 2835K->2835K(1056768K)]
    [Times: user=0.02 sys=0.00, real=0.02 secs] 
   2020-11-01T21:53:23.861+0800: 0.392: [GC pause (G1 Humongous Allocation) (young) (initial-mark), 0.0021444 secs]
      [Parallel Time: 0.8 ms, GC Workers: 8]
         [GC Worker Start (ms): Min: 392.4, Avg: 392.5, Max: 392.6, Diff: 0.2]
         [Ext Root Scanning (ms): Min: 0.0, Avg: 0.2, Max: 0.2, Diff: 0.2, Sum: 1.3]
         [Update RS (ms): Min: 0.0, Avg: 0.0, Max: 0.0, Diff: 0.0, Sum: 0.1]
            [Processed Buffers: Min: 0, Avg: 0.3, Max: 1, Diff: 1, Sum: 2]
         [Scan RS (ms): Min: 0.0, Avg: 0.0, Max: 0.0, Diff: 0.0, Sum: 0.0]
         [Code Root Scanning (ms): Min: 0.0, Avg: 0.0, Max: 0.0, Diff: 0.0, Sum: 0.0]
         [Object Copy (ms): Min: 0.0, Avg: 0.1, Max: 0.1, Diff: 0.1, Sum: 0.5]
         [Termination (ms): Min: 0.0, Avg: 0.0, Max: 0.1, Diff: 0.1, Sum: 0.3]
            [Termination Attempts: Min: 1, Avg: 1.0, Max: 1, Diff: 0, Sum: 8]
         [GC Worker Other (ms): Min: 0.0, Avg: 0.0, Max: 0.0, Diff: 0.0, Sum: 0.1]
         [GC Worker Total (ms): Min: 0.2, Avg: 0.3, Max: 0.3, Diff: 0.2, Sum: 2.3]
         [GC Worker End (ms): Min: 392.8, Avg: 392.8, Max: 392.8, Diff: 0.0]
      [Code Root Fixup: 0.0 ms]
      [Code Root Purge: 0.0 ms]
      [Clear CT: 0.3 ms]
      [Other: 1.0 ms]
         [Choose CSet: 0.0 ms]
         [Ref Proc: 0.5 ms]
         [Ref Enq: 0.0 ms]
         [Redirty Cards: 0.5 ms]
         [Humongous Register: 0.0 ms]
         [Humongous Reclaim: 0.0 ms]
         [Free CSet: 0.0 ms]
      [Eden: 4096.0K(6144.0K)->0.0B(5120.0K) Survivors: 0.0B->1024.0K Heap: 98.6M(128.0M)->96.2M(128.0M)]
    [Times: user=0.01 sys=0.00, real=0.00 secs] 
   2020-11-01T21:53:23.864+0800: 0.395: [GC concurrent-root-region-scan-start]
   2020-11-01T21:53:23.864+0800: 0.395: [GC concurrent-root-region-scan-end, 0.0001150 secs]
   2020-11-01T21:53:23.864+0800: 0.395: [GC concurrent-mark-start]
   2020-11-01T21:53:23.865+0800: 0.396: [GC pause (G1 Humongous Allocation) (young) (to-space exhausted), 0.0020458 secs]
      [Parallel Time: 0.4 ms, GC Workers: 8]
         [GC Worker Start (ms): Min: 395.7, Avg: 395.9, Max: 396.0, Diff: 0.3]
         [Ext Root Scanning (ms): Min: 0.0, Avg: 0.1, Max: 0.2, Diff: 0.2, Sum: 0.5]
         [Update RS (ms): Min: 0.0, Avg: 0.0, Max: 0.1, Diff: 0.1, Sum: 0.4]
            [Processed Buffers: Min: 0, Avg: 1.5, Max: 3, Diff: 3, Sum: 12]
         [Scan RS (ms): Min: 0.0, Avg: 0.0, Max: 0.0, Diff: 0.0, Sum: 0.0]
         [Code Root Scanning (ms): Min: 0.0, Avg: 0.0, Max: 0.0, Diff: 0.0, Sum: 0.0]
         [Object Copy (ms): Min: 0.0, Avg: 0.0, Max: 0.1, Diff: 0.1, Sum: 0.3]
         [Termination (ms): Min: 0.0, Avg: 0.0, Max: 0.1, Diff: 0.1, Sum: 0.2]
            [Termination Attempts: Min: 1, Avg: 1.0, Max: 1, Diff: 0, Sum: 8]
         [GC Worker Other (ms): Min: 0.0, Avg: 0.0, Max: 0.0, Diff: 0.0, Sum: 0.0]
         [GC Worker Total (ms): Min: 0.1, Avg: 0.2, Max: 0.3, Diff: 0.3, Sum: 1.4]
         [GC Worker End (ms): Min: 396.1, Avg: 396.1, Max: 396.1, Diff: 0.0]
      [Code Root Fixup: 0.0 ms]
      [Code Root Purge: 0.0 ms]
      [Clear CT: 0.4 ms]
      [Other: 1.3 ms]
         [Evacuation Failure: 0.2 ms]
         [Choose CSet: 0.0 ms]
         [Ref Proc: 0.5 ms]
         [Ref Enq: 0.0 ms]
         [Redirty Cards: 0.4 ms]
         [Humongous Register: 0.0 ms]
         [Humongous Reclaim: 0.0 ms]
         [Free CSet: 0.0 ms]
      [Eden: 3072.0K(5120.0K)->0.0B(6144.0K) Survivors: 1024.0K->0.0B Heap: 99.4M(128.0M)->99.6M(128.0M)]
    [Times: user=0.00 sys=0.00, real=0.00 secs] 
   2020-11-01T21:53:23.867+0800: 0.398: [GC pause (G1 Evacuation Pause) (young), 0.0020091 secs]
      [Parallel Time: 0.4 ms, GC Workers: 8]
         [GC Worker Start (ms): Min: 398.3, Avg: 398.4, Max: 398.5, Diff: 0.2]
         [Ext Root Scanning (ms): Min: 0.0, Avg: 0.1, Max: 0.2, Diff: 0.2, Sum: 0.9]
         [Update RS (ms): Min: 0.0, Avg: 0.1, Max: 0.1, Diff: 0.1, Sum: 0.5]
            [Processed Buffers: Min: 0, Avg: 1.9, Max: 4, Diff: 4, Sum: 15]
         [Scan RS (ms): Min: 0.0, Avg: 0.0, Max: 0.0, Diff: 0.0, Sum: 0.0]
         [Code Root Scanning (ms): Min: 0.0, Avg: 0.0, Max: 0.0, Diff: 0.0, Sum: 0.0]
         [Object Copy (ms): Min: 0.0, Avg: 0.0, Max: 0.0, Diff: 0.0, Sum: 0.0]
         [Termination (ms): Min: 0.0, Avg: 0.0, Max: 0.1, Diff: 0.1, Sum: 0.2]
            [Termination Attempts: Min: 1, Avg: 1.0, Max: 1, Diff: 0, Sum: 8]
         [GC Worker Other (ms): Min: 0.0, Avg: 0.0, Max: 0.0, Diff: 0.0, Sum: 0.0]
         [GC Worker Total (ms): Min: 0.1, Avg: 0.2, Max: 0.3, Diff: 0.2, Sum: 1.6]
         [GC Worker End (ms): Min: 398.6, Avg: 398.6, Max: 398.6, Diff: 0.0]
      [Code Root Fixup: 0.0 ms]
      [Code Root Purge: 0.0 ms]
      [Clear CT: 0.6 ms]
      [Other: 1.0 ms]
         [Choose CSet: 0.0 ms]
         [Ref Proc: 0.3 ms]
         [Ref Enq: 0.0 ms]
         [Redirty Cards: 0.6 ms]
         [Humongous Register: 0.0 ms]
         [Humongous Reclaim: 0.0 ms]
         [Free CSet: 0.0 ms]
      [Eden: 0.0B(6144.0K)->0.0B(6144.0K) Survivors: 0.0B->0.0B Heap: 100.2M(128.0M)->100.2M(128.0M)]
    [Times: user=0.00 sys=0.00, real=0.00 secs] 
   2020-11-01T21:53:23.870+0800: 0.400: [GC pause (G1 Evacuation Pause) (young), 0.0011651 secs]
      [Parallel Time: 0.3 ms, GC Workers: 8]
         [GC Worker Start (ms): Min: 400.6, Avg: 400.6, Max: 400.7, Diff: 0.1]
         [Ext Root Scanning (ms): Min: 0.1, Avg: 0.1, Max: 0.1, Diff: 0.1, Sum: 0.8]
         [Update RS (ms): Min: 0.0, Avg: 0.0, Max: 0.1, Diff: 0.1, Sum: 0.1]
            [Processed Buffers: Min: 0, Avg: 0.3, Max: 1, Diff: 1, Sum: 2]
         [Scan RS (ms): Min: 0.0, Avg: 0.0, Max: 0.0, Diff: 0.0, Sum: 0.0]
         [Code Root Scanning (ms): Min: 0.0, Avg: 0.0, Max: 0.0, Diff: 0.0, Sum: 0.0]
         [Object Copy (ms): Min: 0.0, Avg: 0.0, Max: 0.0, Diff: 0.0, Sum: 0.0]
         [Termination (ms): Min: 0.0, Avg: 0.1, Max: 0.1, Diff: 0.1, Sum: 0.4]
            [Termination Attempts: Min: 1, Avg: 1.0, Max: 1, Diff: 0, Sum: 8]
         [GC Worker Other (ms): Min: 0.0, Avg: 0.0, Max: 0.0, Diff: 0.0, Sum: 0.0]
         [GC Worker Total (ms): Min: 0.1, Avg: 0.2, Max: 0.2, Diff: 0.1, Sum: 1.4]
         [GC Worker End (ms): Min: 400.8, Avg: 400.8, Max: 400.8, Diff: 0.0]
      [Code Root Fixup: 0.0 ms]
      [Code Root Purge: 0.0 ms]
      [Clear CT: 0.3 ms]
      [Other: 0.6 ms]
         [Choose CSet: 0.0 ms]
         [Ref Proc: 0.2 ms]
         [Ref Enq: 0.0 ms]
         [Redirty Cards: 0.3 ms]
         [Humongous Register: 0.1 ms]
         [Humongous Reclaim: 0.0 ms]
         [Free CSet: 0.0 ms]
      [Eden: 0.0B(6144.0K)->0.0B(6144.0K) Survivors: 0.0B->0.0B Heap: 100.2M(128.0M)->100.2M(128.0M)]
    [Times: user=0.00 sys=0.00, real=0.00 secs] 
   2020-11-01T21:53:23.871+0800: 0.402: [Full GC (Allocation Failure)  100M->96M(128M), 0.0058807 secs]
      [Eden: 0.0B(6144.0K)->0.0B(6144.0K) Survivors: 0.0B->0.0B Heap: 100.2M(128.0M)->96.3M(128.0M)], [Metaspace: 2835K->2835K(1056768K)]
    [Times: user=0.02 sys=0.00, real=0.01 secs] 
   2020-11-01T21:53:23.877+0800: 0.408: [GC concurrent-mark-abort]
   2020-11-01T21:53:23.879+0800: 0.409: [GC pause (G1 Evacuation Pause) (young) (to-space exhausted), 0.0020671 secs]
      [Parallel Time: 0.5 ms, GC Workers: 8]
         [GC Worker Start (ms): Min: 409.5, Avg: 409.6, Max: 409.6, Diff: 0.1]
         [Ext Root Scanning (ms): Min: 0.1, Avg: 0.1, Max: 0.2, Diff: 0.1, Sum: 1.0]
         [Update RS (ms): Min: 0.0, Avg: 0.0, Max: 0.1, Diff: 0.1, Sum: 0.1]
            [Processed Buffers: Min: 0, Avg: 0.3, Max: 1, Diff: 1, Sum: 2]
         [Scan RS (ms): Min: 0.0, Avg: 0.0, Max: 0.0, Diff: 0.0, Sum: 0.0]
         [Code Root Scanning (ms): Min: 0.0, Avg: 0.0, Max: 0.0, Diff: 0.0, Sum: 0.0]
         [Object Copy (ms): Min: 0.0, Avg: 0.0, Max: 0.0, Diff: 0.0, Sum: 0.1]
         [Termination (ms): Min: 0.0, Avg: 0.0, Max: 0.1, Diff: 0.1, Sum: 0.3]
            [Termination Attempts: Min: 1, Avg: 2.4, Max: 6, Diff: 5, Sum: 19]
         [GC Worker Other (ms): Min: 0.0, Avg: 0.0, Max: 0.0, Diff: 0.0, Sum: 0.1]
         [GC Worker Total (ms): Min: 0.1, Avg: 0.2, Max: 0.2, Diff: 0.1, Sum: 1.5]
         [GC Worker End (ms): Min: 409.8, Avg: 409.8, Max: 409.8, Diff: 0.0]
      [Code Root Fixup: 0.0 ms]
      [Code Root Purge: 0.0 ms]
      [Clear CT: 0.4 ms]
      [Other: 1.2 ms]
         [Evacuation Failure: 0.2 ms]
         [Choose CSet: 0.0 ms]
         [Ref Proc: 0.3 ms]
         [Ref Enq: 0.0 ms]
         [Redirty Cards: 0.5 ms]
         [Humongous Register: 0.1 ms]
         [Humongous Reclaim: 0.0 ms]
         [Free CSet: 0.0 ms]
      [Eden: 5120.0K(6144.0K)->0.0B(6144.0K) Survivors: 0.0B->0.0B Heap: 101.3M(128.0M)->101.3M(128.0M)]
    [Times: user=0.00 sys=0.00, real=0.00 secs] 
   2020-11-01T21:53:23.881+0800: 0.412: [Full GC (Allocation Failure)  101M->97M(128M), 0.0036749 secs]
      [Eden: 0.0B(6144.0K)->0.0B(6144.0K) Survivors: 0.0B->0.0B Heap: 101.3M(128.0M)->97.3M(128.0M)], [Metaspace: 2835K->2835K(1056768K)]
    [Times: user=0.00 sys=0.00, real=0.00 secs] 
   2020-11-01T21:53:23.885+0800: 0.416: [GC pause (G1 Humongous Allocation) (young) (initial-mark), 0.0014973 secs]
      [Parallel Time: 0.6 ms, GC Workers: 8]
         [GC Worker Start (ms): Min: 415.6, Avg: 415.7, Max: 415.8, Diff: 0.2]
         [Ext Root Scanning (ms): Min: 0.0, Avg: 0.2, Max: 0.3, Diff: 0.3, Sum: 1.2]
         [Update RS (ms): Min: 0.0, Avg: 0.0, Max: 0.1, Diff: 0.1, Sum: 0.1]
            [Processed Buffers: Min: 0, Avg: 0.3, Max: 1, Diff: 1, Sum: 2]
         [Scan RS (ms): Min: 0.0, Avg: 0.0, Max: 0.0, Diff: 0.0, Sum: 0.0]
         [Code Root Scanning (ms): Min: 0.0, Avg: 0.0, Max: 0.0, Diff: 0.0, Sum: 0.0]
         [Object Copy (ms): Min: 0.0, Avg: 0.0, Max: 0.0, Diff: 0.0, Sum: 0.1]
         [Termination (ms): Min: 0.0, Avg: 0.0, Max: 0.1, Diff: 0.1, Sum: 0.3]
            [Termination Attempts: Min: 1, Avg: 1.0, Max: 1, Diff: 0, Sum: 8]
         [GC Worker Other (ms): Min: 0.0, Avg: 0.0, Max: 0.0, Diff: 0.0, Sum: 0.1]
         [GC Worker Total (ms): Min: 0.1, Avg: 0.2, Max: 0.3, Diff: 0.2, Sum: 1.7]
         [GC Worker End (ms): Min: 415.9, Avg: 415.9, Max: 415.9, Diff: 0.0]
      [Code Root Fixup: 0.0 ms]
      [Code Root Purge: 0.0 ms]
      [Clear CT: 0.3 ms]
      [Other: 0.6 ms]
         [Choose CSet: 0.0 ms]
         [Ref Proc: 0.3 ms]
         [Ref Enq: 0.0 ms]
         [Redirty Cards: 0.2 ms]
         [Humongous Register: 0.0 ms]
         [Humongous Reclaim: 0.0 ms]
         [Free CSet: 0.0 ms]
      [Eden: 1024.0K(6144.0K)->0.0B(5120.0K) Survivors: 0.0B->1024.0K Heap: 97.7M(128.0M)->97.6M(128.0M)]
    [Times: user=0.00 sys=0.00, real=0.00 secs] 
   2020-11-01T21:53:23.886+0800: 0.417: [GC concurrent-root-region-scan-start]
   2020-11-01T21:53:23.886+0800: 0.417: [GC concurrent-root-region-scan-end, 0.0000989 secs]
   2020-11-01T21:53:23.886+0800: 0.417: [GC concurrent-mark-start]
   2020-11-01T21:53:23.887+0800: 0.418: [GC pause (G1 Evacuation Pause) (young) (to-space exhausted), 0.0014281 secs]
      [Parallel Time: 0.4 ms, GC Workers: 8]
         [GC Worker Start (ms): Min: 417.6, Avg: 417.7, Max: 417.9, Diff: 0.3]
         [Ext Root Scanning (ms): Min: 0.0, Avg: 0.1, Max: 0.2, Diff: 0.2, Sum: 0.6]
         [Update RS (ms): Min: 0.0, Avg: 0.1, Max: 0.1, Diff: 0.1, Sum: 0.5]
            [Processed Buffers: Min: 0, Avg: 1.3, Max: 3, Diff: 3, Sum: 10]
         [Scan RS (ms): Min: 0.0, Avg: 0.0, Max: 0.0, Diff: 0.0, Sum: 0.0]
         [Code Root Scanning (ms): Min: 0.0, Avg: 0.0, Max: 0.0, Diff: 0.0, Sum: 0.0]
         [Object Copy (ms): Min: 0.0, Avg: 0.0, Max: 0.0, Diff: 0.0, Sum: 0.1]
         [Termination (ms): Min: 0.0, Avg: 0.0, Max: 0.1, Diff: 0.1, Sum: 0.3]
            [Termination Attempts: Min: 1, Avg: 1.0, Max: 1, Diff: 0, Sum: 8]
         [GC Worker Other (ms): Min: 0.0, Avg: 0.0, Max: 0.0, Diff: 0.0, Sum: 0.0]
         [GC Worker Total (ms): Min: 0.0, Avg: 0.2, Max: 0.3, Diff: 0.3, Sum: 1.5]
         [GC Worker End (ms): Min: 417.9, Avg: 417.9, Max: 417.9, Diff: 0.0]
      [Code Root Fixup: 0.0 ms]
      [Code Root Purge: 0.0 ms]
      [Clear CT: 0.4 ms]
      [Other: 0.6 ms]
         [Evacuation Failure: 0.3 ms]
         [Choose CSet: 0.0 ms]
         [Ref Proc: 0.1 ms]
         [Ref Enq: 0.0 ms]
         [Redirty Cards: 0.2 ms]
         [Humongous Register: 0.0 ms]
         [Humongous Reclaim: 0.0 ms]
         [Free CSet: 0.0 ms]
      [Eden: 1024.0K(5120.0K)->0.0B(6144.0K) Survivors: 1024.0K->0.0B Heap: 99.3M(128.0M)->99.3M(128.0M)]
    [Times: user=0.00 sys=0.00, real=0.00 secs] 
   2020-11-01T21:53:23.888+0800: 0.419: [Full GC (Allocation Failure)  99M->98M(128M), 0.0114432 secs]
      [Eden: 0.0B(6144.0K)->0.0B(6144.0K) Survivors: 0.0B->0.0B Heap: 99.3M(128.0M)->98.2M(128.0M)], [Metaspace: 2835K->2835K(1056768K)]
    [Times: user=0.02 sys=0.00, real=0.01 secs] 
   2020-11-01T21:53:23.900+0800: 0.431: [GC concurrent-mark-abort]
   2020-11-01T21:53:23.900+0800: 0.431: [GC pause (G1 Humongous Allocation) (young) (initial-mark) (to-space exhausted), 0.0010231 secs]
      [Parallel Time: 0.3 ms, GC Workers: 8]
         [GC Worker Start (ms): Min: 431.2, Avg: 431.2, Max: 431.2, Diff: 0.1]
         [Ext Root Scanning (ms): Min: 0.1, Avg: 0.1, Max: 0.2, Diff: 0.1, Sum: 0.9]
         [Update RS (ms): Min: 0.0, Avg: 0.0, Max: 0.1, Diff: 0.1, Sum: 0.1]
            [Processed Buffers: Min: 0, Avg: 0.3, Max: 1, Diff: 1, Sum: 2]
         [Scan RS (ms): Min: 0.0, Avg: 0.0, Max: 0.0, Diff: 0.0, Sum: 0.0]
         [Code Root Scanning (ms): Min: 0.0, Avg: 0.0, Max: 0.0, Diff: 0.0, Sum: 0.0]
         [Object Copy (ms): Min: 0.0, Avg: 0.0, Max: 0.0, Diff: 0.0, Sum: 0.1]
         [Termination (ms): Min: 0.0, Avg: 0.1, Max: 0.1, Diff: 0.1, Sum: 0.4]
            [Termination Attempts: Min: 1, Avg: 1.6, Max: 3, Diff: 2, Sum: 13]
         [GC Worker Other (ms): Min: 0.0, Avg: 0.0, Max: 0.0, Diff: 0.0, Sum: 0.1]
         [GC Worker Total (ms): Min: 0.2, Avg: 0.2, Max: 0.2, Diff: 0.1, Sum: 1.5]
         [GC Worker End (ms): Min: 431.4, Avg: 431.4, Max: 431.4, Diff: 0.0]
      [Code Root Fixup: 0.0 ms]
      [Code Root Purge: 0.0 ms]
      [Clear CT: 0.2 ms]
      [Other: 0.5 ms]
         [Evacuation Failure: 0.1 ms]
         [Choose CSet: 0.0 ms]
         [Ref Proc: 0.1 ms]
         [Ref Enq: 0.0 ms]
         [Redirty Cards: 0.1 ms]
         [Humongous Register: 0.0 ms]
         [Humongous Reclaim: 0.0 ms]
         [Free CSet: 0.0 ms]
      [Eden: 2048.0K(6144.0K)->0.0B(6144.0K) Survivors: 0.0B->0.0B Heap: 99.9M(128.0M)->99.9M(128.0M)]
    [Times: user=0.00 sys=0.00, real=0.00 secs] 
   2020-11-01T21:53:23.901+0800: 0.432: [GC concurrent-root-region-scan-start]
   2020-11-01T21:53:23.901+0800: 0.432: [GC concurrent-root-region-scan-end, 0.0000071 secs]
   2020-11-01T21:53:23.901+0800: 0.432: [GC concurrent-mark-start]
   2020-11-01T21:53:23.902+0800: 0.432: [GC pause (G1 Humongous Allocation) (young), 0.0008296 secs]
      [Parallel Time: 0.3 ms, GC Workers: 8]
         [GC Worker Start (ms): Min: 432.5, Avg: 432.5, Max: 432.5, Diff: 0.1]
         [Ext Root Scanning (ms): Min: 0.1, Avg: 0.1, Max: 0.1, Diff: 0.1, Sum: 0.9]
         [Update RS (ms): Min: 0.0, Avg: 0.0, Max: 0.1, Diff: 0.0, Sum: 0.2]
            [Processed Buffers: Min: 0, Avg: 0.9, Max: 2, Diff: 2, Sum: 7]
         [Scan RS (ms): Min: 0.0, Avg: 0.0, Max: 0.0, Diff: 0.0, Sum: 0.0]
         [Code Root Scanning (ms): Min: 0.0, Avg: 0.0, Max: 0.0, Diff: 0.0, Sum: 0.0]
         [Object Copy (ms): Min: 0.0, Avg: 0.0, Max: 0.0, Diff: 0.0, Sum: 0.0]
         [Termination (ms): Min: 0.0, Avg: 0.0, Max: 0.1, Diff: 0.1, Sum: 0.3]
            [Termination Attempts: Min: 1, Avg: 1.0, Max: 1, Diff: 0, Sum: 8]
         [GC Worker Other (ms): Min: 0.0, Avg: 0.0, Max: 0.0, Diff: 0.0, Sum: 0.0]
         [GC Worker Total (ms): Min: 0.2, Avg: 0.2, Max: 0.2, Diff: 0.1, Sum: 1.5]
         [GC Worker End (ms): Min: 432.7, Avg: 432.7, Max: 432.7, Diff: 0.0]
      [Code Root Fixup: 0.0 ms]
      [Code Root Purge: 0.0 ms]
      [Clear CT: 0.2 ms]
      [Other: 0.4 ms]
         [Choose CSet: 0.0 ms]
         [Ref Proc: 0.2 ms]
         [Ref Enq: 0.0 ms]
         [Redirty Cards: 0.1 ms]
         [Humongous Register: 0.0 ms]
         [Humongous Reclaim: 0.0 ms]
         [Free CSet: 0.0 ms]
      [Eden: 0.0B(6144.0K)->0.0B(6144.0K) Survivors: 0.0B->0.0B Heap: 99.9M(128.0M)->99.9M(128.0M)]
    [Times: user=0.00 sys=0.00, real=0.00 secs] 
   2020-11-01T21:53:23.903+0800: 0.433: [Full GC (Allocation Failure)  99M->98M(128M), 0.0043990 secs]
      [Eden: 0.0B(6144.0K)->0.0B(6144.0K) Survivors: 0.0B->0.0B Heap: 99.9M(128.0M)->98.2M(128.0M)], [Metaspace: 2835K->2835K(1056768K)]
    [Times: user=0.00 sys=0.00, real=0.00 secs] 
   2020-11-01T21:53:23.907+0800: 0.438: [GC concurrent-mark-abort]
   2020-11-01T21:53:23.908+0800: 0.439: [GC pause (G1 Evacuation Pause) (young) (to-space exhausted), 0.0019641 secs]
      [Parallel Time: 0.6 ms, GC Workers: 8]
         [GC Worker Start (ms): Min: 438.8, Avg: 438.9, Max: 439.0, Diff: 0.2]
         [Ext Root Scanning (ms): Min: 0.0, Avg: 0.1, Max: 0.2, Diff: 0.2, Sum: 0.8]
         [Update RS (ms): Min: 0.0, Avg: 0.1, Max: 0.1, Diff: 0.0, Sum: 0.5]
            [Processed Buffers: Min: 0, Avg: 0.9, Max: 1, Diff: 1, Sum: 7]
         [Scan RS (ms): Min: 0.0, Avg: 0.0, Max: 0.0, Diff: 0.0, Sum: 0.0]
         [Code Root Scanning (ms): Min: 0.0, Avg: 0.0, Max: 0.0, Diff: 0.0, Sum: 0.0]
         [Object Copy (ms): Min: 0.0, Avg: 0.0, Max: 0.0, Diff: 0.0, Sum: 0.0]
         [Termination (ms): Min: 0.0, Avg: 0.0, Max: 0.0, Diff: 0.0, Sum: 0.2]
            [Termination Attempts: Min: 1, Avg: 1.0, Max: 1, Diff: 0, Sum: 8]
         [GC Worker Other (ms): Min: 0.0, Avg: 0.0, Max: 0.0, Diff: 0.0, Sum: 0.1]
         [GC Worker Total (ms): Min: 0.1, Avg: 0.2, Max: 0.3, Diff: 0.2, Sum: 1.6]
         [GC Worker End (ms): Min: 439.1, Avg: 439.1, Max: 439.1, Diff: 0.0]
      [Code Root Fixup: 0.0 ms]
      [Code Root Purge: 0.0 ms]
      [Clear CT: 0.4 ms]
      [Other: 1.0 ms]
         [Evacuation Failure: 0.5 ms]
         [Choose CSet: 0.0 ms]
         [Ref Proc: 0.3 ms]
         [Ref Enq: 0.0 ms]
         [Redirty Cards: 0.2 ms]
         [Humongous Register: 0.0 ms]
         [Humongous Reclaim: 0.0 ms]
         [Free CSet: 0.0 ms]
      [Eden: 2048.0K(6144.0K)->0.0B(6144.0K) Survivors: 0.0B->0.0B Heap: 100.9M(128.0M)->100.2M(128.0M)]
    [Times: user=0.03 sys=0.01, real=0.00 secs] 
   2020-11-01T21:53:23.910+0800: 0.441: [GC pause (G1 Evacuation Pause) (young) (initial-mark) (to-space exhausted), 0.0014386 secs]
      [Parallel Time: 0.4 ms, GC Workers: 8]
         [GC Worker Start (ms): Min: 441.1, Avg: 441.2, Max: 441.3, Diff: 0.2]
         [Ext Root Scanning (ms): Min: 0.0, Avg: 0.2, Max: 0.3, Diff: 0.2, Sum: 1.4]
         [Update RS (ms): Min: 0.0, Avg: 0.0, Max: 0.1, Diff: 0.1, Sum: 0.1]
            [Processed Buffers: Min: 0, Avg: 0.5, Max: 2, Diff: 2, Sum: 4]
         [Scan RS (ms): Min: 0.0, Avg: 0.0, Max: 0.0, Diff: 0.0, Sum: 0.0]
         [Code Root Scanning (ms): Min: 0.0, Avg: 0.0, Max: 0.0, Diff: 0.0, Sum: 0.0]
         [Object Copy (ms): Min: 0.0, Avg: 0.0, Max: 0.0, Diff: 0.0, Sum: 0.1]
         [Termination (ms): Min: 0.0, Avg: 0.1, Max: 0.1, Diff: 0.1, Sum: 0.4]
            [Termination Attempts: Min: 1, Avg: 1.1, Max: 2, Diff: 1, Sum: 9]
         [GC Worker Other (ms): Min: 0.0, Avg: 0.0, Max: 0.0, Diff: 0.0, Sum: 0.1]
         [GC Worker Total (ms): Min: 0.1, Avg: 0.3, Max: 0.3, Diff: 0.2, Sum: 2.1]
         [GC Worker End (ms): Min: 441.4, Avg: 441.4, Max: 441.4, Diff: 0.0]
      [Code Root Fixup: 0.0 ms]
      [Code Root Purge: 0.0 ms]
      [Clear CT: 0.2 ms]
      [Other: 0.9 ms]
         [Evacuation Failure: 0.3 ms]
         [Choose CSet: 0.0 ms]
         [Ref Proc: 0.3 ms]
         [Ref Enq: 0.0 ms]
         [Redirty Cards: 0.2 ms]
         [Humongous Register: 0.0 ms]
         [Humongous Reclaim: 0.0 ms]
         [Free CSet: 0.0 ms]
      [Eden: 1024.0K(6144.0K)->0.0B(6144.0K) Survivors: 0.0B->0.0B Heap: 101.2M(128.0M)->101.2M(128.0M)]
    [Times: user=0.00 sys=0.00, real=0.00 secs] 
   2020-11-01T21:53:23.912+0800: 0.443: [GC concurrent-root-region-scan-start]
   2020-11-01T21:53:23.912+0800: 0.443: [GC concurrent-root-region-scan-end, 0.0000078 secs]
   2020-11-01T21:53:23.912+0800: 0.443: [GC concurrent-mark-start]
   2020-11-01T21:53:23.912+0800: 0.443: [Full GC (Allocation Failure)  101M->99M(128M), 0.0036436 secs]
      [Eden: 0.0B(6144.0K)->0.0B(6144.0K) Survivors: 0.0B->0.0B Heap: 101.2M(128.0M)->99.5M(128.0M)], [Metaspace: 2835K->2835K(1056768K)]
    [Times: user=0.00 sys=0.00, real=0.00 secs] 
   2020-11-01T21:53:23.916+0800: 0.447: [GC concurrent-mark-abort]
   2020-11-01T21:53:23.916+0800: 0.447: [GC pause (G1 Evacuation Pause) (young) (to-space exhausted), 0.0024184 secs]
      [Parallel Time: 0.4 ms, GC Workers: 8]
         [GC Worker Start (ms): Min: 447.3, Avg: 447.4, Max: 447.6, Diff: 0.3]
         [Ext Root Scanning (ms): Min: 0.0, Avg: 0.1, Max: 0.2, Diff: 0.2, Sum: 0.9]
         [Update RS (ms): Min: 0.0, Avg: 0.0, Max: 0.1, Diff: 0.1, Sum: 0.1]
            [Processed Buffers: Min: 0, Avg: 0.3, Max: 1, Diff: 1, Sum: 2]
         [Scan RS (ms): Min: 0.0, Avg: 0.0, Max: 0.0, Diff: 0.0, Sum: 0.0]
         [Code Root Scanning (ms): Min: 0.0, Avg: 0.0, Max: 0.0, Diff: 0.0, Sum: 0.0]
         [Object Copy (ms): Min: 0.0, Avg: 0.0, Max: 0.0, Diff: 0.0, Sum: 0.0]
         [Termination (ms): Min: 0.0, Avg: 0.1, Max: 0.1, Diff: 0.1, Sum: 0.7]
            [Termination Attempts: Min: 1, Avg: 1.3, Max: 3, Diff: 2, Sum: 10]
         [GC Worker Other (ms): Min: 0.0, Avg: 0.0, Max: 0.0, Diff: 0.0, Sum: 0.1]
         [GC Worker Total (ms): Min: 0.0, Avg: 0.2, Max: 0.3, Diff: 0.3, Sum: 1.8]
         [GC Worker End (ms): Min: 447.6, Avg: 447.6, Max: 447.7, Diff: 0.1]
      [Code Root Fixup: 0.0 ms]
      [Code Root Purge: 0.0 ms]
      [Clear CT: 0.3 ms]
      [Other: 1.7 ms]
         [Evacuation Failure: 0.6 ms]
         [Choose CSet: 0.0 ms]
         [Ref Proc: 0.2 ms]
         [Ref Enq: 0.0 ms]
         [Redirty Cards: 0.7 ms]
         [Humongous Register: 0.1 ms]
         [Humongous Reclaim: 0.0 ms]
         [Free CSet: 0.0 ms]
      [Eden: 1024.0K(6144.0K)->0.0B(6144.0K) Survivors: 0.0B->0.0B Heap: 100.5M(128.0M)->100.5M(128.0M)]
    [Times: user=0.00 sys=0.00, real=0.00 secs] 
   2020-11-01T21:53:23.919+0800: 0.450: [Full GC (Allocation Failure)  100M->99M(128M), 0.0042062 secs]
      [Eden: 0.0B(6144.0K)->0.0B(6144.0K) Survivors: 0.0B->0.0B Heap: 100.5M(128.0M)->99.7M(128.0M)], [Metaspace: 2835K->2835K(1056768K)]
    [Times: user=0.00 sys=0.00, real=0.00 secs] 
   2020-11-01T21:53:23.924+0800: 0.455: [GC pause (G1 Humongous Allocation) (young) (initial-mark) (to-space exhausted), 0.0020911 secs]
      [Parallel Time: 0.5 ms, GC Workers: 8]
         [GC Worker Start (ms): Min: 454.8, Avg: 454.8, Max: 455.0, Diff: 0.2]
         [Ext Root Scanning (ms): Min: 0.0, Avg: 0.2, Max: 0.2, Diff: 0.2, Sum: 1.3]
         [Update RS (ms): Min: 0.0, Avg: 0.0, Max: 0.1, Diff: 0.1, Sum: 0.1]
            [Processed Buffers: Min: 0, Avg: 0.3, Max: 1, Diff: 1, Sum: 2]
         [Scan RS (ms): Min: 0.0, Avg: 0.0, Max: 0.0, Diff: 0.0, Sum: 0.0]
         [Code Root Scanning (ms): Min: 0.0, Avg: 0.0, Max: 0.0, Diff: 0.0, Sum: 0.0]
         [Object Copy (ms): Min: 0.0, Avg: 0.0, Max: 0.0, Diff: 0.0, Sum: 0.0]
         [Termination (ms): Min: 0.0, Avg: 0.0, Max: 0.0, Diff: 0.0, Sum: 0.2]
            [Termination Attempts: Min: 1, Avg: 1.0, Max: 1, Diff: 0, Sum: 8]
         [GC Worker Other (ms): Min: 0.0, Avg: 0.0, Max: 0.0, Diff: 0.0, Sum: 0.1]
         [GC Worker Total (ms): Min: 0.1, Avg: 0.2, Max: 0.3, Diff: 0.2, Sum: 1.7]
         [GC Worker End (ms): Min: 455.1, Avg: 455.1, Max: 455.1, Diff: 0.0]
      [Code Root Fixup: 0.0 ms]
      [Code Root Purge: 0.0 ms]
      [Clear CT: 0.4 ms]
      [Other: 1.2 ms]
         [Evacuation Failure: 0.5 ms]
         [Choose CSet: 0.0 ms]
         [Ref Proc: 0.3 ms]
         [Ref Enq: 0.0 ms]
         [Redirty Cards: 0.2 ms]
         [Humongous Register: 0.1 ms]
         [Humongous Reclaim: 0.0 ms]
         [Free CSet: 0.0 ms]
      [Eden: 1024.0K(6144.0K)->0.0B(6144.0K) Survivors: 0.0B->0.0B Heap: 100.3M(128.0M)->100.3M(128.0M)]
    [Times: user=0.00 sys=0.00, real=0.00 secs] 
   2020-11-01T21:53:23.926+0800: 0.457: [GC concurrent-root-region-scan-start]
   2020-11-01T21:53:23.926+0800: 0.457: [GC concurrent-root-region-scan-end, 0.0000076 secs]
   2020-11-01T21:53:23.926+0800: 0.457: [GC concurrent-mark-start]
   2020-11-01T21:53:23.926+0800: 0.457: [GC pause (G1 Humongous Allocation) (young), 0.0011912 secs]
      [Parallel Time: 0.5 ms, GC Workers: 8]
         [GC Worker Start (ms): Min: 457.1, Avg: 457.2, Max: 457.4, Diff: 0.3]
         [Ext Root Scanning (ms): Min: 0.0, Avg: 0.1, Max: 0.2, Diff: 0.2, Sum: 0.8]
         [Update RS (ms): Min: 0.0, Avg: 0.0, Max: 0.1, Diff: 0.1, Sum: 0.2]
            [Processed Buffers: Min: 0, Avg: 0.5, Max: 1, Diff: 1, Sum: 4]
         [Scan RS (ms): Min: 0.0, Avg: 0.0, Max: 0.0, Diff: 0.0, Sum: 0.0]
         [Code Root Scanning (ms): Min: 0.0, Avg: 0.0, Max: 0.0, Diff: 0.0, Sum: 0.0]
         [Object Copy (ms): Min: 0.0, Avg: 0.0, Max: 0.0, Diff: 0.0, Sum: 0.0]
         [Termination (ms): Min: 0.0, Avg: 0.1, Max: 0.1, Diff: 0.1, Sum: 0.5]
            [Termination Attempts: Min: 1, Avg: 1.0, Max: 1, Diff: 0, Sum: 8]
         [GC Worker Other (ms): Min: 0.0, Avg: 0.0, Max: 0.0, Diff: 0.0, Sum: 0.1]
         [GC Worker Total (ms): Min: 0.1, Avg: 0.2, Max: 0.3, Diff: 0.3, Sum: 1.6]
         [GC Worker End (ms): Min: 457.4, Avg: 457.4, Max: 457.4, Diff: 0.0]
      [Code Root Fixup: 0.0 ms]
      [Code Root Purge: 0.0 ms]
      [Clear CT: 0.2 ms]
      [Other: 0.5 ms]
         [Choose CSet: 0.0 ms]
         [Ref Proc: 0.2 ms]
         [Ref Enq: 0.0 ms]
         [Redirty Cards: 0.2 ms]
         [Humongous Register: 0.0 ms]
         [Humongous Reclaim: 0.0 ms]
         [Free CSet: 0.0 ms]
      [Eden: 0.0B(6144.0K)->0.0B(6144.0K) Survivors: 0.0B->0.0B Heap: 100.3M(128.0M)->100.3M(128.0M)]
    [Times: user=0.00 sys=0.00, real=0.00 secs] 
   2020-11-01T21:53:23.928+0800: 0.459: [Full GC (Allocation Failure)  100M->99M(128M), 0.0037144 secs]
      [Eden: 0.0B(6144.0K)->0.0B(6144.0K) Survivors: 0.0B->0.0B Heap: 100.3M(128.0M)->99.5M(128.0M)], [Metaspace: 2835K->2835K(1056768K)]
    [Times: user=0.00 sys=0.00, real=0.00 secs] 
   2020-11-01T21:53:23.932+0800: 0.462: [GC concurrent-mark-abort]
   2020-11-01T21:53:23.932+0800: 0.463: [GC pause (G1 Evacuation Pause) (young), 0.0013928 secs]
      [Parallel Time: 0.4 ms, GC Workers: 8]
         [GC Worker Start (ms): Min: 462.7, Avg: 462.8, Max: 462.8, Diff: 0.1]
         [Ext Root Scanning (ms): Min: 0.0, Avg: 0.1, Max: 0.1, Diff: 0.1, Sum: 0.8]
         [Update RS (ms): Min: 0.0, Avg: 0.1, Max: 0.1, Diff: 0.1, Sum: 0.4]
            [Processed Buffers: Min: 0, Avg: 0.8, Max: 1, Diff: 1, Sum: 6]
         [Scan RS (ms): Min: 0.0, Avg: 0.0, Max: 0.0, Diff: 0.0, Sum: 0.0]
         [Code Root Scanning (ms): Min: 0.0, Avg: 0.0, Max: 0.0, Diff: 0.0, Sum: 0.0]
         [Object Copy (ms): Min: 0.0, Avg: 0.0, Max: 0.0, Diff: 0.0, Sum: 0.0]
         [Termination (ms): Min: 0.0, Avg: 0.0, Max: 0.1, Diff: 0.1, Sum: 0.3]
            [Termination Attempts: Min: 1, Avg: 1.0, Max: 1, Diff: 0, Sum: 8]
         [GC Worker Other (ms): Min: 0.0, Avg: 0.0, Max: 0.0, Diff: 0.0, Sum: 0.0]
         [GC Worker Total (ms): Min: 0.1, Avg: 0.2, Max: 0.2, Diff: 0.1, Sum: 1.6]
         [GC Worker End (ms): Min: 463.0, Avg: 463.0, Max: 463.0, Diff: 0.0]
      [Code Root Fixup: 0.0 ms]
      [Code Root Purge: 0.0 ms]
      [Clear CT: 0.4 ms]
      [Other: 0.6 ms]
         [Choose CSet: 0.0 ms]
         [Ref Proc: 0.1 ms]
         [Ref Enq: 0.0 ms]
         [Redirty Cards: 0.3 ms]
         [Humongous Register: 0.0 ms]
         [Humongous Reclaim: 0.0 ms]
         [Free CSet: 0.0 ms]
      [Eden: 0.0B(6144.0K)->0.0B(6144.0K) Survivors: 0.0B->0.0B Heap: 100.0M(128.0M)->99.5M(128.0M)]
    [Times: user=0.00 sys=0.00, real=0.00 secs] 
   2020-11-01T21:53:23.934+0800: 0.464: [GC pause (G1 Humongous Allocation) (young) (initial-mark) (to-space exhausted), 0.0018262 secs]
      [Parallel Time: 0.3 ms, GC Workers: 8]
         [GC Worker Start (ms): Min: 464.6, Avg: 464.6, Max: 464.7, Diff: 0.1]
         [Ext Root Scanning (ms): Min: 0.1, Avg: 0.1, Max: 0.2, Diff: 0.1, Sum: 1.0]
         [Update RS (ms): Min: 0.0, Avg: 0.0, Max: 0.1, Diff: 0.1, Sum: 0.1]
            [Processed Buffers: Min: 0, Avg: 0.4, Max: 1, Diff: 1, Sum: 3]
         [Scan RS (ms): Min: 0.0, Avg: 0.0, Max: 0.0, Diff: 0.0, Sum: 0.0]
         [Code Root Scanning (ms): Min: 0.0, Avg: 0.0, Max: 0.0, Diff: 0.0, Sum: 0.0]
         [Object Copy (ms): Min: 0.0, Avg: 0.0, Max: 0.0, Diff: 0.0, Sum: 0.0]
         [Termination (ms): Min: 0.0, Avg: 0.1, Max: 0.1, Diff: 0.1, Sum: 0.5]
            [Termination Attempts: Min: 1, Avg: 1.1, Max: 2, Diff: 1, Sum: 9]
         [GC Worker Other (ms): Min: 0.0, Avg: 0.0, Max: 0.0, Diff: 0.0, Sum: 0.1]
         [GC Worker Total (ms): Min: 0.2, Avg: 0.2, Max: 0.3, Diff: 0.1, Sum: 1.7]
         [GC Worker End (ms): Min: 464.9, Avg: 464.9, Max: 464.9, Diff: 0.0]
      [Code Root Fixup: 0.0 ms]
      [Code Root Purge: 0.0 ms]
      [Clear CT: 0.3 ms]
      [Other: 1.2 ms]
         [Evacuation Failure: 0.4 ms]
         [Choose CSet: 0.0 ms]
         [Ref Proc: 0.3 ms]
         [Ref Enq: 0.0 ms]
         [Redirty Cards: 0.4 ms]
         [Humongous Register: 0.0 ms]
         [Humongous Reclaim: 0.0 ms]
         [Free CSet: 0.0 ms]
      [Eden: 1024.0K(6144.0K)->0.0B(6144.0K) Survivors: 0.0B->0.0B Heap: 99.9M(128.0M)->99.9M(128.0M)]
    [Times: user=0.00 sys=0.00, real=0.00 secs] 
   2020-11-01T21:53:23.936+0800: 0.466: [GC concurrent-root-region-scan-start]
   2020-11-01T21:53:23.936+0800: 0.466: [GC concurrent-root-region-scan-end, 0.0000078 secs]
   2020-11-01T21:53:23.936+0800: 0.466: [GC concurrent-mark-start]
   2020-11-01T21:53:23.936+0800: 0.467: [GC pause (G1 Humongous Allocation) (young), 0.0009416 secs]
      [Parallel Time: 0.2 ms, GC Workers: 8]
         [GC Worker Start (ms): Min: 466.6, Avg: 466.6, Max: 466.7, Diff: 0.2]
         [Ext Root Scanning (ms): Min: 0.0, Avg: 0.1, Max: 0.1, Diff: 0.1, Sum: 0.7]
         [Update RS (ms): Min: 0.0, Avg: 0.0, Max: 0.1, Diff: 0.1, Sum: 0.1]
            [Processed Buffers: Min: 0, Avg: 0.5, Max: 1, Diff: 1, Sum: 4]
         [Scan RS (ms): Min: 0.0, Avg: 0.0, Max: 0.0, Diff: 0.0, Sum: 0.0]
         [Code Root Scanning (ms): Min: 0.0, Avg: 0.0, Max: 0.0, Diff: 0.0, Sum: 0.0]
         [Object Copy (ms): Min: 0.0, Avg: 0.0, Max: 0.0, Diff: 0.0, Sum: 0.0]
         [Termination (ms): Min: 0.0, Avg: 0.1, Max: 0.1, Diff: 0.1, Sum: 0.5]
            [Termination Attempts: Min: 1, Avg: 1.0, Max: 1, Diff: 0, Sum: 8]
         [GC Worker Other (ms): Min: 0.0, Avg: 0.0, Max: 0.0, Diff: 0.0, Sum: 0.0]
         [GC Worker Total (ms): Min: 0.1, Avg: 0.2, Max: 0.2, Diff: 0.2, Sum: 1.4]
         [GC Worker End (ms): Min: 466.8, Avg: 466.8, Max: 466.8, Diff: 0.0]
      [Code Root Fixup: 0.0 ms]
      [Code Root Purge: 0.0 ms]
      [Clear CT: 0.2 ms]
      [Other: 0.5 ms]
         [Choose CSet: 0.0 ms]
         [Ref Proc: 0.2 ms]
         [Ref Enq: 0.0 ms]
         [Redirty Cards: 0.2 ms]
         [Humongous Register: 0.0 ms]
         [Humongous Reclaim: 0.0 ms]
         [Free CSet: 0.0 ms]
      [Eden: 0.0B(6144.0K)->0.0B(6144.0K) Survivors: 0.0B->0.0B Heap: 99.9M(128.0M)->99.9M(128.0M)]
    [Times: user=0.00 sys=0.00, real=0.00 secs] 
   2020-11-01T21:53:23.937+0800: 0.468: [Full GC (Allocation Failure)  99M->99M(128M), 0.0030312 secs]
      [Eden: 0.0B(6144.0K)->0.0B(6144.0K) Survivors: 0.0B->0.0B Heap: 99.9M(128.0M)->99.6M(128.0M)], [Metaspace: 2835K->2835K(1056768K)]
    [Times: user=0.01 sys=0.00, real=0.00 secs] 
   2020-11-01T21:53:23.940+0800: 0.471: [GC concurrent-mark-abort]
   2020-11-01T21:53:23.940+0800: 0.471: [GC pause (G1 Evacuation Pause) (young), 0.0010283 secs]
      [Parallel Time: 0.4 ms, GC Workers: 8]
         [GC Worker Start (ms): Min: 471.3, Avg: 471.4, Max: 471.5, Diff: 0.2]
         [Ext Root Scanning (ms): Min: 0.0, Avg: 0.1, Max: 0.2, Diff: 0.2, Sum: 0.7]
         [Update RS (ms): Min: 0.0, Avg: 0.1, Max: 0.2, Diff: 0.2, Sum: 0.5]
            [Processed Buffers: Min: 0, Avg: 0.9, Max: 2, Diff: 2, Sum: 7]
         [Scan RS (ms): Min: 0.0, Avg: 0.0, Max: 0.0, Diff: 0.0, Sum: 0.0]
         [Code Root Scanning (ms): Min: 0.0, Avg: 0.0, Max: 0.0, Diff: 0.0, Sum: 0.0]
         [Object Copy (ms): Min: 0.0, Avg: 0.0, Max: 0.0, Diff: 0.0, Sum: 0.0]
         [Termination (ms): Min: 0.0, Avg: 0.1, Max: 0.1, Diff: 0.1, Sum: 0.7]
            [Termination Attempts: Min: 1, Avg: 1.0, Max: 1, Diff: 0, Sum: 8]
         [GC Worker Other (ms): Min: 0.0, Avg: 0.0, Max: 0.0, Diff: 0.0, Sum: 0.0]
         [GC Worker Total (ms): Min: 0.2, Avg: 0.3, Max: 0.3, Diff: 0.2, Sum: 2.1]
         [GC Worker End (ms): Min: 471.6, Avg: 471.6, Max: 471.6, Diff: 0.0]
      [Code Root Fixup: 0.0 ms]
      [Code Root Purge: 0.0 ms]
      [Clear CT: 0.2 ms]
      [Other: 0.4 ms]
         [Choose CSet: 0.0 ms]
         [Ref Proc: 0.2 ms]
         [Ref Enq: 0.0 ms]
         [Redirty Cards: 0.2 ms]
         [Humongous Register: 0.0 ms]
         [Humongous Reclaim: 0.0 ms]
         [Free CSet: 0.0 ms]
      [Eden: 0.0B(6144.0K)->0.0B(6144.0K) Survivors: 0.0B->0.0B Heap: 100.1M(128.0M)->100.1M(128.0M)]
    [Times: user=0.00 sys=0.00, real=0.00 secs] 
   2020-11-01T21:53:23.942+0800: 0.472: [GC pause (G1 Evacuation Pause) (young) (initial-mark), 0.0016028 secs]
      [Parallel Time: 0.3 ms, GC Workers: 8]
         [GC Worker Start (ms): Min: 472.6, Avg: 472.7, Max: 472.7, Diff: 0.1]
         [Ext Root Scanning (ms): Min: 0.1, Avg: 0.1, Max: 0.2, Diff: 0.1, Sum: 0.8]
         [Update RS (ms): Min: 0.0, Avg: 0.0, Max: 0.1, Diff: 0.1, Sum: 0.1]
            [Processed Buffers: Min: 0, Avg: 0.3, Max: 1, Diff: 1, Sum: 2]
         [Scan RS (ms): Min: 0.0, Avg: 0.0, Max: 0.0, Diff: 0.0, Sum: 0.0]
         [Code Root Scanning (ms): Min: 0.0, Avg: 0.0, Max: 0.0, Diff: 0.0, Sum: 0.0]
         [Object Copy (ms): Min: 0.0, Avg: 0.0, Max: 0.0, Diff: 0.0, Sum: 0.0]
         [Termination (ms): Min: 0.0, Avg: 0.1, Max: 0.1, Diff: 0.1, Sum: 0.6]
            [Termination Attempts: Min: 1, Avg: 1.0, Max: 1, Diff: 0, Sum: 8]
         [GC Worker Other (ms): Min: 0.0, Avg: 0.0, Max: 0.0, Diff: 0.0, Sum: 0.0]
         [GC Worker Total (ms): Min: 0.2, Avg: 0.2, Max: 0.3, Diff: 0.1, Sum: 1.6]
         [GC Worker End (ms): Min: 472.8, Avg: 472.9, Max: 472.9, Diff: 0.0]
      [Code Root Fixup: 0.0 ms]
      [Code Root Purge: 0.0 ms]
      [Clear CT: 0.6 ms]
      [Other: 0.7 ms]
         [Choose CSet: 0.0 ms]
         [Ref Proc: 0.4 ms]
         [Ref Enq: 0.0 ms]
         [Redirty Cards: 0.2 ms]
         [Humongous Register: 0.0 ms]
         [Humongous Reclaim: 0.0 ms]
         [Free CSet: 0.0 ms]
      [Eden: 0.0B(6144.0K)->0.0B(6144.0K) Survivors: 0.0B->0.0B Heap: 100.1M(128.0M)->100.1M(128.0M)]
    [Times: user=0.00 sys=0.00, real=0.00 secs] 
   2020-11-01T21:53:23.943+0800: 0.474: [GC concurrent-root-region-scan-start]
   2020-11-01T21:53:23.944+0800: 0.474: [GC concurrent-root-region-scan-end, 0.0000167 secs]
   2020-11-01T21:53:23.944+0800: 0.474: [GC concurrent-mark-start]
   2020-11-01T21:53:23.944+0800: 0.474: [Full GC (Allocation Failure)  100M->100M(128M), 0.0036687 secs]
      [Eden: 0.0B(6144.0K)->0.0B(6144.0K) Survivors: 0.0B->0.0B Heap: 100.1M(128.0M)->100.1M(128.0M)], [Metaspace: 2835K->2835K(1056768K)]
    [Times: user=0.00 sys=0.00, real=0.00 secs] 
   2020-11-01T21:53:23.947+0800: 0.478: [Full GC (Allocation Failure)  100M->100M(128M), 0.0035371 secs]
      [Eden: 0.0B(6144.0K)->0.0B(6144.0K) Survivors: 0.0B->0.0B Heap: 100.1M(128.0M)->100.1M(128.0M)], [Metaspace: 2835K->2835K(1056768K)]
    [Times: user=0.00 sys=0.00, real=0.00 secs] 
   2020-11-01T21:53:23.951+0800: 0.482: [GC concurrent-mark-abort]
   2020-11-01T21:53:23.951+0800: 0.482: [GC pause (G1 Evacuation Pause) (young), 0.0016761 secs]
      [Parallel Time: 0.4 ms, GC Workers: 8]
         [GC Worker Start (ms): Min: 482.1, Avg: 482.2, Max: 482.3, Diff: 0.2]
         [Ext Root Scanning (ms): Min: 0.0, Avg: 0.1, Max: 0.2, Diff: 0.2, Sum: 0.8]
         [Update RS (ms): Min: 0.0, Avg: 0.0, Max: 0.1, Diff: 0.1, Sum: 0.1]
            [Processed Buffers: Min: 0, Avg: 0.4, Max: 1, Diff: 1, Sum: 3]
         [Scan RS (ms): Min: 0.0, Avg: 0.0, Max: 0.0, Diff: 0.0, Sum: 0.0]
         [Code Root Scanning (ms): Min: 0.0, Avg: 0.0, Max: 0.0, Diff: 0.0, Sum: 0.0]
         [Object Copy (ms): Min: 0.0, Avg: 0.0, Max: 0.0, Diff: 0.0, Sum: 0.0]
         [Termination (ms): Min: 0.0, Avg: 0.1, Max: 0.1, Diff: 0.1, Sum: 0.6]
            [Termination Attempts: Min: 1, Avg: 1.0, Max: 1, Diff: 0, Sum: 8]
         [GC Worker Other (ms): Min: 0.0, Avg: 0.0, Max: 0.0, Diff: 0.0, Sum: 0.0]
         [GC Worker Total (ms): Min: 0.1, Avg: 0.2, Max: 0.3, Diff: 0.2, Sum: 1.6]
         [GC Worker End (ms): Min: 482.4, Avg: 482.4, Max: 482.4, Diff: 0.0]
      [Code Root Fixup: 0.0 ms]
      [Code Root Purge: 0.0 ms]
      [Clear CT: 0.3 ms]
      [Other: 0.9 ms]
         [Choose CSet: 0.0 ms]
         [Ref Proc: 0.5 ms]
         [Ref Enq: 0.0 ms]
         [Redirty Cards: 0.4 ms]
         [Humongous Register: 0.0 ms]
         [Humongous Reclaim: 0.0 ms]
         [Free CSet: 0.0 ms]
      [Eden: 0.0B(6144.0K)->0.0B(6144.0K) Survivors: 0.0B->0.0B Heap: 100.1M(128.0M)->100.1M(128.0M)]
    [Times: user=0.00 sys=0.00, real=0.00 secs] 
   2020-11-01T21:53:23.953+0800: 0.484: [GC pause (G1 Evacuation Pause) (young) (initial-mark), 0.0014229 secs]
      [Parallel Time: 0.5 ms, GC Workers: 8]
         [GC Worker Start (ms): Min: 484.0, Avg: 484.0, Max: 484.1, Diff: 0.1]
         [Ext Root Scanning (ms): Min: 0.0, Avg: 0.1, Max: 0.1, Diff: 0.1, Sum: 0.7]
         [Update RS (ms): Min: 0.0, Avg: 0.0, Max: 0.1, Diff: 0.1, Sum: 0.2]
            [Processed Buffers: Min: 0, Avg: 0.3, Max: 1, Diff: 1, Sum: 2]
         [Scan RS (ms): Min: 0.0, Avg: 0.0, Max: 0.0, Diff: 0.0, Sum: 0.0]
         [Code Root Scanning (ms): Min: 0.0, Avg: 0.0, Max: 0.0, Diff: 0.0, Sum: 0.0]
         [Object Copy (ms): Min: 0.0, Avg: 0.0, Max: 0.0, Diff: 0.0, Sum: 0.0]
         [Termination (ms): Min: 0.0, Avg: 0.1, Max: 0.1, Diff: 0.1, Sum: 0.5]
            [Termination Attempts: Min: 1, Avg: 1.0, Max: 1, Diff: 0, Sum: 8]
         [GC Worker Other (ms): Min: 0.0, Avg: 0.0, Max: 0.0, Diff: 0.0, Sum: 0.0]
         [GC Worker Total (ms): Min: 0.1, Avg: 0.2, Max: 0.2, Diff: 0.1, Sum: 1.4]
         [GC Worker End (ms): Min: 484.2, Avg: 484.2, Max: 484.2, Diff: 0.0]
      [Code Root Fixup: 0.0 ms]
      [Code Root Purge: 0.0 ms]
      [Clear CT: 0.3 ms]
      [Other: 0.6 ms]
         [Choose CSet: 0.0 ms]
         [Ref Proc: 0.2 ms]
         [Ref Enq: 0.0 ms]
         [Redirty Cards: 0.4 ms]
         [Humongous Register: 0.0 ms]
         [Humongous Reclaim: 0.0 ms]
         [Free CSet: 0.0 ms]
      [Eden: 0.0B(6144.0K)->0.0B(6144.0K) Survivors: 0.0B->0.0B Heap: 100.1M(128.0M)->100.1M(128.0M)]
    [Times: user=0.00 sys=0.00, real=0.00 secs] 
   2020-11-01T21:53:23.955+0800: 0.485: [GC concurrent-root-region-scan-start]
   2020-11-01T21:53:23.955+0800: 0.485: [GC concurrent-root-region-scan-end, 0.0000074 secs]
   2020-11-01T21:53:23.955+0800: 0.485: [GC concurrent-mark-start]
   2020-11-01T21:53:23.955+0800: 0.486: [Full GC (Allocation Failure)  100M->672K(128M), 0.0033378 secs]
      [Eden: 0.0B(6144.0K)->0.0B(76.0M) Survivors: 0.0B->0.0B Heap: 100.1M(128.0M)->672.2K(128.0M)], [Metaspace: 2835K->2835K(1056768K)]
    [Times: user=0.08 sys=0.00, real=0.00 secs] 
   2020-11-01T21:53:23.958+0800: 0.489: [GC concurrent-mark-abort]
   Heap
    garbage-first heap   total 131072K, used 672K [0x00000000f8000000, 0x00000000f8100400, 0x0000000100000000)
     region size 1024K, 1 young (1024K), 0 survivors (0K)
    Metaspace       used 2866K, capacity 4486K, committed 4864K, reserved 1056768K
     class space    used 310K, capacity 386K, committed 512K, reserved 1048576K
   
   Exception in thread "main" java.lang.OutOfMemoryError: Java heap space
           at com.mariston.weektwo.GCLogAnalysis.generateGarbage(GCLogAnalysis.java:53)
           at com.mariston.weektwo.GCLogAnalysis.main(GCLogAnalysis.java:30)
    ```
3. 日志分析与总结
**系统环境**
```cmd
   Java HotSpot(TM) 64-Bit Server VM (25.152-b16) for windows-amd64 JRE (1.8.0_152-b16), built on Sep 14 2017 02:29:36 by "java_re" with MS VC++ 10.0 (VS2010)
   Memory: 4k page, physical 16643552k(8418396k free), swap 18811060k(3799852k free)
```
+ 64位windows系统，物理内存16G
+ JRE1.8

**JVM环境**
 ```cmd
CommandLine flags: -XX:InitialHeapSize=134217728 -XX:MaxHeapSize=134217728 -XX:+PrintGC -XX:+PrintGCDateStamps -XX:+PrintGCDetails -XX:+PrintGCTimeStamps -XX:+UseCompressedClassPointers -XX:+UseCompressedOops -XX:+UseG1GC -XX:-UseLargePagesIndividualAllocation
```
+ -XX:InitialHeapSize=134217728 初始堆大小:128M(134217728/(1024*1024))
+ -XX:MaxHeapSize=134217728 最大堆大小:128M(134217728/(1024*1024))
+ -XX:+PrintGC 打印GC信息
+ -XX:+PrintGCDateStamps 打印GC发生时的日期信息
+ -XX:+PrintGCDetails 打印详细的GC信息
+ -XX:+PrintGCTimeStamps 打印GC发生时的时间戳
+ -XX:+UseCompressedClassPointers 压缩类指针
+ -XX:+UseCompressedOops 压缩普通对象指针，从32位的虚拟机上迁移到64位的虚拟机上，会对指针进行相应的压缩处理
+ -XX:-UseLargePagesIndividualAllocation 使用大页面个体分配
+ -XX:+UseG1GC 

**总 结(UseG1GC)**
