# 系统默认GC打印日志
1. 执行命令 ：
    ```cmd
    java -XX:+UseG1GC -Xmx1024m -Xms1024m -Xloggc:gc.cms.1024.log -XX:+PrintGCDetails -XX:+PrintGCDateStamps com.mariston.weektwo.GCLogAnalysis
    ```
2. 执行结果：
    ```cmd
   Java HotSpot(TM) 64-Bit Server VM (25.152-b16) for windows-amd64 JRE (1.8.0_152-b16), built on Sep 14 2017 02:29:36 by "java_re" with MS VC++ 10.0 (VS2010)
   Memory: 4k page, physical 16643552k(8415924k free), swap 18740704k(5679196k free)
   CommandLine flags: -XX:InitialHeapSize=1073741824 -XX:MaxHeapSize=1073741824 -XX:+PrintGC -XX:+PrintGCDateStamps -XX:+PrintGCDetails -XX:+PrintGCTimeStamps -XX:+UseCompressedClassPointers -XX:+UseCompressedOops -XX:+UseG1GC -XX:-UseLargePagesIndividualAllocation 
   2020-11-01T23:28:13.343+0800: 0.197: [GC pause (G1 Evacuation Pause) (young), 0.0048168 secs]
      [Parallel Time: 3.3 ms, GC Workers: 8]
         [GC Worker Start (ms): Min: 197.5, Avg: 197.6, Max: 197.7, Diff: 0.1]
         [Ext Root Scanning (ms): Min: 0.1, Avg: 0.2, Max: 0.3, Diff: 0.2, Sum: 1.3]
         [Update RS (ms): Min: 0.0, Avg: 0.0, Max: 0.0, Diff: 0.0, Sum: 0.0]
            [Processed Buffers: Min: 0, Avg: 0.0, Max: 0, Diff: 0, Sum: 0]
         [Scan RS (ms): Min: 0.0, Avg: 0.0, Max: 0.0, Diff: 0.0, Sum: 0.0]
         [Code Root Scanning (ms): Min: 0.0, Avg: 0.0, Max: 0.0, Diff: 0.0, Sum: 0.0]
         [Object Copy (ms): Min: 2.5, Avg: 2.7, Max: 2.9, Diff: 0.4, Sum: 21.6]
         [Termination (ms): Min: 0.0, Avg: 0.2, Max: 0.3, Diff: 0.3, Sum: 1.6]
            [Termination Attempts: Min: 1, Avg: 1.0, Max: 1, Diff: 0, Sum: 8]
         [GC Worker Other (ms): Min: 0.0, Avg: 0.0, Max: 0.1, Diff: 0.0, Sum: 0.4]
         [GC Worker Total (ms): Min: 3.1, Avg: 3.1, Max: 3.2, Diff: 0.1, Sum: 25.0]
         [GC Worker End (ms): Min: 200.7, Avg: 200.7, Max: 200.7, Diff: 0.0]
      [Code Root Fixup: 0.0 ms]
      [Code Root Purge: 0.0 ms]
      [Clear CT: 0.5 ms]
      [Other: 1.1 ms]
         [Choose CSet: 0.0 ms]
         [Ref Proc: 0.2 ms]
         [Ref Enq: 0.0 ms]
         [Redirty Cards: 0.6 ms]
         [Humongous Register: 0.0 ms]
         [Humongous Reclaim: 0.0 ms]
         [Free CSet: 0.0 ms]
      [Eden: 51.0M(51.0M)->0.0B(44.0M) Survivors: 0.0B->7168.0K Heap: 62.8M(1024.0M)->22.7M(1024.0M)]
    [Times: user=0.05 sys=0.06, real=0.01 secs] 
   2020-11-01T23:28:13.367+0800: 0.222: [GC pause (G1 Evacuation Pause) (young), 0.0052451 secs]
      [Parallel Time: 3.6 ms, GC Workers: 8]
         [GC Worker Start (ms): Min: 221.9, Avg: 222.0, Max: 222.1, Diff: 0.2]
         [Ext Root Scanning (ms): Min: 0.1, Avg: 0.1, Max: 0.2, Diff: 0.2, Sum: 1.0]
         [Update RS (ms): Min: 0.1, Avg: 0.1, Max: 0.1, Diff: 0.0, Sum: 0.5]
            [Processed Buffers: Min: 1, Avg: 1.1, Max: 2, Diff: 1, Sum: 9]
         [Scan RS (ms): Min: 0.0, Avg: 0.0, Max: 0.0, Diff: 0.0, Sum: 0.0]
         [Code Root Scanning (ms): Min: 0.0, Avg: 0.0, Max: 0.0, Diff: 0.0, Sum: 0.0]
         [Object Copy (ms): Min: 2.8, Avg: 2.9, Max: 3.1, Diff: 0.3, Sum: 23.4]
         [Termination (ms): Min: 0.0, Avg: 0.1, Max: 0.2, Diff: 0.2, Sum: 1.2]
            [Termination Attempts: Min: 1, Avg: 1.0, Max: 1, Diff: 0, Sum: 8]
         [GC Worker Other (ms): Min: 0.0, Avg: 0.0, Max: 0.0, Diff: 0.0, Sum: 0.1]
         [GC Worker Total (ms): Min: 3.2, Avg: 3.3, Max: 3.4, Diff: 0.2, Sum: 26.2]
         [GC Worker End (ms): Min: 225.3, Avg: 225.3, Max: 225.3, Diff: 0.0]
      [Code Root Fixup: 0.0 ms]
      [Code Root Purge: 0.0 ms]
      [Clear CT: 0.4 ms]
      [Other: 1.2 ms]
         [Choose CSet: 0.0 ms]
         [Ref Proc: 0.5 ms]
         [Ref Enq: 0.0 ms]
         [Redirty Cards: 0.5 ms]
         [Humongous Register: 0.0 ms]
         [Humongous Reclaim: 0.0 ms]
         [Free CSet: 0.0 ms]
      [Eden: 44.0M(44.0M)->0.0B(44.0M) Survivors: 7168.0K->7168.0K Heap: 78.5M(1024.0M)->40.5M(1024.0M)]
    [Times: user=0.00 sys=0.00, real=0.00 secs] 
   2020-11-01T23:28:13.385+0800: 0.240: [GC pause (G1 Evacuation Pause) (young), 0.0044664 secs]
      [Parallel Time: 3.3 ms, GC Workers: 8]
         [GC Worker Start (ms): Min: 240.2, Avg: 240.3, Max: 240.5, Diff: 0.4]
         [Ext Root Scanning (ms): Min: 0.0, Avg: 0.1, Max: 0.2, Diff: 0.2, Sum: 0.9]
         [Update RS (ms): Min: 0.0, Avg: 0.1, Max: 0.2, Diff: 0.2, Sum: 0.9]
            [Processed Buffers: Min: 0, Avg: 2.1, Max: 4, Diff: 4, Sum: 17]
         [Scan RS (ms): Min: 0.0, Avg: 0.0, Max: 0.0, Diff: 0.0, Sum: 0.1]
         [Code Root Scanning (ms): Min: 0.0, Avg: 0.0, Max: 0.0, Diff: 0.0, Sum: 0.0]
         [Object Copy (ms): Min: 2.6, Avg: 2.7, Max: 2.8, Diff: 0.2, Sum: 21.7]
         [Termination (ms): Min: 0.0, Avg: 0.1, Max: 0.2, Diff: 0.2, Sum: 0.7]
            [Termination Attempts: Min: 1, Avg: 1.0, Max: 1, Diff: 0, Sum: 8]
         [GC Worker Other (ms): Min: 0.0, Avg: 0.0, Max: 0.0, Diff: 0.0, Sum: 0.1]
         [GC Worker Total (ms): Min: 2.8, Avg: 3.1, Max: 3.2, Diff: 0.4, Sum: 24.4]
         [GC Worker End (ms): Min: 243.3, Avg: 243.4, Max: 243.4, Diff: 0.0]
      [Code Root Fixup: 0.0 ms]
      [Code Root Purge: 0.0 ms]
      [Clear CT: 0.2 ms]
      [Other: 0.9 ms]
         [Choose CSet: 0.0 ms]
         [Ref Proc: 0.5 ms]
         [Ref Enq: 0.0 ms]
         [Redirty Cards: 0.2 ms]
         [Humongous Register: 0.0 ms]
         [Humongous Reclaim: 0.0 ms]
         [Free CSet: 0.0 ms]
      [Eden: 44.0M(44.0M)->0.0B(65.0M) Survivors: 7168.0K->7168.0K Heap: 96.5M(1024.0M)->60.1M(1024.0M)]
    [Times: user=0.00 sys=0.00, real=0.01 secs] 
   2020-11-01T23:28:13.413+0800: 0.267: [GC pause (G1 Evacuation Pause) (young), 0.0056466 secs]
      [Parallel Time: 4.7 ms, GC Workers: 8]
         [GC Worker Start (ms): Min: 267.5, Avg: 267.6, Max: 267.6, Diff: 0.1]
         [Ext Root Scanning (ms): Min: 0.0, Avg: 0.1, Max: 0.2, Diff: 0.2, Sum: 0.9]
         [Update RS (ms): Min: 0.1, Avg: 0.1, Max: 0.1, Diff: 0.1, Sum: 0.9]
            [Processed Buffers: Min: 0, Avg: 1.5, Max: 2, Diff: 2, Sum: 12]
         [Scan RS (ms): Min: 0.0, Avg: 0.0, Max: 0.0, Diff: 0.0, Sum: 0.0]
         [Code Root Scanning (ms): Min: 0.0, Avg: 0.0, Max: 0.0, Diff: 0.0, Sum: 0.0]
         [Object Copy (ms): Min: 4.1, Avg: 4.1, Max: 4.2, Diff: 0.1, Sum: 33.2]
         [Termination (ms): Min: 0.0, Avg: 0.1, Max: 0.2, Diff: 0.2, Sum: 0.8]
            [Termination Attempts: Min: 1, Avg: 1.8, Max: 3, Diff: 2, Sum: 14]
         [GC Worker Other (ms): Min: 0.0, Avg: 0.0, Max: 0.0, Diff: 0.0, Sum: 0.1]
         [GC Worker Total (ms): Min: 4.4, Avg: 4.5, Max: 4.6, Diff: 0.1, Sum: 35.8]
         [GC Worker End (ms): Min: 272.1, Avg: 272.1, Max: 272.1, Diff: 0.0]
      [Code Root Fixup: 0.0 ms]
      [Code Root Purge: 0.0 ms]
      [Clear CT: 0.3 ms]
      [Other: 0.6 ms]
         [Choose CSet: 0.0 ms]
         [Ref Proc: 0.2 ms]
         [Ref Enq: 0.0 ms]
         [Redirty Cards: 0.2 ms]
         [Humongous Register: 0.0 ms]
         [Humongous Reclaim: 0.0 ms]
         [Free CSet: 0.0 ms]
      [Eden: 65.0M(65.0M)->0.0B(128.0M) Survivors: 7168.0K->9216.0K Heap: 138.5M(1024.0M)->86.6M(1024.0M)]
    [Times: user=0.00 sys=0.00, real=0.00 secs] 
   2020-11-01T23:28:13.480+0800: 0.335: [GC pause (G1 Evacuation Pause) (young), 0.0095368 secs]
      [Parallel Time: 8.2 ms, GC Workers: 8]
         [GC Worker Start (ms): Min: 335.3, Avg: 335.4, Max: 335.4, Diff: 0.1]
         [Ext Root Scanning (ms): Min: 0.1, Avg: 0.1, Max: 0.2, Diff: 0.1, Sum: 1.0]
         [Update RS (ms): Min: 0.1, Avg: 0.1, Max: 0.2, Diff: 0.0, Sum: 1.2]
            [Processed Buffers: Min: 0, Avg: 2.1, Max: 3, Diff: 3, Sum: 17]
         [Scan RS (ms): Min: 0.0, Avg: 0.0, Max: 0.0, Diff: 0.0, Sum: 0.1]
         [Code Root Scanning (ms): Min: 0.0, Avg: 0.0, Max: 0.0, Diff: 0.0, Sum: 0.0]
         [Object Copy (ms): Min: 7.4, Avg: 7.5, Max: 7.7, Diff: 0.3, Sum: 59.9]
         [Termination (ms): Min: 0.0, Avg: 0.2, Max: 0.3, Diff: 0.3, Sum: 1.5]
            [Termination Attempts: Min: 1, Avg: 1.3, Max: 3, Diff: 2, Sum: 10]
         [GC Worker Other (ms): Min: 0.0, Avg: 0.0, Max: 0.0, Diff: 0.0, Sum: 0.1]
         [GC Worker Total (ms): Min: 7.9, Avg: 8.0, Max: 8.0, Diff: 0.1, Sum: 63.7]
         [GC Worker End (ms): Min: 343.3, Avg: 343.3, Max: 343.4, Diff: 0.0]
      [Code Root Fixup: 0.0 ms]
      [Code Root Purge: 0.0 ms]
      [Clear CT: 0.5 ms]
      [Other: 0.9 ms]
         [Choose CSet: 0.0 ms]
         [Ref Proc: 0.2 ms]
         [Ref Enq: 0.0 ms]
         [Redirty Cards: 0.3 ms]
         [Humongous Register: 0.1 ms]
         [Humongous Reclaim: 0.1 ms]
         [Free CSet: 0.1 ms]
      [Eden: 128.0M(128.0M)->0.0B(103.0M) Survivors: 9216.0K->18.0M Heap: 240.7M(1024.0M)->131.5M(1024.0M)]
    [Times: user=0.05 sys=0.06, real=0.01 secs] 
   2020-11-01T23:28:13.517+0800: 0.372: [GC pause (G1 Evacuation Pause) (young), 0.0092074 secs]
      [Parallel Time: 7.7 ms, GC Workers: 8]
         [GC Worker Start (ms): Min: 371.8, Avg: 371.9, Max: 372.0, Diff: 0.2]
         [Ext Root Scanning (ms): Min: 0.0, Avg: 0.1, Max: 0.2, Diff: 0.2, Sum: 0.9]
         [Update RS (ms): Min: 0.1, Avg: 0.2, Max: 0.7, Diff: 0.6, Sum: 1.9]
            [Processed Buffers: Min: 0, Avg: 2.3, Max: 4, Diff: 4, Sum: 18]
         [Scan RS (ms): Min: 0.0, Avg: 0.0, Max: 0.0, Diff: 0.0, Sum: 0.1]
         [Code Root Scanning (ms): Min: 0.0, Avg: 0.0, Max: 0.0, Diff: 0.0, Sum: 0.0]
         [Object Copy (ms): Min: 6.7, Avg: 7.0, Max: 7.3, Diff: 0.6, Sum: 56.4]
         [Termination (ms): Min: 0.0, Avg: 0.2, Max: 0.4, Diff: 0.4, Sum: 1.4]
            [Termination Attempts: Min: 1, Avg: 1.0, Max: 1, Diff: 0, Sum: 8]
         [GC Worker Other (ms): Min: 0.0, Avg: 0.0, Max: 0.0, Diff: 0.0, Sum: 0.1]
         [GC Worker Total (ms): Min: 7.5, Avg: 7.6, Max: 7.7, Diff: 0.2, Sum: 60.8]
         [GC Worker End (ms): Min: 379.5, Avg: 379.5, Max: 379.5, Diff: 0.0]
      [Code Root Fixup: 0.0 ms]
      [Code Root Purge: 0.0 ms]
      [Clear CT: 0.2 ms]
      [Other: 1.3 ms]
         [Choose CSet: 0.0 ms]
         [Ref Proc: 0.1 ms]
         [Ref Enq: 0.0 ms]
         [Redirty Cards: 0.3 ms]
         [Humongous Register: 0.1 ms]
         [Humongous Reclaim: 0.2 ms]
         [Free CSet: 0.2 ms]
      [Eden: 103.0M(103.0M)->0.0B(143.0M) Survivors: 18.0M->16.0M Heap: 261.6M(1024.0M)->173.3M(1024.0M)]
    [Times: user=0.11 sys=0.00, real=0.01 secs] 
   2020-11-01T23:28:13.573+0800: 0.428: [GC pause (G1 Evacuation Pause) (young), 0.0100296 secs]
      [Parallel Time: 8.8 ms, GC Workers: 8]
         [GC Worker Start (ms): Min: 428.2, Avg: 428.2, Max: 428.3, Diff: 0.1]
         [Ext Root Scanning (ms): Min: 0.1, Avg: 0.1, Max: 0.2, Diff: 0.1, Sum: 1.0]
         [Update RS (ms): Min: 0.1, Avg: 0.2, Max: 0.2, Diff: 0.1, Sum: 1.4]
            [Processed Buffers: Min: 0, Avg: 2.5, Max: 3, Diff: 3, Sum: 20]
         [Scan RS (ms): Min: 0.0, Avg: 0.0, Max: 0.0, Diff: 0.0, Sum: 0.1]
         [Code Root Scanning (ms): Min: 0.0, Avg: 0.0, Max: 0.0, Diff: 0.0, Sum: 0.0]
         [Object Copy (ms): Min: 7.9, Avg: 8.1, Max: 8.3, Diff: 0.4, Sum: 64.8]
         [Termination (ms): Min: 0.0, Avg: 0.2, Max: 0.3, Diff: 0.3, Sum: 1.4]
            [Termination Attempts: Min: 1, Avg: 1.8, Max: 3, Diff: 2, Sum: 14]
         [GC Worker Other (ms): Min: 0.0, Avg: 0.0, Max: 0.0, Diff: 0.0, Sum: 0.1]
         [GC Worker Total (ms): Min: 8.5, Avg: 8.6, Max: 8.7, Diff: 0.1, Sum: 68.8]
         [GC Worker End (ms): Min: 436.8, Avg: 436.8, Max: 436.9, Diff: 0.0]
      [Code Root Fixup: 0.0 ms]
      [Code Root Purge: 0.0 ms]
      [Clear CT: 0.2 ms]
      [Other: 1.1 ms]
         [Choose CSet: 0.0 ms]
         [Ref Proc: 0.2 ms]
         [Ref Enq: 0.0 ms]
         [Redirty Cards: 0.3 ms]
         [Humongous Register: 0.1 ms]
         [Humongous Reclaim: 0.1 ms]
         [Free CSet: 0.2 ms]
      [Eden: 143.0M(143.0M)->0.0B(318.0M) Survivors: 16.0M->20.0M Heap: 361.7M(1024.0M)->223.7M(1024.0M)]
    [Times: user=0.03 sys=0.09, real=0.01 secs] 
   2020-11-01T23:28:13.740+0800: 0.595: [GC pause (G1 Evacuation Pause) (young), 0.0234957 secs]
      [Parallel Time: 22.0 ms, GC Workers: 8]
         [GC Worker Start (ms): Min: 595.2, Avg: 595.3, Max: 595.3, Diff: 0.1]
         [Ext Root Scanning (ms): Min: 0.1, Avg: 0.1, Max: 0.2, Diff: 0.1, Sum: 0.9]
         [Update RS (ms): Min: 0.1, Avg: 0.2, Max: 0.4, Diff: 0.2, Sum: 1.7]
            [Processed Buffers: Min: 0, Avg: 2.5, Max: 3, Diff: 3, Sum: 20]
         [Scan RS (ms): Min: 0.0, Avg: 0.0, Max: 0.1, Diff: 0.1, Sum: 0.2]
         [Code Root Scanning (ms): Min: 0.0, Avg: 0.0, Max: 0.0, Diff: 0.0, Sum: 0.0]
         [Object Copy (ms): Min: 20.8, Avg: 21.2, Max: 21.4, Diff: 0.6, Sum: 169.4]
         [Termination (ms): Min: 0.0, Avg: 0.3, Max: 0.5, Diff: 0.5, Sum: 2.1]
            [Termination Attempts: Min: 1, Avg: 1.9, Max: 3, Diff: 2, Sum: 15]
         [GC Worker Other (ms): Min: 0.0, Avg: 0.0, Max: 0.1, Diff: 0.0, Sum: 0.2]
         [GC Worker Total (ms): Min: 21.8, Avg: 21.8, Max: 21.9, Diff: 0.1, Sum: 174.5]
         [GC Worker End (ms): Min: 617.1, Avg: 617.1, Max: 617.1, Diff: 0.0]
      [Code Root Fixup: 0.0 ms]
      [Code Root Purge: 0.0 ms]
      [Clear CT: 0.2 ms]
      [Other: 1.3 ms]
         [Choose CSet: 0.0 ms]
         [Ref Proc: 0.2 ms]
         [Ref Enq: 0.0 ms]
         [Redirty Cards: 0.2 ms]
         [Humongous Register: 0.1 ms]
         [Humongous Reclaim: 0.3 ms]
         [Free CSet: 0.3 ms]
      [Eden: 318.0M(318.0M)->0.0B(177.0M) Survivors: 20.0M->43.0M Heap: 624.4M(1024.0M)->330.9M(1024.0M)]
    [Times: user=0.00 sys=0.13, real=0.02 secs] 
   2020-11-01T23:28:13.806+0800: 0.661: [GC pause (G1 Evacuation Pause) (young), 0.0147864 secs]
      [Parallel Time: 13.4 ms, GC Workers: 8]
         [GC Worker Start (ms): Min: 660.9, Avg: 661.0, Max: 661.1, Diff: 0.2]
         [Ext Root Scanning (ms): Min: 0.0, Avg: 0.1, Max: 0.2, Diff: 0.2, Sum: 0.8]
         [Update RS (ms): Min: 0.1, Avg: 0.2, Max: 0.8, Diff: 0.7, Sum: 1.9]
            [Processed Buffers: Min: 0, Avg: 2.1, Max: 3, Diff: 3, Sum: 17]
         [Scan RS (ms): Min: 0.0, Avg: 0.0, Max: 0.0, Diff: 0.0, Sum: 0.2]
         [Code Root Scanning (ms): Min: 0.0, Avg: 0.0, Max: 0.0, Diff: 0.0, Sum: 0.0]
         [Object Copy (ms): Min: 12.3, Avg: 12.6, Max: 12.7, Diff: 0.5, Sum: 100.8]
         [Termination (ms): Min: 0.0, Avg: 0.2, Max: 0.4, Diff: 0.4, Sum: 1.9]
            [Termination Attempts: Min: 1, Avg: 1.0, Max: 1, Diff: 0, Sum: 8]
         [GC Worker Other (ms): Min: 0.0, Avg: 0.0, Max: 0.0, Diff: 0.0, Sum: 0.2]
         [GC Worker Total (ms): Min: 13.1, Avg: 13.2, Max: 13.3, Diff: 0.2, Sum: 105.8]
         [GC Worker End (ms): Min: 674.2, Avg: 674.2, Max: 674.2, Diff: 0.0]
      [Code Root Fixup: 0.0 ms]
      [Code Root Purge: 0.0 ms]
      [Clear CT: 0.2 ms]
      [Other: 1.2 ms]
         [Choose CSet: 0.0 ms]
         [Ref Proc: 0.3 ms]
         [Ref Enq: 0.0 ms]
         [Redirty Cards: 0.2 ms]
         [Humongous Register: 0.2 ms]
         [Humongous Reclaim: 0.2 ms]
         [Free CSet: 0.1 ms]
      [Eden: 177.0M(177.0M)->0.0B(298.0M) Survivors: 43.0M->28.0M Heap: 564.5M(1024.0M)->383.5M(1024.0M)]
    [Times: user=0.00 sys=0.11, real=0.02 secs] 
   2020-11-01T23:28:13.851+0800: 0.705: [GC pause (G1 Humongous Allocation) (young) (initial-mark), 0.0101900 secs]
      [Parallel Time: 8.7 ms, GC Workers: 8]
         [GC Worker Start (ms): Min: 705.7, Avg: 705.7, Max: 705.9, Diff: 0.2]
         [Ext Root Scanning (ms): Min: 0.0, Avg: 0.5, Max: 2.8, Diff: 2.8, Sum: 3.9]
         [Update RS (ms): Min: 0.0, Avg: 0.2, Max: 0.8, Diff: 0.8, Sum: 1.8]
            [Processed Buffers: Min: 0, Avg: 2.3, Max: 4, Diff: 4, Sum: 18]
         [Scan RS (ms): Min: 0.0, Avg: 0.0, Max: 0.0, Diff: 0.0, Sum: 0.2]
         [Code Root Scanning (ms): Min: 0.0, Avg: 0.0, Max: 0.0, Diff: 0.0, Sum: 0.0]
         [Object Copy (ms): Min: 5.4, Avg: 7.5, Max: 8.1, Diff: 2.7, Sum: 59.9]
         [Termination (ms): Min: 0.0, Avg: 0.2, Max: 0.3, Diff: 0.3, Sum: 1.7]
            [Termination Attempts: Min: 1, Avg: 1.8, Max: 3, Diff: 2, Sum: 14]
         [GC Worker Other (ms): Min: 0.0, Avg: 0.0, Max: 0.1, Diff: 0.1, Sum: 0.3]
         [GC Worker Total (ms): Min: 8.3, Avg: 8.5, Max: 8.6, Diff: 0.2, Sum: 67.8]
         [GC Worker End (ms): Min: 714.2, Avg: 714.2, Max: 714.2, Diff: 0.1]
      [Code Root Fixup: 0.0 ms]
      [Code Root Purge: 0.0 ms]
      [Clear CT: 0.2 ms]
      [Other: 1.3 ms]
         [Choose CSet: 0.0 ms]
         [Ref Proc: 0.1 ms]
         [Ref Enq: 0.0 ms]
         [Redirty Cards: 0.2 ms]
         [Humongous Register: 0.1 ms]
         [Humongous Reclaim: 0.3 ms]
         [Free CSet: 0.3 ms]
      [Eden: 159.0M(298.0M)->0.0B(332.0M) Survivors: 28.0M->41.0M Heap: 579.4M(1024.0M)->426.2M(1024.0M)]
    [Times: user=0.00 sys=0.00, real=0.01 secs] 
   2020-11-01T23:28:13.861+0800: 0.716: [GC concurrent-root-region-scan-start]
   2020-11-01T23:28:13.861+0800: 0.716: [GC concurrent-root-region-scan-end, 0.0002236 secs]
   2020-11-01T23:28:13.861+0800: 0.716: [GC concurrent-mark-start]
   2020-11-01T23:28:13.865+0800: 0.720: [GC concurrent-mark-end, 0.0037919 secs]
   2020-11-01T23:28:13.865+0800: 0.720: [GC remark 2020-11-01T23:28:13.865+0800: 0.720: [Finalize Marking, 0.0001670 secs] 2020-11-01T23:28:13.865+0800: 0.720: [GC ref-proc, 0.0002781 secs] 2020-11-01T23:28:13.866+0800: 0.720: [Unloading, 0.0007930 secs], 0.0020040 secs]
    [Times: user=0.00 sys=0.00, real=0.00 secs] 
   2020-11-01T23:28:13.867+0800: 0.722: [GC cleanup 444M->431M(1024M), 0.0008198 secs]
    [Times: user=0.00 sys=0.00, real=0.00 secs] 
   2020-11-01T23:28:13.868+0800: 0.723: [GC concurrent-cleanup-start]
   2020-11-01T23:28:13.868+0800: 0.723: [GC concurrent-cleanup-end, 0.0000208 secs]
   2020-11-01T23:28:13.966+0800: 0.821: [GC pause (G1 Evacuation Pause) (young) (to-space exhausted), 0.0284572 secs]
      [Parallel Time: 26.6 ms, GC Workers: 8]
         [GC Worker Start (ms): Min: 821.0, Avg: 821.1, Max: 821.1, Diff: 0.1]
         [Ext Root Scanning (ms): Min: 0.1, Avg: 0.1, Max: 0.2, Diff: 0.1, Sum: 0.9]
         [Update RS (ms): Min: 0.1, Avg: 0.3, Max: 1.0, Diff: 0.8, Sum: 2.2]
            [Processed Buffers: Min: 0, Avg: 2.4, Max: 3, Diff: 3, Sum: 19]
         [Scan RS (ms): Min: 0.0, Avg: 0.0, Max: 0.1, Diff: 0.1, Sum: 0.3]
         [Code Root Scanning (ms): Min: 0.0, Avg: 0.0, Max: 0.0, Diff: 0.0, Sum: 0.0]
         [Object Copy (ms): Min: 25.3, Avg: 25.9, Max: 26.1, Diff: 0.8, Sum: 207.5]
         [Termination (ms): Min: 0.0, Avg: 0.1, Max: 0.1, Diff: 0.1, Sum: 0.4]
            [Termination Attempts: Min: 1, Avg: 2.0, Max: 3, Diff: 2, Sum: 16]
         [GC Worker Other (ms): Min: 0.0, Avg: 0.0, Max: 0.0, Diff: 0.0, Sum: 0.1]
         [GC Worker Total (ms): Min: 26.4, Avg: 26.4, Max: 26.5, Diff: 0.2, Sum: 211.4]
         [GC Worker End (ms): Min: 847.5, Avg: 847.5, Max: 847.6, Diff: 0.1]
      [Code Root Fixup: 0.0 ms]
      [Code Root Purge: 0.0 ms]
      [Clear CT: 0.2 ms]
      [Other: 1.6 ms]
         [Evacuation Failure: 0.4 ms]
         [Choose CSet: 0.0 ms]
         [Ref Proc: 0.1 ms]
         [Ref Enq: 0.0 ms]
         [Redirty Cards: 0.2 ms]
         [Humongous Register: 0.1 ms]
         [Humongous Reclaim: 0.3 ms]
         [Free CSet: 0.3 ms]
      [Eden: 332.0M(332.0M)->0.0B(5120.0K) Survivors: 41.0M->47.0M Heap: 830.2M(1024.0M)->600.9M(1024.0M)]
    [Times: user=0.03 sys=0.16, real=0.03 secs] 
   2020-11-01T23:28:13.996+0800: 0.851: [GC pause (G1 Evacuation Pause) (mixed), 0.0118552 secs]
      [Parallel Time: 10.7 ms, GC Workers: 8]
         [GC Worker Start (ms): Min: 850.9, Avg: 851.0, Max: 851.1, Diff: 0.2]
         [Ext Root Scanning (ms): Min: 0.0, Avg: 0.1, Max: 0.2, Diff: 0.2, Sum: 0.9]
         [Update RS (ms): Min: 0.1, Avg: 0.1, Max: 0.2, Diff: 0.1, Sum: 1.0]
            [Processed Buffers: Min: 1, Avg: 2.0, Max: 5, Diff: 4, Sum: 16]
         [Scan RS (ms): Min: 0.0, Avg: 0.1, Max: 0.1, Diff: 0.1, Sum: 0.4]
         [Code Root Scanning (ms): Min: 0.0, Avg: 0.0, Max: 0.0, Diff: 0.0, Sum: 0.0]
         [Object Copy (ms): Min: 9.8, Avg: 10.0, Max: 10.2, Diff: 0.4, Sum: 79.7]
         [Termination (ms): Min: 0.0, Avg: 0.2, Max: 0.4, Diff: 0.4, Sum: 1.7]
            [Termination Attempts: Min: 1, Avg: 1.0, Max: 1, Diff: 0, Sum: 8]
         [GC Worker Other (ms): Min: 0.0, Avg: 0.0, Max: 0.0, Diff: 0.0, Sum: 0.1]
         [GC Worker Total (ms): Min: 10.3, Avg: 10.5, Max: 10.6, Diff: 0.2, Sum: 83.8]
         [GC Worker End (ms): Min: 861.5, Avg: 861.5, Max: 861.5, Diff: 0.0]
      [Code Root Fixup: 0.0 ms]
      [Code Root Purge: 0.0 ms]
      [Clear CT: 0.2 ms]
      [Other: 1.0 ms]
         [Choose CSet: 0.1 ms]
         [Ref Proc: 0.2 ms]
         [Ref Enq: 0.0 ms]
         [Redirty Cards: 0.2 ms]
         [Humongous Register: 0.2 ms]
         [Humongous Reclaim: 0.0 ms]
         [Free CSet: 0.2 ms]
      [Eden: 5120.0K(5120.0K)->0.0B(267.0M) Survivors: 47.0M->3072.0K Heap: 605.9M(1024.0M)->516.9M(1024.0M)]
    [Times: user=0.00 sys=0.08, real=0.01 secs] 
   2020-11-01T23:28:14.008+0800: 0.863: [GC pause (G1 Humongous Allocation) (young) (initial-mark), 0.0012956 secs]
      [Parallel Time: 0.6 ms, GC Workers: 8]
         [GC Worker Start (ms): Min: 863.0, Avg: 863.0, Max: 863.2, Diff: 0.2]
         [Ext Root Scanning (ms): Min: 0.0, Avg: 0.2, Max: 0.3, Diff: 0.3, Sum: 1.5]
         [Update RS (ms): Min: 0.0, Avg: 0.1, Max: 0.3, Diff: 0.3, Sum: 0.9]
            [Processed Buffers: Min: 0, Avg: 1.1, Max: 3, Diff: 3, Sum: 9]
         [Scan RS (ms): Min: 0.0, Avg: 0.0, Max: 0.0, Diff: 0.0, Sum: 0.0]
         [Code Root Scanning (ms): Min: 0.0, Avg: 0.0, Max: 0.0, Diff: 0.0, Sum: 0.0]
         [Object Copy (ms): Min: 0.0, Avg: 0.1, Max: 0.2, Diff: 0.2, Sum: 0.9]
         [Termination (ms): Min: 0.0, Avg: 0.0, Max: 0.1, Diff: 0.1, Sum: 0.4]
            [Termination Attempts: Min: 1, Avg: 1.0, Max: 1, Diff: 0, Sum: 8]
         [GC Worker Other (ms): Min: 0.0, Avg: 0.0, Max: 0.0, Diff: 0.0, Sum: 0.1]
         [GC Worker Total (ms): Min: 0.4, Avg: 0.5, Max: 0.5, Diff: 0.2, Sum: 3.7]
         [GC Worker End (ms): Min: 863.5, Avg: 863.5, Max: 863.5, Diff: 0.0]
      [Code Root Fixup: 0.0 ms]
      [Code Root Purge: 0.0 ms]
      [Clear CT: 0.1 ms]
      [Other: 0.6 ms]
         [Choose CSet: 0.0 ms]
         [Ref Proc: 0.2 ms]
         [Ref Enq: 0.0 ms]
         [Redirty Cards: 0.1 ms]
         [Humongous Register: 0.1 ms]
         [Humongous Reclaim: 0.0 ms]
         [Free CSet: 0.0 ms]
      [Eden: 2048.0K(267.0M)->0.0B(283.0M) Survivors: 3072.0K->2048.0K Heap: 518.0M(1024.0M)->516.5M(1024.0M)]
    [Times: user=0.00 sys=0.00, real=0.00 secs] 
   2020-11-01T23:28:14.010+0800: 0.864: [GC concurrent-root-region-scan-start]
   2020-11-01T23:28:14.010+0800: 0.865: [GC concurrent-root-region-scan-end, 0.0001810 secs]
   2020-11-01T23:28:14.010+0800: 0.865: [GC concurrent-mark-start]
   2020-11-01T23:28:14.012+0800: 0.867: [GC concurrent-mark-end, 0.0025413 secs]
   2020-11-01T23:28:14.012+0800: 0.867: [GC remark 2020-11-01T23:28:14.012+0800: 0.867: [Finalize Marking, 0.0001338 secs] 2020-11-01T23:28:14.013+0800: 0.867: [GC ref-proc, 0.0002609 secs] 2020-11-01T23:28:14.013+0800: 0.868: [Unloading, 0.0005576 secs], 0.0018374 secs]
    [Times: user=0.00 sys=0.00, real=0.00 secs] 
   2020-11-01T23:28:14.014+0800: 0.869: [GC cleanup 530M->529M(1024M), 0.0007884 secs]
    [Times: user=0.00 sys=0.00, real=0.00 secs] 
   2020-11-01T23:28:14.015+0800: 0.870: [GC concurrent-cleanup-start]
   2020-11-01T23:28:14.015+0800: 0.870: [GC concurrent-cleanup-end, 0.0000093 secs]
   2020-11-01T23:28:14.072+0800: 0.927: [GC pause (G1 Evacuation Pause) (young) (to-space exhausted), 0.0085742 secs]
      [Parallel Time: 7.2 ms, GC Workers: 8]
         [GC Worker Start (ms): Min: 926.9, Avg: 927.0, Max: 927.3, Diff: 0.5]
         [Ext Root Scanning (ms): Min: 0.0, Avg: 0.1, Max: 0.2, Diff: 0.1, Sum: 0.8]
         [Update RS (ms): Min: 0.0, Avg: 0.3, Max: 0.9, Diff: 0.9, Sum: 2.3]
            [Processed Buffers: Min: 0, Avg: 3.0, Max: 5, Diff: 5, Sum: 24]
         [Scan RS (ms): Min: 0.0, Avg: 0.0, Max: 0.1, Diff: 0.0, Sum: 0.3]
         [Code Root Scanning (ms): Min: 0.0, Avg: 0.0, Max: 0.0, Diff: 0.0, Sum: 0.0]
         [Object Copy (ms): Min: 6.0, Avg: 6.5, Max: 6.6, Diff: 0.7, Sum: 52.1]
         [Termination (ms): Min: 0.0, Avg: 0.0, Max: 0.1, Diff: 0.1, Sum: 0.3]
            [Termination Attempts: Min: 1, Avg: 1.1, Max: 2, Diff: 1, Sum: 9]
         [GC Worker Other (ms): Min: 0.0, Avg: 0.0, Max: 0.0, Diff: 0.0, Sum: 0.1]
         [GC Worker Total (ms): Min: 6.6, Avg: 7.0, Max: 7.1, Diff: 0.5, Sum: 55.8]
         [GC Worker End (ms): Min: 933.9, Avg: 933.9, Max: 933.9, Diff: 0.0]
      [Code Root Fixup: 0.0 ms]
      [Code Root Purge: 0.0 ms]
      [Clear CT: 0.3 ms]
      [Other: 1.2 ms]
         [Evacuation Failure: 0.5 ms]
         [Choose CSet: 0.0 ms]
         [Ref Proc: 0.1 ms]
         [Ref Enq: 0.0 ms]
         [Redirty Cards: 0.1 ms]
         [Humongous Register: 0.1 ms]
         [Humongous Reclaim: 0.1 ms]
         [Free CSet: 0.1 ms]
      [Eden: 283.0M(283.0M)->0.0B(15.0M) Survivors: 2048.0K->36.0M Heap: 875.9M(1024.0M)->718.0M(1024.0M)]
    [Times: user=0.02 sys=0.00, real=0.01 secs] 
   2020-11-01T23:28:14.085+0800: 0.940: [GC pause (G1 Evacuation Pause) (mixed), 0.0076809 secs]
      [Parallel Time: 6.7 ms, GC Workers: 8]
         [GC Worker Start (ms): Min: 940.3, Avg: 940.6, Max: 942.3, Diff: 2.0]
         [Ext Root Scanning (ms): Min: 0.0, Avg: 0.1, Max: 0.2, Diff: 0.2, Sum: 0.9]
         [Update RS (ms): Min: 0.0, Avg: 0.3, Max: 0.8, Diff: 0.8, Sum: 2.5]
            [Processed Buffers: Min: 0, Avg: 3.6, Max: 6, Diff: 6, Sum: 29]
         [Scan RS (ms): Min: 0.0, Avg: 0.1, Max: 0.3, Diff: 0.3, Sum: 0.7]
         [Code Root Scanning (ms): Min: 0.0, Avg: 0.0, Max: 0.0, Diff: 0.0, Sum: 0.0]
         [Object Copy (ms): Min: 4.4, Avg: 5.6, Max: 6.0, Diff: 1.5, Sum: 45.2]
         [Termination (ms): Min: 0.0, Avg: 0.1, Max: 0.2, Diff: 0.2, Sum: 1.1]
            [Termination Attempts: Min: 1, Avg: 1.0, Max: 1, Diff: 0, Sum: 8]
         [GC Worker Other (ms): Min: 0.0, Avg: 0.0, Max: 0.0, Diff: 0.0, Sum: 0.1]
         [GC Worker Total (ms): Min: 4.6, Avg: 6.3, Max: 6.6, Diff: 2.0, Sum: 50.4]
         [GC Worker End (ms): Min: 946.9, Avg: 946.9, Max: 946.9, Diff: 0.0]
      [Code Root Fixup: 0.0 ms]
      [Code Root Purge: 0.0 ms]
      [Clear CT: 0.2 ms]
      [Other: 0.8 ms]
         [Choose CSet: 0.0 ms]
         [Ref Proc: 0.1 ms]
         [Ref Enq: 0.0 ms]
         [Redirty Cards: 0.2 ms]
         [Humongous Register: 0.1 ms]
         [Humongous Reclaim: 0.1 ms]
         [Free CSet: 0.2 ms]
      [Eden: 15.0M(15.0M)->0.0B(46.0M) Survivors: 36.0M->5120.0K Heap: 736.1M(1024.0M)->625.7M(1024.0M)]
    [Times: user=0.00 sys=0.00, real=0.01 secs] 
   2020-11-01T23:28:14.101+0800: 0.956: [GC pause (G1 Evacuation Pause) (mixed), 0.0058222 secs]
      [Parallel Time: 4.8 ms, GC Workers: 8]
         [GC Worker Start (ms): Min: 956.5, Avg: 956.6, Max: 956.6, Diff: 0.1]
         [Ext Root Scanning (ms): Min: 0.1, Avg: 0.1, Max: 0.1, Diff: 0.1, Sum: 0.9]
         [Update RS (ms): Min: 0.2, Avg: 0.3, Max: 0.7, Diff: 0.5, Sum: 2.1]
            [Processed Buffers: Min: 0, Avg: 2.8, Max: 4, Diff: 4, Sum: 22]
         [Scan RS (ms): Min: 0.0, Avg: 0.0, Max: 0.1, Diff: 0.1, Sum: 0.3]
         [Code Root Scanning (ms): Min: 0.0, Avg: 0.0, Max: 0.0, Diff: 0.0, Sum: 0.0]
         [Object Copy (ms): Min: 3.8, Avg: 4.2, Max: 4.3, Diff: 0.5, Sum: 33.3]
         [Termination (ms): Min: 0.0, Avg: 0.1, Max: 0.1, Diff: 0.1, Sum: 0.6]
            [Termination Attempts: Min: 1, Avg: 1.3, Max: 2, Diff: 1, Sum: 10]
         [GC Worker Other (ms): Min: 0.0, Avg: 0.0, Max: 0.0, Diff: 0.0, Sum: 0.1]
         [GC Worker Total (ms): Min: 4.6, Avg: 4.6, Max: 4.7, Diff: 0.1, Sum: 37.2]
         [GC Worker End (ms): Min: 961.2, Avg: 961.2, Max: 961.3, Diff: 0.1]
      [Code Root Fixup: 0.0 ms]
      [Code Root Purge: 0.0 ms]
      [Clear CT: 0.2 ms]
      [Other: 0.9 ms]
         [Choose CSet: 0.1 ms]
         [Ref Proc: 0.2 ms]
         [Ref Enq: 0.0 ms]
         [Redirty Cards: 0.2 ms]
         [Humongous Register: 0.1 ms]
         [Humongous Reclaim: 0.1 ms]
         [Free CSet: 0.1 ms]
      [Eden: 46.0M(46.0M)->0.0B(229.0M) Survivors: 5120.0K->7168.0K Heap: 683.3M(1024.0M)->577.1M(1024.0M)]
    [Times: user=0.00 sys=0.00, real=0.01 secs] 
   2020-11-01T23:28:14.108+0800: 0.963: [GC pause (G1 Humongous Allocation) (young) (initial-mark), 0.0020470 secs]
      [Parallel Time: 1.1 ms, GC Workers: 8]
         [GC Worker Start (ms): Min: 963.1, Avg: 963.1, Max: 963.2, Diff: 0.1]
         [Ext Root Scanning (ms): Min: 0.1, Avg: 0.1, Max: 0.2, Diff: 0.1, Sum: 0.9]
         [Update RS (ms): Min: 0.0, Avg: 0.1, Max: 0.3, Diff: 0.3, Sum: 1.1]
            [Processed Buffers: Min: 1, Avg: 1.1, Max: 2, Diff: 1, Sum: 9]
         [Scan RS (ms): Min: 0.0, Avg: 0.0, Max: 0.0, Diff: 0.0, Sum: 0.0]
         [Code Root Scanning (ms): Min: 0.0, Avg: 0.0, Max: 0.0, Diff: 0.0, Sum: 0.0]
         [Object Copy (ms): Min: 0.4, Avg: 0.7, Max: 0.8, Diff: 0.3, Sum: 5.2]
         [Termination (ms): Min: 0.0, Avg: 0.1, Max: 0.1, Diff: 0.1, Sum: 0.5]
            [Termination Attempts: Min: 1, Avg: 1.0, Max: 1, Diff: 0, Sum: 8]
         [GC Worker Other (ms): Min: 0.0, Avg: 0.0, Max: 0.0, Diff: 0.0, Sum: 0.1]
         [GC Worker Total (ms): Min: 0.9, Avg: 1.0, Max: 1.0, Diff: 0.1, Sum: 7.8]
         [GC Worker End (ms): Min: 964.1, Avg: 964.1, Max: 964.1, Diff: 0.0]
      [Code Root Fixup: 0.0 ms]
      [Code Root Purge: 0.0 ms]
      [Clear CT: 0.2 ms]
      [Other: 0.7 ms]
         [Choose CSet: 0.0 ms]
         [Ref Proc: 0.2 ms]
         [Ref Enq: 0.0 ms]
         [Redirty Cards: 0.2 ms]
         [Humongous Register: 0.1 ms]
         [Humongous Reclaim: 0.1 ms]
         [Free CSet: 0.1 ms]
      [Eden: 4096.0K(229.0M)->0.0B(239.0M) Survivors: 7168.0K->9216.0K Heap: 580.5M(1024.0M)->577.9M(1024.0M)]
    [Times: user=0.00 sys=0.00, real=0.00 secs] 
   2020-11-01T23:28:14.110+0800: 0.965: [GC concurrent-root-region-scan-start]
   2020-11-01T23:28:14.110+0800: 0.965: [GC concurrent-root-region-scan-end, 0.0001495 secs]
   2020-11-01T23:28:14.110+0800: 0.965: [GC concurrent-mark-start]
   2020-11-01T23:28:14.114+0800: 0.968: [GC concurrent-mark-end, 0.0032054 secs]
   2020-11-01T23:28:14.114+0800: 0.969: [GC remark 2020-11-01T23:28:14.114+0800: 0.969: [Finalize Marking, 0.0001921 secs] 2020-11-01T23:28:14.114+0800: 0.969: [GC ref-proc, 0.0002593 secs] 2020-11-01T23:28:14.114+0800: 0.969: [Unloading, 0.0005179 secs], 0.0018859 secs]
    [Times: user=0.00 sys=0.00, real=0.00 secs] 
   2020-11-01T23:28:14.116+0800: 0.971: [GC cleanup 596M->591M(1024M), 0.0007557 secs]
    [Times: user=0.00 sys=0.00, real=0.00 secs] 
   2020-11-01T23:28:14.117+0800: 0.971: [GC concurrent-cleanup-start]
   2020-11-01T23:28:14.117+0800: 0.971: [GC concurrent-cleanup-end, 0.0000132 secs]
   2020-11-01T23:28:14.160+0800: 1.015: [GC pause (G1 Evacuation Pause) (young), 0.0105262 secs]
      [Parallel Time: 9.4 ms, GC Workers: 8]
         [GC Worker Start (ms): Min: 1015.2, Avg: 1015.3, Max: 1015.8, Diff: 0.7]
         [Ext Root Scanning (ms): Min: 0.0, Avg: 0.1, Max: 0.2, Diff: 0.2, Sum: 0.9]
         [Update RS (ms): Min: 0.0, Avg: 0.4, Max: 0.5, Diff: 0.5, Sum: 3.2]
            [Processed Buffers: Min: 0, Avg: 5.0, Max: 8, Diff: 8, Sum: 40]
         [Scan RS (ms): Min: 0.0, Avg: 0.0, Max: 0.0, Diff: 0.0, Sum: 0.2]
         [Code Root Scanning (ms): Min: 0.0, Avg: 0.0, Max: 0.0, Diff: 0.0, Sum: 0.0]
         [Object Copy (ms): Min: 8.3, Avg: 8.5, Max: 8.6, Diff: 0.3, Sum: 67.6]
         [Termination (ms): Min: 0.0, Avg: 0.1, Max: 0.3, Diff: 0.3, Sum: 1.2]
            [Termination Attempts: Min: 1, Avg: 1.0, Max: 1, Diff: 0, Sum: 8]
         [GC Worker Other (ms): Min: 0.0, Avg: 0.0, Max: 0.0, Diff: 0.0, Sum: 0.2]
         [GC Worker Total (ms): Min: 8.6, Avg: 9.2, Max: 9.3, Diff: 0.7, Sum: 73.2]
         [GC Worker End (ms): Min: 1024.4, Avg: 1024.4, Max: 1024.5, Diff: 0.0]
      [Code Root Fixup: 0.0 ms]
      [Code Root Purge: 0.0 ms]
      [Clear CT: 0.2 ms]
      [Other: 1.0 ms]
         [Choose CSet: 0.0 ms]
         [Ref Proc: 0.2 ms]
         [Ref Enq: 0.0 ms]
         [Redirty Cards: 0.2 ms]
         [Humongous Register: 0.1 ms]
         [Humongous Reclaim: 0.2 ms]
         [Free CSet: 0.1 ms]
      [Eden: 239.0M(239.0M)->0.0B(20.0M) Survivors: 9216.0K->31.0M Heap: 864.2M(1024.0M)->626.8M(1024.0M)]
    [Times: user=0.00 sys=0.00, real=0.01 secs] 
   2020-11-01T23:28:14.175+0800: 1.029: [GC pause (G1 Evacuation Pause) (mixed), 0.0072445 secs]
      [Parallel Time: 5.9 ms, GC Workers: 8]
         [GC Worker Start (ms): Min: 1029.6, Avg: 1029.6, Max: 1029.8, Diff: 0.2]
         [Ext Root Scanning (ms): Min: 0.0, Avg: 0.1, Max: 0.2, Diff: 0.2, Sum: 0.8]
         [Update RS (ms): Min: 0.2, Avg: 0.3, Max: 0.4, Diff: 0.2, Sum: 2.3]
            [Processed Buffers: Min: 0, Avg: 3.3, Max: 5, Diff: 5, Sum: 26]
         [Scan RS (ms): Min: 0.0, Avg: 0.0, Max: 0.1, Diff: 0.1, Sum: 0.3]
         [Code Root Scanning (ms): Min: 0.0, Avg: 0.0, Max: 0.0, Diff: 0.0, Sum: 0.0]
         [Object Copy (ms): Min: 5.1, Avg: 5.2, Max: 5.3, Diff: 0.2, Sum: 41.7]
         [Termination (ms): Min: 0.0, Avg: 0.1, Max: 0.1, Diff: 0.1, Sum: 0.6]
            [Termination Attempts: Min: 1, Avg: 1.1, Max: 2, Diff: 1, Sum: 9]
         [GC Worker Other (ms): Min: 0.0, Avg: 0.0, Max: 0.0, Diff: 0.0, Sum: 0.1]
         [GC Worker Total (ms): Min: 5.6, Avg: 5.7, Max: 5.8, Diff: 0.2, Sum: 45.7]
         [GC Worker End (ms): Min: 1035.4, Avg: 1035.4, Max: 1035.4, Diff: 0.0]
      [Code Root Fixup: 0.0 ms]
      [Code Root Purge: 0.0 ms]
      [Clear CT: 0.2 ms]
      [Other: 1.2 ms]
         [Choose CSet: 0.1 ms]
         [Ref Proc: 0.2 ms]
         [Ref Enq: 0.0 ms]
         [Redirty Cards: 0.3 ms]
         [Humongous Register: 0.1 ms]
         [Humongous Reclaim: 0.1 ms]
         [Free CSet: 0.3 ms]
      [Eden: 20.0M(20.0M)->0.0B(46.0M) Survivors: 31.0M->5120.0K Heap: 652.0M(1024.0M)->537.8M(1024.0M)]
    [Times: user=0.00 sys=0.00, real=0.01 secs] 
   2020-11-01T23:28:14.191+0800: 1.046: [GC pause (G1 Evacuation Pause) (mixed), 0.0062402 secs]
      [Parallel Time: 4.4 ms, GC Workers: 8]
         [GC Worker Start (ms): Min: 1046.1, Avg: 1046.1, Max: 1046.2, Diff: 0.1]
         [Ext Root Scanning (ms): Min: 0.0, Avg: 0.1, Max: 0.2, Diff: 0.1, Sum: 0.8]
         [Update RS (ms): Min: 0.2, Avg: 0.3, Max: 0.5, Diff: 0.3, Sum: 2.3]
            [Processed Buffers: Min: 0, Avg: 3.5, Max: 4, Diff: 4, Sum: 28]
         [Scan RS (ms): Min: 0.0, Avg: 0.0, Max: 0.1, Diff: 0.1, Sum: 0.3]
         [Code Root Scanning (ms): Min: 0.0, Avg: 0.0, Max: 0.0, Diff: 0.0, Sum: 0.0]
         [Object Copy (ms): Min: 3.6, Avg: 3.8, Max: 3.8, Diff: 0.2, Sum: 30.1]
         [Termination (ms): Min: 0.0, Avg: 0.1, Max: 0.1, Diff: 0.1, Sum: 0.7]
            [Termination Attempts: Min: 1, Avg: 1.1, Max: 2, Diff: 1, Sum: 9]
         [GC Worker Other (ms): Min: 0.0, Avg: 0.0, Max: 0.0, Diff: 0.0, Sum: 0.1]
         [GC Worker Total (ms): Min: 4.2, Avg: 4.3, Max: 4.3, Diff: 0.1, Sum: 34.2]
         [GC Worker End (ms): Min: 1050.4, Avg: 1050.4, Max: 1050.4, Diff: 0.0]
      [Code Root Fixup: 0.0 ms]
      [Code Root Purge: 0.0 ms]
      [Clear CT: 0.2 ms]
      [Other: 1.6 ms]
         [Choose CSet: 0.0 ms]
         [Ref Proc: 0.3 ms]
         [Ref Enq: 0.0 ms]
         [Redirty Cards: 0.4 ms]
         [Humongous Register: 0.1 ms]
         [Humongous Reclaim: 0.1 ms]
         [Free CSet: 0.4 ms]
      [Eden: 46.0M(46.0M)->0.0B(44.0M) Survivors: 5120.0K->7168.0K Heap: 596.1M(1024.0M)->474.9M(1024.0M)]
    [Times: user=0.00 sys=0.00, real=0.01 secs] 
   2020-11-01T23:28:14.207+0800: 1.062: [GC pause (G1 Evacuation Pause) (mixed), 0.0050799 secs]
      [Parallel Time: 4.2 ms, GC Workers: 8]
         [GC Worker Start (ms): Min: 1062.1, Avg: 1062.1, Max: 1062.2, Diff: 0.2]
         [Ext Root Scanning (ms): Min: 0.0, Avg: 0.1, Max: 0.1, Diff: 0.1, Sum: 0.8]
         [Update RS (ms): Min: 0.4, Avg: 0.5, Max: 0.5, Diff: 0.1, Sum: 3.7]
            [Processed Buffers: Min: 0, Avg: 5.4, Max: 8, Diff: 8, Sum: 43]
         [Scan RS (ms): Min: 0.0, Avg: 0.0, Max: 0.1, Diff: 0.1, Sum: 0.2]
         [Code Root Scanning (ms): Min: 0.0, Avg: 0.0, Max: 0.0, Diff: 0.0, Sum: 0.0]
         [Object Copy (ms): Min: 3.4, Avg: 3.4, Max: 3.5, Diff: 0.1, Sum: 27.4]
         [Termination (ms): Min: 0.0, Avg: 0.1, Max: 0.1, Diff: 0.1, Sum: 0.5]
            [Termination Attempts: Min: 1, Avg: 1.0, Max: 1, Diff: 0, Sum: 8]
         [GC Worker Other (ms): Min: 0.0, Avg: 0.0, Max: 0.0, Diff: 0.0, Sum: 0.1]
         [GC Worker Total (ms): Min: 4.0, Avg: 4.1, Max: 4.1, Diff: 0.2, Sum: 32.6]
         [GC Worker End (ms): Min: 1066.2, Avg: 1066.2, Max: 1066.2, Diff: 0.0]
      [Code Root Fixup: 0.0 ms]
      [Code Root Purge: 0.0 ms]
      [Clear CT: 0.1 ms]
      [Other: 0.7 ms]
         [Choose CSet: 0.0 ms]
         [Ref Proc: 0.2 ms]
         [Ref Enq: 0.0 ms]
         [Redirty Cards: 0.2 ms]
         [Humongous Register: 0.1 ms]
         [Humongous Reclaim: 0.0 ms]
         [Free CSet: 0.1 ms]
      [Eden: 44.0M(44.0M)->0.0B(311.0M) Survivors: 7168.0K->7168.0K Heap: 534.9M(1024.0M)->464.7M(1024.0M)]
    [Times: user=0.00 sys=0.00, real=0.00 secs] 
   2020-11-01T23:28:14.213+0800: 1.067: [GC pause (G1 Humongous Allocation) (young) (initial-mark), 0.0018074 secs]
      [Parallel Time: 1.1 ms, GC Workers: 8]
         [GC Worker Start (ms): Min: 1067.5, Avg: 1067.6, Max: 1067.7, Diff: 0.2]
         [Ext Root Scanning (ms): Min: 0.0, Avg: 0.2, Max: 0.9, Diff: 0.9, Sum: 1.9]
         [Update RS (ms): Min: 0.0, Avg: 0.1, Max: 0.3, Diff: 0.3, Sum: 0.7]
            [Processed Buffers: Min: 0, Avg: 1.1, Max: 2, Diff: 2, Sum: 9]
         [Scan RS (ms): Min: 0.0, Avg: 0.0, Max: 0.0, Diff: 0.0, Sum: 0.0]
         [Code Root Scanning (ms): Min: 0.0, Avg: 0.0, Max: 0.0, Diff: 0.0, Sum: 0.0]
         [Object Copy (ms): Min: 0.0, Avg: 0.6, Max: 0.8, Diff: 0.8, Sum: 4.8]
         [Termination (ms): Min: 0.0, Avg: 0.1, Max: 0.1, Diff: 0.1, Sum: 0.4]
            [Termination Attempts: Min: 1, Avg: 1.0, Max: 1, Diff: 0, Sum: 8]
         [GC Worker Other (ms): Min: 0.0, Avg: 0.0, Max: 0.0, Diff: 0.0, Sum: 0.1]
         [GC Worker Total (ms): Min: 0.9, Avg: 1.0, Max: 1.0, Diff: 0.2, Sum: 7.9]
         [GC Worker End (ms): Min: 1068.5, Avg: 1068.5, Max: 1068.6, Diff: 0.0]
      [Code Root Fixup: 0.0 ms]
      [Code Root Purge: 0.0 ms]
      [Clear CT: 0.1 ms]
      [Other: 0.5 ms]
         [Choose CSet: 0.0 ms]
         [Ref Proc: 0.2 ms]
         [Ref Enq: 0.0 ms]
         [Redirty Cards: 0.1 ms]
         [Humongous Register: 0.1 ms]
         [Humongous Reclaim: 0.0 ms]
         [Free CSet: 0.0 ms]
      [Eden: 2048.0K(311.0M)->0.0B(318.0M) Survivors: 7168.0K->8192.0K Heap: 466.4M(1024.0M)->465.5M(1024.0M)]
    [Times: user=0.00 sys=0.00, real=0.00 secs] 
   2020-11-01T23:28:14.215+0800: 1.069: [GC concurrent-root-region-scan-start]
   2020-11-01T23:28:14.215+0800: 1.069: [GC concurrent-root-region-scan-end, 0.0001194 secs]
   2020-11-01T23:28:14.215+0800: 1.069: [GC concurrent-mark-start]
   2020-11-01T23:28:14.217+0800: 1.072: [GC concurrent-mark-end, 0.0025975 secs]
   2020-11-01T23:28:14.217+0800: 1.072: [GC remark 2020-11-01T23:28:14.217+0800: 1.072: [Finalize Marking, 0.0001856 secs] 2020-11-01T23:28:14.218+0800: 1.072: [GC ref-proc, 0.0002519 secs] 2020-11-01T23:28:14.218+0800: 1.073: [Unloading, 0.0004603 secs], 0.0017797 secs]
    [Times: user=0.00 sys=0.00, real=0.00 secs] 
   2020-11-01T23:28:14.219+0800: 1.074: [GC cleanup 484M->479M(1024M), 0.0008124 secs]
    [Times: user=0.00 sys=0.00, real=0.00 secs] 
   2020-11-01T23:28:14.220+0800: 1.075: [GC concurrent-cleanup-start]
   2020-11-01T23:28:14.220+0800: 1.075: [GC concurrent-cleanup-end, 0.0000131 secs]
   2020-11-01T23:28:14.281+0800: 1.136: [GC pause (G1 Evacuation Pause) (young) (to-space exhausted), 0.0078302 secs]
      [Parallel Time: 6.5 ms, GC Workers: 8]
         [GC Worker Start (ms): Min: 1135.8, Avg: 1135.8, Max: 1135.8, Diff: 0.1]
         [Ext Root Scanning (ms): Min: 0.1, Avg: 0.1, Max: 0.1, Diff: 0.1, Sum: 0.8]
         [Update RS (ms): Min: 0.4, Avg: 0.5, Max: 0.5, Diff: 0.0, Sum: 3.8]
            [Processed Buffers: Min: 1, Avg: 6.6, Max: 9, Diff: 8, Sum: 53]
         [Scan RS (ms): Min: 0.0, Avg: 0.0, Max: 0.1, Diff: 0.0, Sum: 0.2]
         [Code Root Scanning (ms): Min: 0.0, Avg: 0.0, Max: 0.0, Diff: 0.0, Sum: 0.0]
         [Object Copy (ms): Min: 5.7, Avg: 5.8, Max: 5.8, Diff: 0.0, Sum: 46.0]
         [Termination (ms): Min: 0.0, Avg: 0.0, Max: 0.0, Diff: 0.0, Sum: 0.2]
            [Termination Attempts: Min: 1, Avg: 1.0, Max: 1, Diff: 0, Sum: 8]
         [GC Worker Other (ms): Min: 0.0, Avg: 0.0, Max: 0.0, Diff: 0.0, Sum: 0.2]
         [GC Worker Total (ms): Min: 6.4, Avg: 6.4, Max: 6.5, Diff: 0.1, Sum: 51.3]
         [GC Worker End (ms): Min: 1142.2, Avg: 1142.2, Max: 1142.2, Diff: 0.0]
      [Code Root Fixup: 0.0 ms]
      [Code Root Purge: 0.0 ms]
      [Clear CT: 0.2 ms]
      [Other: 1.2 ms]
         [Evacuation Failure: 0.4 ms]
         [Choose CSet: 0.0 ms]
         [Ref Proc: 0.2 ms]
         [Ref Enq: 0.0 ms]
         [Redirty Cards: 0.2 ms]
         [Humongous Register: 0.1 ms]
         [Humongous Reclaim: 0.2 ms]
         [Free CSet: 0.1 ms]
      [Eden: 318.0M(318.0M)->0.0B(10.0M) Survivors: 8192.0K->41.0M Heap: 863.6M(1024.0M)->682.9M(1024.0M)]
    [Times: user=0.13 sys=0.00, real=0.01 secs] 
   Heap
    garbage-first heap   total 1048576K, used 704150K [0x00000000c0000000, 0x00000000c0102000, 0x0000000100000000)
     region size 1024K, 46 young (47104K), 41 survivors (41984K)
    Metaspace       used 2841K, capacity 4486K, committed 4864K, reserved 1056768K
     class space    used 307K, capacity 386K, committed 512K, reserved 1048576K
    ```
3. 日志分析与总结
**系统环境**
```cmd
   Java HotSpot(TM) 64-Bit Server VM (25.152-b16) for windows-amd64 JRE (1.8.0_152-b16), built on Sep 14 2017 02:29:36 by "java_re" with MS VC++ 10.0 (VS2010)
   Memory: 4k page, physical 16643552k(8418396k free), swap 18811060k(3799852k free)
```
+ 64位windows系统，物理内存16G
+ JRE1.8

**JVM环境**
 ```cmd
CommandLine flags: -XX:InitialHeapSize=1073741824 -XX:MaxHeapSize=1073741824 -XX:+PrintGC -XX:+PrintGCDateStamps -XX:+PrintGCDetails -XX:+PrintGCTimeStamps -XX:+UseCompressedClassPointers -XX:+UseCompressedOops -XX:+UseG1GC -XX:-UseLargePagesIndividualAllocation
```
+ -XX:InitialHeapSize=1073741824 初始堆大小:1024M(1073741824/(1024*1024))
+ -XX:MaxHeapSize=1073741824 最大堆大小:1024M(1073741824/(1024*1024))
+ -XX:+PrintGC 打印GC信息
+ -XX:+PrintGCDateStamps 打印GC发生时的日期信息
+ -XX:+PrintGCDetails 打印详细的GC信息
+ -XX:+PrintGCTimeStamps 打印GC发生时的时间戳
+ -XX:+UseCompressedClassPointers 压缩类指针
+ -XX:+UseCompressedOops 压缩普通对象指针，从32位的虚拟机上迁移到64位的虚拟机上，会对指针进行相应的压缩处理
+ -XX:-UseLargePagesIndividualAllocation 使用大页面个体分配
+ -XX:+UseG1GC 

**总 结(UseG1GC)**
