# 系统默认GC打印日志
1. 执行命令 ：
    ```cmd
    java -XX:+UseG1GC -Xmx2048m -Xms2048m -Xloggc:gc.cms.2048.log -XX:+PrintGCDetails -XX:+PrintGCDateStamps com.mariston.weektwo.GCLogAnalysis
    ```
2. 执行结果：
    ```cmd
   Java HotSpot(TM) 64-Bit Server VM (25.152-b16) for windows-amd64 JRE (1.8.0_152-b16), built on Sep 14 2017 02:29:36 by "java_re" with MS VC++ 10.0 (VS2010)
   Memory: 4k page, physical 16643552k(8321196k free), swap 18740704k(5620492k free)
   CommandLine flags: -XX:InitialHeapSize=2147483648 -XX:MaxHeapSize=2147483648 -XX:+PrintGC -XX:+PrintGCDateStamps -XX:+PrintGCDetails -XX:+PrintGCTimeStamps -XX:+UseCompressedClassPointers -XX:+UseCompressedOops -XX:+UseG1GC -XX:-UseLargePagesIndividualAllocation 
   2020-11-01T23:32:25.084+0800: 0.280: [GC pause (G1 Evacuation Pause) (young), 0.0082604 secs]
      [Parallel Time: 6.2 ms, GC Workers: 8]
         [GC Worker Start (ms): Min: 279.9, Avg: 279.9, Max: 280.0, Diff: 0.1]
         [Ext Root Scanning (ms): Min: 0.1, Avg: 0.2, Max: 0.3, Diff: 0.2, Sum: 1.2]
         [Update RS (ms): Min: 0.1, Avg: 0.2, Max: 0.2, Diff: 0.1, Sum: 1.4]
            [Processed Buffers: Min: 2, Avg: 2.6, Max: 3, Diff: 1, Sum: 21]
         [Scan RS (ms): Min: 0.0, Avg: 0.0, Max: 0.0, Diff: 0.0, Sum: 0.1]
         [Code Root Scanning (ms): Min: 0.0, Avg: 0.0, Max: 0.0, Diff: 0.0, Sum: 0.0]
         [Object Copy (ms): Min: 5.1, Avg: 5.2, Max: 5.5, Diff: 0.5, Sum: 41.7]
         [Termination (ms): Min: 0.0, Avg: 0.3, Max: 0.5, Diff: 0.5, Sum: 2.7]
            [Termination Attempts: Min: 1, Avg: 1.0, Max: 1, Diff: 0, Sum: 8]
         [GC Worker Other (ms): Min: 0.0, Avg: 0.1, Max: 0.1, Diff: 0.0, Sum: 0.4]
         [GC Worker Total (ms): Min: 5.9, Avg: 5.9, Max: 6.0, Diff: 0.1, Sum: 47.6]
         [GC Worker End (ms): Min: 285.9, Avg: 285.9, Max: 285.9, Diff: 0.0]
      [Code Root Fixup: 0.0 ms]
      [Code Root Purge: 0.0 ms]
      [Clear CT: 0.6 ms]
      [Other: 1.4 ms]
         [Choose CSet: 0.0 ms]
         [Ref Proc: 0.3 ms]
         [Ref Enq: 0.0 ms]
         [Redirty Cards: 0.7 ms]
         [Humongous Register: 0.1 ms]
         [Humongous Reclaim: 0.1 ms]
         [Free CSet: 0.0 ms]
      [Eden: 102.0M(102.0M)->0.0B(89.0M) Survivors: 0.0B->13.0M Heap: 133.5M(2048.0M)->46.8M(2048.0M)]
    [Times: user=0.00 sys=0.00, real=0.01 secs] 
   2020-11-01T23:32:25.116+0800: 0.312: [GC pause (G1 Evacuation Pause) (young), 0.0085074 secs]
      [Parallel Time: 6.7 ms, GC Workers: 8]
         [GC Worker Start (ms): Min: 311.7, Avg: 311.9, Max: 312.2, Diff: 0.5]
         [Ext Root Scanning (ms): Min: 0.0, Avg: 0.1, Max: 0.3, Diff: 0.3, Sum: 1.0]
         [Update RS (ms): Min: 0.0, Avg: 0.1, Max: 0.1, Diff: 0.1, Sum: 0.6]
            [Processed Buffers: Min: 0, Avg: 1.3, Max: 2, Diff: 2, Sum: 10]
         [Scan RS (ms): Min: 0.0, Avg: 0.0, Max: 0.0, Diff: 0.0, Sum: 0.1]
         [Code Root Scanning (ms): Min: 0.0, Avg: 0.0, Max: 0.0, Diff: 0.0, Sum: 0.0]
         [Object Copy (ms): Min: 6.2, Avg: 6.2, Max: 6.3, Diff: 0.1, Sum: 49.9]
         [Termination (ms): Min: 0.0, Avg: 0.1, Max: 0.2, Diff: 0.2, Sum: 0.5]
            [Termination Attempts: Min: 1, Avg: 1.0, Max: 1, Diff: 0, Sum: 8]
         [GC Worker Other (ms): Min: 0.0, Avg: 0.0, Max: 0.0, Diff: 0.0, Sum: 0.1]
         [GC Worker Total (ms): Min: 6.2, Avg: 6.5, Max: 6.7, Diff: 0.5, Sum: 52.2]
         [GC Worker End (ms): Min: 318.4, Avg: 318.4, Max: 318.4, Diff: 0.0]
      [Code Root Fixup: 0.0 ms]
      [Code Root Purge: 0.0 ms]
      [Clear CT: 0.2 ms]
      [Other: 1.6 ms]
         [Choose CSet: 0.0 ms]
         [Ref Proc: 0.5 ms]
         [Ref Enq: 0.0 ms]
         [Redirty Cards: 0.6 ms]
         [Humongous Register: 0.1 ms]
         [Humongous Reclaim: 0.1 ms]
         [Free CSet: 0.1 ms]
      [Eden: 89.0M(89.0M)->0.0B(89.0M) Survivors: 13.0M->13.0M Heap: 160.1M(2048.0M)->86.7M(2048.0M)]
    [Times: user=0.00 sys=0.00, real=0.01 secs] 
   2020-11-01T23:32:25.152+0800: 0.348: [GC pause (G1 Evacuation Pause) (young), 0.0077453 secs]
      [Parallel Time: 5.9 ms, GC Workers: 8]
         [GC Worker Start (ms): Min: 347.9, Avg: 348.0, Max: 348.2, Diff: 0.3]
         [Ext Root Scanning (ms): Min: 0.0, Avg: 0.1, Max: 0.2, Diff: 0.2, Sum: 0.8]
         [Update RS (ms): Min: 0.0, Avg: 0.1, Max: 0.1, Diff: 0.1, Sum: 0.9]
            [Processed Buffers: Min: 0, Avg: 1.5, Max: 2, Diff: 2, Sum: 12]
         [Scan RS (ms): Min: 0.0, Avg: 0.0, Max: 0.0, Diff: 0.0, Sum: 0.1]
         [Code Root Scanning (ms): Min: 0.0, Avg: 0.0, Max: 0.0, Diff: 0.0, Sum: 0.0]
         [Object Copy (ms): Min: 4.8, Avg: 4.9, Max: 5.1, Diff: 0.3, Sum: 39.5]
         [Termination (ms): Min: 0.0, Avg: 0.2, Max: 0.4, Diff: 0.4, Sum: 1.7]
            [Termination Attempts: Min: 1, Avg: 1.0, Max: 1, Diff: 0, Sum: 8]
         [GC Worker Other (ms): Min: 0.0, Avg: 0.0, Max: 0.0, Diff: 0.0, Sum: 0.1]
         [GC Worker Total (ms): Min: 5.2, Avg: 5.4, Max: 5.5, Diff: 0.3, Sum: 43.0]
         [GC Worker End (ms): Min: 353.4, Avg: 353.4, Max: 353.4, Diff: 0.0]
      [Code Root Fixup: 0.0 ms]
      [Code Root Purge: 0.0 ms]
      [Clear CT: 0.6 ms]
      [Other: 1.2 ms]
         [Choose CSet: 0.0 ms]
         [Ref Proc: 0.5 ms]
         [Ref Enq: 0.0 ms]
         [Redirty Cards: 0.2 ms]
         [Humongous Register: 0.1 ms]
         [Humongous Reclaim: 0.1 ms]
         [Free CSet: 0.1 ms]
      [Eden: 89.0M(89.0M)->0.0B(89.0M) Survivors: 13.0M->13.0M Heap: 200.9M(2048.0M)->118.5M(2048.0M)]
    [Times: user=0.03 sys=0.00, real=0.01 secs] 
   2020-11-01T23:32:25.185+0800: 0.380: [GC pause (G1 Evacuation Pause) (young), 0.0069499 secs]
      [Parallel Time: 5.9 ms, GC Workers: 8]
         [GC Worker Start (ms): Min: 380.2, Avg: 380.3, Max: 380.4, Diff: 0.2]
         [Ext Root Scanning (ms): Min: 0.0, Avg: 0.1, Max: 0.2, Diff: 0.2, Sum: 0.8]
         [Update RS (ms): Min: 0.2, Avg: 0.2, Max: 0.2, Diff: 0.0, Sum: 1.6]
            [Processed Buffers: Min: 0, Avg: 2.6, Max: 4, Diff: 4, Sum: 21]
         [Scan RS (ms): Min: 0.0, Avg: 0.0, Max: 0.0, Diff: 0.0, Sum: 0.1]
         [Code Root Scanning (ms): Min: 0.0, Avg: 0.0, Max: 0.0, Diff: 0.0, Sum: 0.0]
         [Object Copy (ms): Min: 5.2, Avg: 5.3, Max: 5.4, Diff: 0.2, Sum: 42.4]
         [Termination (ms): Min: 0.0, Avg: 0.1, Max: 0.2, Diff: 0.2, Sum: 1.2]
            [Termination Attempts: Min: 1, Avg: 1.0, Max: 1, Diff: 0, Sum: 8]
         [GC Worker Other (ms): Min: 0.0, Avg: 0.0, Max: 0.0, Diff: 0.0, Sum: 0.1]
         [GC Worker Total (ms): Min: 5.7, Avg: 5.8, Max: 5.9, Diff: 0.2, Sum: 46.2]
         [GC Worker End (ms): Min: 386.1, Avg: 386.1, Max: 386.1, Diff: 0.0]
      [Code Root Fixup: 0.0 ms]
      [Code Root Purge: 0.0 ms]
      [Clear CT: 0.2 ms]
      [Other: 0.8 ms]
         [Choose CSet: 0.0 ms]
         [Ref Proc: 0.2 ms]
         [Ref Enq: 0.0 ms]
         [Redirty Cards: 0.2 ms]
         [Humongous Register: 0.1 ms]
         [Humongous Reclaim: 0.1 ms]
         [Free CSet: 0.1 ms]
      [Eden: 89.0M(89.0M)->0.0B(92.0M) Survivors: 13.0M->13.0M Heap: 232.5M(2048.0M)->157.2M(2048.0M)]
    [Times: user=0.01 sys=0.11, real=0.01 secs] 
   2020-11-01T23:32:25.215+0800: 0.410: [GC pause (G1 Evacuation Pause) (young), 0.0085687 secs]
      [Parallel Time: 7.4 ms, GC Workers: 8]
         [GC Worker Start (ms): Min: 410.6, Avg: 410.7, Max: 411.1, Diff: 0.5]
         [Ext Root Scanning (ms): Min: 0.0, Avg: 0.1, Max: 0.3, Diff: 0.3, Sum: 1.0]
         [Update RS (ms): Min: 0.0, Avg: 0.2, Max: 0.3, Diff: 0.3, Sum: 1.7]
            [Processed Buffers: Min: 0, Avg: 3.0, Max: 5, Diff: 5, Sum: 24]
         [Scan RS (ms): Min: 0.0, Avg: 0.0, Max: 0.0, Diff: 0.0, Sum: 0.1]
         [Code Root Scanning (ms): Min: 0.0, Avg: 0.0, Max: 0.0, Diff: 0.0, Sum: 0.0]
         [Object Copy (ms): Min: 6.6, Avg: 6.7, Max: 6.8, Diff: 0.1, Sum: 53.5]
         [Termination (ms): Min: 0.0, Avg: 0.1, Max: 0.1, Diff: 0.1, Sum: 0.7]
            [Termination Attempts: Min: 1, Avg: 1.0, Max: 1, Diff: 0, Sum: 8]
         [GC Worker Other (ms): Min: 0.0, Avg: 0.0, Max: 0.0, Diff: 0.0, Sum: 0.1]
         [GC Worker Total (ms): Min: 6.8, Avg: 7.1, Max: 7.3, Diff: 0.5, Sum: 57.2]
         [GC Worker End (ms): Min: 417.9, Avg: 417.9, Max: 417.9, Diff: 0.0]
      [Code Root Fixup: 0.0 ms]
      [Code Root Purge: 0.0 ms]
      [Clear CT: 0.2 ms]
      [Other: 1.0 ms]
         [Choose CSet: 0.0 ms]
         [Ref Proc: 0.2 ms]
         [Ref Enq: 0.0 ms]
         [Redirty Cards: 0.2 ms]
         [Humongous Register: 0.1 ms]
         [Humongous Reclaim: 0.1 ms]
         [Free CSet: 0.1 ms]
      [Eden: 92.0M(92.0M)->0.0B(118.0M) Survivors: 13.0M->14.0M Heap: 269.5M(2048.0M)->193.2M(2048.0M)]
    [Times: user=0.03 sys=0.06, real=0.01 secs] 
   2020-11-01T23:32:25.270+0800: 0.466: [GC pause (G1 Evacuation Pause) (young), 0.0100716 secs]
      [Parallel Time: 8.9 ms, GC Workers: 8]
         [GC Worker Start (ms): Min: 466.0, Avg: 466.0, Max: 466.1, Diff: 0.1]
         [Ext Root Scanning (ms): Min: 0.1, Avg: 0.1, Max: 0.1, Diff: 0.1, Sum: 0.8]
         [Update RS (ms): Min: 0.1, Avg: 0.2, Max: 0.2, Diff: 0.1, Sum: 1.5]
            [Processed Buffers: Min: 0, Avg: 2.5, Max: 3, Diff: 3, Sum: 20]
         [Scan RS (ms): Min: 0.0, Avg: 0.0, Max: 0.0, Diff: 0.0, Sum: 0.1]
         [Code Root Scanning (ms): Min: 0.0, Avg: 0.0, Max: 0.0, Diff: 0.0, Sum: 0.0]
         [Object Copy (ms): Min: 8.1, Avg: 8.2, Max: 8.3, Diff: 0.2, Sum: 65.4]
         [Termination (ms): Min: 0.0, Avg: 0.2, Max: 0.2, Diff: 0.2, Sum: 1.3]
            [Termination Attempts: Min: 1, Avg: 1.8, Max: 3, Diff: 2, Sum: 14]
         [GC Worker Other (ms): Min: 0.0, Avg: 0.0, Max: 0.0, Diff: 0.0, Sum: 0.1]
         [GC Worker Total (ms): Min: 8.6, Avg: 8.7, Max: 8.7, Diff: 0.1, Sum: 69.3]
         [GC Worker End (ms): Min: 474.7, Avg: 474.7, Max: 474.7, Diff: 0.0]
      [Code Root Fixup: 0.0 ms]
      [Code Root Purge: 0.0 ms]
      [Clear CT: 0.3 ms]
      [Other: 0.9 ms]
         [Choose CSet: 0.0 ms]
         [Ref Proc: 0.1 ms]
         [Ref Enq: 0.0 ms]
         [Redirty Cards: 0.2 ms]
         [Humongous Register: 0.1 ms]
         [Humongous Reclaim: 0.1 ms]
         [Free CSet: 0.1 ms]
      [Eden: 118.0M(118.0M)->0.0B(475.0M) Survivors: 14.0M->17.0M Heap: 352.3M(2048.0M)->243.1M(2048.0M)]
    [Times: user=0.00 sys=0.00, real=0.01 secs] 
   2020-11-01T23:32:25.554+0800: 0.749: [GC pause (G1 Evacuation Pause) (young), 0.0313480 secs]
      [Parallel Time: 29.8 ms, GC Workers: 8]
         [GC Worker Start (ms): Min: 749.5, Avg: 749.5, Max: 749.6, Diff: 0.1]
         [Ext Root Scanning (ms): Min: 0.1, Avg: 0.1, Max: 0.2, Diff: 0.1, Sum: 0.8]
         [Update RS (ms): Min: 0.1, Avg: 0.2, Max: 0.4, Diff: 0.3, Sum: 1.4]
            [Processed Buffers: Min: 0, Avg: 2.0, Max: 3, Diff: 3, Sum: 16]
         [Scan RS (ms): Min: 0.0, Avg: 0.1, Max: 0.1, Diff: 0.1, Sum: 0.4]
         [Code Root Scanning (ms): Min: 0.0, Avg: 0.0, Max: 0.0, Diff: 0.0, Sum: 0.0]
         [Object Copy (ms): Min: 28.7, Avg: 29.0, Max: 29.2, Diff: 0.5, Sum: 232.0]
         [Termination (ms): Min: 0.0, Avg: 0.2, Max: 0.3, Diff: 0.3, Sum: 1.4]
            [Termination Attempts: Min: 1, Avg: 1.1, Max: 2, Diff: 1, Sum: 9]
         [GC Worker Other (ms): Min: 0.0, Avg: 0.0, Max: 0.0, Diff: 0.0, Sum: 0.1]
         [GC Worker Total (ms): Min: 29.5, Avg: 29.5, Max: 29.6, Diff: 0.1, Sum: 236.2]
         [GC Worker End (ms): Min: 779.1, Avg: 779.1, Max: 779.1, Diff: 0.0]
      [Code Root Fixup: 0.0 ms]
      [Code Root Purge: 0.0 ms]
      [Clear CT: 0.2 ms]
      [Other: 1.4 ms]
         [Choose CSet: 0.0 ms]
         [Ref Proc: 0.2 ms]
         [Ref Enq: 0.0 ms]
         [Redirty Cards: 0.2 ms]
         [Humongous Register: 0.1 ms]
         [Humongous Reclaim: 0.3 ms]
         [Free CSet: 0.3 ms]
      [Eden: 475.0M(475.0M)->0.0B(67.0M) Survivors: 17.0M->62.0M Heap: 844.3M(2048.0M)->379.1M(2048.0M)]
    [Times: user=0.06 sys=0.16, real=0.03 secs] 
   2020-11-01T23:32:25.603+0800: 0.798: [GC pause (G1 Evacuation Pause) (young), 0.0104432 secs]
      [Parallel Time: 9.1 ms, GC Workers: 8]
         [GC Worker Start (ms): Min: 798.3, Avg: 798.5, Max: 798.8, Diff: 0.5]
         [Ext Root Scanning (ms): Min: 0.0, Avg: 0.1, Max: 0.2, Diff: 0.2, Sum: 0.9]
         [Update RS (ms): Min: 0.0, Avg: 0.2, Max: 0.5, Diff: 0.5, Sum: 1.9]
            [Processed Buffers: Min: 0, Avg: 2.6, Max: 4, Diff: 4, Sum: 21]
         [Scan RS (ms): Min: 0.0, Avg: 0.0, Max: 0.0, Diff: 0.0, Sum: 0.1]
         [Code Root Scanning (ms): Min: 0.0, Avg: 0.0, Max: 0.0, Diff: 0.0, Sum: 0.0]
         [Object Copy (ms): Min: 8.1, Avg: 8.4, Max: 8.5, Diff: 0.4, Sum: 67.2]
         [Termination (ms): Min: 0.0, Avg: 0.1, Max: 0.2, Diff: 0.2, Sum: 0.9]
            [Termination Attempts: Min: 1, Avg: 1.0, Max: 1, Diff: 0, Sum: 8]
         [GC Worker Other (ms): Min: 0.0, Avg: 0.0, Max: 0.0, Diff: 0.0, Sum: 0.1]
         [GC Worker Total (ms): Min: 8.5, Avg: 8.9, Max: 9.0, Diff: 0.5, Sum: 71.1]
         [GC Worker End (ms): Min: 807.3, Avg: 807.4, Max: 807.4, Diff: 0.0]
      [Code Root Fixup: 0.0 ms]
      [Code Root Purge: 0.0 ms]
      [Clear CT: 0.2 ms]
      [Other: 1.2 ms]
         [Choose CSet: 0.0 ms]
         [Ref Proc: 0.2 ms]
         [Ref Enq: 0.0 ms]
         [Redirty Cards: 0.2 ms]
         [Humongous Register: 0.3 ms]
         [Humongous Reclaim: 0.2 ms]
         [Free CSet: 0.1 ms]
      [Eden: 67.0M(67.0M)->0.0B(190.0M) Survivors: 62.0M->17.0M Heap: 460.7M(2048.0M)->394.5M(2048.0M)]
    [Times: user=0.06 sys=0.01, real=0.01 secs] 
   2020-11-01T23:32:25.654+0800: 0.850: [GC pause (G1 Evacuation Pause) (young), 0.0103467 secs]
      [Parallel Time: 8.9 ms, GC Workers: 8]
         [GC Worker Start (ms): Min: 849.8, Avg: 849.9, Max: 849.9, Diff: 0.1]
         [Ext Root Scanning (ms): Min: 0.1, Avg: 0.1, Max: 0.1, Diff: 0.1, Sum: 0.9]
         [Update RS (ms): Min: 0.1, Avg: 0.2, Max: 0.8, Diff: 0.6, Sum: 1.9]
            [Processed Buffers: Min: 0, Avg: 2.3, Max: 3, Diff: 3, Sum: 18]
         [Scan RS (ms): Min: 0.0, Avg: 0.0, Max: 0.0, Diff: 0.0, Sum: 0.1]
         [Code Root Scanning (ms): Min: 0.0, Avg: 0.0, Max: 0.0, Diff: 0.0, Sum: 0.0]
         [Object Copy (ms): Min: 7.6, Avg: 8.2, Max: 8.4, Diff: 0.8, Sum: 65.8]
         [Termination (ms): Min: 0.0, Avg: 0.1, Max: 0.2, Diff: 0.2, Sum: 0.8]
            [Termination Attempts: Min: 1, Avg: 1.8, Max: 3, Diff: 2, Sum: 14]
         [GC Worker Other (ms): Min: 0.0, Avg: 0.0, Max: 0.0, Diff: 0.0, Sum: 0.2]
         [GC Worker Total (ms): Min: 8.7, Avg: 8.7, Max: 8.8, Diff: 0.1, Sum: 69.7]
         [GC Worker End (ms): Min: 858.6, Avg: 858.6, Max: 858.6, Diff: 0.1]
      [Code Root Fixup: 0.0 ms]
      [Code Root Purge: 0.0 ms]
      [Clear CT: 0.2 ms]
      [Other: 1.3 ms]
         [Choose CSet: 0.0 ms]
         [Ref Proc: 0.3 ms]
         [Ref Enq: 0.0 ms]
         [Redirty Cards: 0.2 ms]
         [Humongous Register: 0.1 ms]
         [Humongous Reclaim: 0.2 ms]
         [Free CSet: 0.2 ms]
      [Eden: 190.0M(190.0M)->0.0B(241.0M) Survivors: 17.0M->26.0M Heap: 621.3M(2048.0M)->454.5M(2048.0M)]
    [Times: user=0.09 sys=0.00, real=0.01 secs] 
   2020-11-01T23:32:25.725+0800: 0.920: [GC pause (G1 Evacuation Pause) (young), 0.0187165 secs]
      [Parallel Time: 17.0 ms, GC Workers: 8]
         [GC Worker Start (ms): Min: 920.1, Avg: 920.2, Max: 920.3, Diff: 0.2]
         [Ext Root Scanning (ms): Min: 0.0, Avg: 0.1, Max: 0.2, Diff: 0.2, Sum: 0.6]
         [Update RS (ms): Min: 0.2, Avg: 0.4, Max: 1.0, Diff: 0.9, Sum: 2.9]
            [Processed Buffers: Min: 0, Avg: 2.4, Max: 4, Diff: 4, Sum: 19]
         [Scan RS (ms): Min: 0.0, Avg: 0.0, Max: 0.0, Diff: 0.0, Sum: 0.2]
         [Code Root Scanning (ms): Min: 0.0, Avg: 0.0, Max: 0.0, Diff: 0.0, Sum: 0.0]
         [Object Copy (ms): Min: 15.6, Avg: 16.1, Max: 16.5, Diff: 0.9, Sum: 129.0]
         [Termination (ms): Min: 0.0, Avg: 0.2, Max: 0.3, Diff: 0.3, Sum: 1.3]
            [Termination Attempts: Min: 1, Avg: 1.0, Max: 1, Diff: 0, Sum: 8]
         [GC Worker Other (ms): Min: 0.0, Avg: 0.0, Max: 0.0, Diff: 0.0, Sum: 0.1]
         [GC Worker Total (ms): Min: 16.7, Avg: 16.8, Max: 16.9, Diff: 0.2, Sum: 134.2]
         [GC Worker End (ms): Min: 937.0, Avg: 937.0, Max: 937.0, Diff: 0.0]
      [Code Root Fixup: 0.0 ms]
      [Code Root Purge: 0.0 ms]
      [Clear CT: 0.2 ms]
      [Other: 1.6 ms]
         [Choose CSet: 0.0 ms]
         [Ref Proc: 0.2 ms]
         [Ref Enq: 0.0 ms]
         [Redirty Cards: 0.2 ms]
         [Humongous Register: 0.1 ms]
         [Humongous Reclaim: 0.3 ms]
         [Free CSet: 0.4 ms]
      [Eden: 241.0M(241.0M)->0.0B(305.0M) Survivors: 26.0M->34.0M Heap: 750.7M(2048.0M)->520.1M(2048.0M)]
    [Times: user=0.00 sys=0.11, real=0.02 secs] 
   2020-11-01T23:32:25.825+0800: 1.021: [GC pause (G1 Evacuation Pause) (young), 0.0217141 secs]
      [Parallel Time: 19.9 ms, GC Workers: 8]
         [GC Worker Start (ms): Min: 1021.0, Avg: 1021.2, Max: 1022.0, Diff: 1.0]
         [Ext Root Scanning (ms): Min: 0.0, Avg: 0.1, Max: 0.2, Diff: 0.2, Sum: 0.8]
         [Update RS (ms): Min: 0.0, Avg: 0.3, Max: 0.8, Diff: 0.8, Sum: 2.1]
            [Processed Buffers: Min: 0, Avg: 2.6, Max: 5, Diff: 5, Sum: 21]
         [Scan RS (ms): Min: 0.0, Avg: 0.0, Max: 0.1, Diff: 0.0, Sum: 0.2]
         [Code Root Scanning (ms): Min: 0.0, Avg: 0.0, Max: 0.0, Diff: 0.0, Sum: 0.0]
         [Object Copy (ms): Min: 18.2, Avg: 18.8, Max: 19.0, Diff: 0.8, Sum: 150.6]
         [Termination (ms): Min: 0.0, Avg: 0.3, Max: 0.6, Diff: 0.6, Sum: 2.4]
            [Termination Attempts: Min: 1, Avg: 1.0, Max: 1, Diff: 0, Sum: 8]
         [GC Worker Other (ms): Min: 0.0, Avg: 0.0, Max: 0.0, Diff: 0.0, Sum: 0.1]
         [GC Worker Total (ms): Min: 18.8, Avg: 19.5, Max: 19.8, Diff: 1.0, Sum: 156.2]
         [GC Worker End (ms): Min: 1040.8, Avg: 1040.8, Max: 1040.8, Diff: 0.0]
      [Code Root Fixup: 0.0 ms]
      [Code Root Purge: 0.0 ms]
      [Clear CT: 0.2 ms]
      [Other: 1.6 ms]
         [Choose CSet: 0.0 ms]
         [Ref Proc: 0.2 ms]
         [Ref Enq: 0.0 ms]
         [Redirty Cards: 0.2 ms]
         [Humongous Register: 0.2 ms]
         [Humongous Reclaim: 0.4 ms]
         [Free CSet: 0.3 ms]
      [Eden: 305.0M(305.0M)->0.0B(365.0M) Survivors: 34.0M->43.0M Heap: 913.0M(2048.0M)->612.5M(2048.0M)]
    [Times: user=0.03 sys=0.11, real=0.02 secs] 
   2020-11-01T23:32:25.930+0800: 1.125: [GC pause (G1 Evacuation Pause) (young), 0.0223788 secs]
      [Parallel Time: 20.8 ms, GC Workers: 8]
         [GC Worker Start (ms): Min: 1125.7, Avg: 1125.9, Max: 1126.0, Diff: 0.3]
         [Ext Root Scanning (ms): Min: 0.0, Avg: 0.1, Max: 0.3, Diff: 0.3, Sum: 0.8]
         [Update RS (ms): Min: 0.1, Avg: 0.3, Max: 1.0, Diff: 0.9, Sum: 2.4]
            [Processed Buffers: Min: 0, Avg: 2.6, Max: 3, Diff: 3, Sum: 21]
         [Scan RS (ms): Min: 0.0, Avg: 0.0, Max: 0.1, Diff: 0.1, Sum: 0.3]
         [Code Root Scanning (ms): Min: 0.0, Avg: 0.0, Max: 0.0, Diff: 0.0, Sum: 0.0]
         [Object Copy (ms): Min: 18.9, Avg: 19.7, Max: 20.1, Diff: 1.1, Sum: 157.8]
         [Termination (ms): Min: 0.0, Avg: 0.2, Max: 0.4, Diff: 0.4, Sum: 2.0]
            [Termination Attempts: Min: 1, Avg: 2.0, Max: 3, Diff: 2, Sum: 16]
         [GC Worker Other (ms): Min: 0.0, Avg: 0.0, Max: 0.0, Diff: 0.0, Sum: 0.1]
         [GC Worker Total (ms): Min: 20.3, Avg: 20.4, Max: 20.6, Diff: 0.3, Sum: 163.3]
         [GC Worker End (ms): Min: 1146.3, Avg: 1146.3, Max: 1146.3, Diff: 0.0]
      [Code Root Fixup: 0.0 ms]
      [Code Root Purge: 0.0 ms]
      [Clear CT: 0.2 ms]
      [Other: 1.4 ms]
         [Choose CSet: 0.0 ms]
         [Ref Proc: 0.2 ms]
         [Ref Enq: 0.0 ms]
         [Redirty Cards: 0.2 ms]
         [Humongous Register: 0.3 ms]
         [Humongous Reclaim: 0.3 ms]
         [Free CSet: 0.2 ms]
      [Eden: 365.0M(365.0M)->0.0B(447.0M) Survivors: 43.0M->51.0M Heap: 1062.8M(2048.0M)->696.3M(2048.0M)]
    [Times: user=0.00 sys=0.09, real=0.02 secs] 
   Heap
    garbage-first heap   total 2097152K, used 915190K [0x0000000080000000, 0x0000000080104000, 0x0000000100000000)
     region size 1024K, 207 young (211968K), 51 survivors (52224K)
    Metaspace       used 2841K, capacity 4486K, committed 4864K, reserved 1056768K
     class space    used 307K, capacity 386K, committed 512K, reserved 1048576K

    ```
3. 日志分析与总结
**系统环境**
```cmd
   Java HotSpot(TM) 64-Bit Server VM (25.152-b16) for windows-amd64 JRE (1.8.0_152-b16), built on Sep 14 2017 02:29:36 by "java_re" with MS VC++ 10.0 (VS2010)
   Memory: 4k page, physical 16643552k(8418396k free), swap 18811060k(3799852k free)
```
+ 64位windows系统，物理内存16G
+ JRE1.8

**JVM环境**
 ```cmd
CommandLine flags: -XX:InitialHeapSize=2147483648 -XX:MaxHeapSize=2147483648 -XX:+PrintGC -XX:+PrintGCDateStamps -XX:+PrintGCDetails -XX:+PrintGCTimeStamps -XX:+UseCompressedClassPointers -XX:+UseCompressedOops -XX:+UseG1GC -XX:-UseLargePagesIndividualAllocation
```
+ -XX:InitialHeapSize=2147483648 初始堆大小:2048M(2147483648/(1024*1024))
+ -XX:MaxHeapSize=2147483648 最大堆大小:2048M(2147483648/(1024*1024))
+ -XX:+PrintGC 打印GC信息
+ -XX:+PrintGCDateStamps 打印GC发生时的日期信息
+ -XX:+PrintGCDetails 打印详细的GC信息
+ -XX:+PrintGCTimeStamps 打印GC发生时的时间戳
+ -XX:+UseCompressedClassPointers 压缩类指针
+ -XX:+UseCompressedOops 压缩普通对象指针，从32位的虚拟机上迁移到64位的虚拟机上，会对指针进行相应的压缩处理
+ -XX:-UseLargePagesIndividualAllocation 使用大页面个体分配
+ -XX:+UseG1GC 

**总 结(UseG1GC)**
