# 系统默认GC打印日志
1. 执行命令 ：
    ```cmd
    java -XX:+UseG1GC -Xmx512m -Xms512m -Xloggc:gc.cms.512.log -XX:+PrintGCDetails -XX:+PrintGCDateStamps com.mariston.weektwo.GCLogAnalysis
    ```
2. 执行结果：
    ```cmd
   Java HotSpot(TM) 64-Bit Server VM (25.152-b16) for windows-amd64 JRE (1.8.0_152-b16), built on Sep 14 2017 02:29:36 by "java_re" with MS VC++ 10.0 (VS2010)
   Memory: 4k page, physical 16643552k(8478600k free), swap 18740704k(5714544k free)
   CommandLine flags: -XX:InitialHeapSize=536870912 -XX:MaxHeapSize=536870912 -XX:+PrintGC -XX:+PrintGCDateStamps -XX:+PrintGCDetails -XX:+PrintGCTimeStamps -XX:+UseCompressedClassPointers -XX:+UseCompressedOops -XX:+UseG1GC -XX:-UseLargePagesIndividualAllocation 
   2020-11-01T23:19:32.086+0800: 0.174: [GC pause (G1 Evacuation Pause) (young), 0.0027829 secs]
      [Parallel Time: 2.0 ms, GC Workers: 8]
         [GC Worker Start (ms): Min: 173.9, Avg: 174.2, Max: 175.4, Diff: 1.5]
         [Ext Root Scanning (ms): Min: 0.0, Avg: 0.2, Max: 0.6, Diff: 0.6, Sum: 1.6]
         [Update RS (ms): Min: 0.0, Avg: 0.0, Max: 0.0, Diff: 0.0, Sum: 0.0]
            [Processed Buffers: Min: 0, Avg: 0.0, Max: 0, Diff: 0, Sum: 0]
         [Scan RS (ms): Min: 0.0, Avg: 0.0, Max: 0.0, Diff: 0.0, Sum: 0.0]
         [Code Root Scanning (ms): Min: 0.0, Avg: 0.0, Max: 0.0, Diff: 0.0, Sum: 0.0]
         [Object Copy (ms): Min: 0.3, Avg: 1.4, Max: 1.6, Diff: 1.3, Sum: 10.9]
         [Termination (ms): Min: 0.0, Avg: 0.0, Max: 0.1, Diff: 0.1, Sum: 0.4]
            [Termination Attempts: Min: 1, Avg: 1.8, Max: 4, Diff: 3, Sum: 14]
         [GC Worker Other (ms): Min: 0.0, Avg: 0.1, Max: 0.1, Diff: 0.1, Sum: 0.4]
         [GC Worker Total (ms): Min: 0.4, Avg: 1.7, Max: 1.9, Diff: 1.5, Sum: 13.4]
         [GC Worker End (ms): Min: 175.8, Avg: 175.8, Max: 175.9, Diff: 0.0]
      [Code Root Fixup: 0.0 ms]
      [Code Root Purge: 0.0 ms]
      [Clear CT: 0.2 ms]
      [Other: 0.7 ms]
         [Choose CSet: 0.0 ms]
         [Ref Proc: 0.2 ms]
         [Ref Enq: 0.0 ms]
         [Redirty Cards: 0.1 ms]
         [Humongous Register: 0.0 ms]
         [Humongous Reclaim: 0.0 ms]
         [Free CSet: 0.0 ms]
      [Eden: 25.0M(25.0M)->0.0B(22.0M) Survivors: 0.0B->4096.0K Heap: 31.6M(512.0M)->11.6M(512.0M)]
    [Times: user=0.00 sys=0.00, real=0.00 secs] 
   2020-11-01T23:19:32.094+0800: 0.182: [GC pause (G1 Evacuation Pause) (young), 0.0027748 secs]
      [Parallel Time: 2.0 ms, GC Workers: 8]
         [GC Worker Start (ms): Min: 182.3, Avg: 182.3, Max: 182.5, Diff: 0.2]
         [Ext Root Scanning (ms): Min: 0.0, Avg: 0.1, Max: 0.2, Diff: 0.2, Sum: 1.0]
         [Update RS (ms): Min: 0.0, Avg: 0.0, Max: 0.3, Diff: 0.3, Sum: 0.3]
            [Processed Buffers: Min: 0, Avg: 1.0, Max: 4, Diff: 4, Sum: 8]
         [Scan RS (ms): Min: 0.0, Avg: 0.0, Max: 0.0, Diff: 0.0, Sum: 0.0]
         [Code Root Scanning (ms): Min: 0.0, Avg: 0.0, Max: 0.0, Diff: 0.0, Sum: 0.0]
         [Object Copy (ms): Min: 1.2, Avg: 1.5, Max: 1.7, Diff: 0.5, Sum: 12.0]
         [Termination (ms): Min: 0.0, Avg: 0.2, Max: 0.3, Diff: 0.3, Sum: 1.4]
            [Termination Attempts: Min: 1, Avg: 1.0, Max: 1, Diff: 0, Sum: 8]
         [GC Worker Other (ms): Min: 0.0, Avg: 0.0, Max: 0.0, Diff: 0.0, Sum: 0.1]
         [GC Worker Total (ms): Min: 1.7, Avg: 1.9, Max: 1.9, Diff: 0.2, Sum: 14.9]
         [GC Worker End (ms): Min: 184.2, Avg: 184.2, Max: 184.2, Diff: 0.0]
      [Code Root Fixup: 0.0 ms]
      [Code Root Purge: 0.0 ms]
      [Clear CT: 0.3 ms]
      [Other: 0.5 ms]
         [Choose CSet: 0.0 ms]
         [Ref Proc: 0.1 ms]
         [Ref Enq: 0.0 ms]
         [Redirty Cards: 0.2 ms]
         [Humongous Register: 0.0 ms]
         [Humongous Reclaim: 0.0 ms]
         [Free CSet: 0.0 ms]
      [Eden: 22.0M(22.0M)->0.0B(34.0M) Survivors: 4096.0K->4096.0K Heap: 38.5M(512.0M)->17.9M(512.0M)]
    [Times: user=0.01 sys=0.08, real=0.00 secs] 
   2020-11-01T23:19:32.115+0800: 0.203: [GC pause (G1 Evacuation Pause) (young), 0.0039460 secs]
      [Parallel Time: 3.1 ms, GC Workers: 8]
         [GC Worker Start (ms): Min: 203.3, Avg: 203.3, Max: 203.4, Diff: 0.1]
         [Ext Root Scanning (ms): Min: 0.1, Avg: 0.1, Max: 0.2, Diff: 0.1, Sum: 1.0]
         [Update RS (ms): Min: 0.0, Avg: 0.2, Max: 0.5, Diff: 0.5, Sum: 1.5]
            [Processed Buffers: Min: 0, Avg: 1.1, Max: 3, Diff: 3, Sum: 9]
         [Scan RS (ms): Min: 0.0, Avg: 0.0, Max: 0.0, Diff: 0.0, Sum: 0.0]
         [Code Root Scanning (ms): Min: 0.0, Avg: 0.0, Max: 0.0, Diff: 0.0, Sum: 0.0]
         [Object Copy (ms): Min: 2.1, Avg: 2.5, Max: 2.8, Diff: 0.7, Sum: 20.1]
         [Termination (ms): Min: 0.0, Avg: 0.1, Max: 0.2, Diff: 0.2, Sum: 1.0]
            [Termination Attempts: Min: 1, Avg: 1.0, Max: 1, Diff: 0, Sum: 8]
         [GC Worker Other (ms): Min: 0.0, Avg: 0.0, Max: 0.0, Diff: 0.0, Sum: 0.1]
         [GC Worker Total (ms): Min: 2.9, Avg: 3.0, Max: 3.0, Diff: 0.1, Sum: 23.8]
         [GC Worker End (ms): Min: 206.3, Avg: 206.3, Max: 206.3, Diff: 0.0]
      [Code Root Fixup: 0.0 ms]
      [Code Root Purge: 0.0 ms]
      [Clear CT: 0.2 ms]
      [Other: 0.6 ms]
         [Choose CSet: 0.0 ms]
         [Ref Proc: 0.1 ms]
         [Ref Enq: 0.0 ms]
         [Redirty Cards: 0.2 ms]
         [Humongous Register: 0.1 ms]
         [Humongous Reclaim: 0.0 ms]
         [Free CSet: 0.0 ms]
      [Eden: 34.0M(34.0M)->0.0B(62.0M) Survivors: 4096.0K->5120.0K Heap: 61.0M(512.0M)->32.4M(512.0M)]
    [Times: user=0.00 sys=0.00, real=0.00 secs] 
   2020-11-01T23:19:32.147+0800: 0.235: [GC pause (G1 Evacuation Pause) (young), 0.0065960 secs]
      [Parallel Time: 5.8 ms, GC Workers: 8]
         [GC Worker Start (ms): Min: 235.5, Avg: 235.6, Max: 235.8, Diff: 0.4]
         [Ext Root Scanning (ms): Min: 0.0, Avg: 0.1, Max: 0.2, Diff: 0.2, Sum: 0.9]
         [Update RS (ms): Min: 0.0, Avg: 0.1, Max: 0.2, Diff: 0.2, Sum: 0.9]
            [Processed Buffers: Min: 0, Avg: 1.5, Max: 2, Diff: 2, Sum: 12]
         [Scan RS (ms): Min: 0.0, Avg: 0.0, Max: 0.0, Diff: 0.0, Sum: 0.1]
         [Code Root Scanning (ms): Min: 0.0, Avg: 0.0, Max: 0.0, Diff: 0.0, Sum: 0.0]
         [Object Copy (ms): Min: 5.0, Avg: 5.2, Max: 5.6, Diff: 0.6, Sum: 41.2]
         [Termination (ms): Min: 0.0, Avg: 0.3, Max: 0.5, Diff: 0.5, Sum: 2.3]
            [Termination Attempts: Min: 1, Avg: 1.0, Max: 1, Diff: 0, Sum: 8]
         [GC Worker Other (ms): Min: 0.0, Avg: 0.0, Max: 0.0, Diff: 0.0, Sum: 0.1]
         [GC Worker Total (ms): Min: 5.4, Avg: 5.7, Max: 5.8, Diff: 0.4, Sum: 45.5]
         [GC Worker End (ms): Min: 241.2, Avg: 241.2, Max: 241.3, Diff: 0.0]
      [Code Root Fixup: 0.0 ms]
      [Code Root Purge: 0.0 ms]
      [Clear CT: 0.2 ms]
      [Other: 0.6 ms]
         [Choose CSet: 0.0 ms]
         [Ref Proc: 0.1 ms]
         [Ref Enq: 0.0 ms]
         [Redirty Cards: 0.3 ms]
         [Humongous Register: 0.0 ms]
         [Humongous Reclaim: 0.0 ms]
         [Free CSet: 0.0 ms]
      [Eden: 62.0M(62.0M)->0.0B(93.0M) Survivors: 5120.0K->9216.0K Heap: 109.1M(512.0M)->55.4M(512.0M)]
    [Times: user=0.00 sys=0.00, real=0.01 secs] 
   2020-11-01T23:19:32.202+0800: 0.290: [GC pause (G1 Evacuation Pause) (young), 0.0090308 secs]
      [Parallel Time: 8.0 ms, GC Workers: 8]
         [GC Worker Start (ms): Min: 289.7, Avg: 289.8, Max: 289.8, Diff: 0.1]
         [Ext Root Scanning (ms): Min: 0.1, Avg: 0.1, Max: 0.2, Diff: 0.1, Sum: 0.9]
         [Update RS (ms): Min: 0.1, Avg: 0.1, Max: 0.1, Diff: 0.1, Sum: 0.8]
            [Processed Buffers: Min: 0, Avg: 1.5, Max: 2, Diff: 2, Sum: 12]
         [Scan RS (ms): Min: 0.0, Avg: 0.0, Max: 0.0, Diff: 0.0, Sum: 0.1]
         [Code Root Scanning (ms): Min: 0.0, Avg: 0.0, Max: 0.0, Diff: 0.0, Sum: 0.0]
         [Object Copy (ms): Min: 7.3, Avg: 7.4, Max: 7.6, Diff: 0.3, Sum: 59.4]
         [Termination (ms): Min: 0.0, Avg: 0.2, Max: 0.3, Diff: 0.3, Sum: 1.4]
            [Termination Attempts: Min: 1, Avg: 1.0, Max: 1, Diff: 0, Sum: 8]
         [GC Worker Other (ms): Min: 0.0, Avg: 0.0, Max: 0.0, Diff: 0.0, Sum: 0.1]
         [GC Worker Total (ms): Min: 7.8, Avg: 7.8, Max: 7.9, Diff: 0.1, Sum: 62.7]
         [GC Worker End (ms): Min: 297.6, Avg: 297.6, Max: 297.6, Diff: 0.0]
      [Code Root Fixup: 0.0 ms]
      [Code Root Purge: 0.0 ms]
      [Clear CT: 0.2 ms]
      [Other: 0.8 ms]
         [Choose CSet: 0.0 ms]
         [Ref Proc: 0.2 ms]
         [Ref Enq: 0.0 ms]
         [Redirty Cards: 0.3 ms]
         [Humongous Register: 0.0 ms]
         [Humongous Reclaim: 0.1 ms]
         [Free CSet: 0.1 ms]
      [Eden: 93.0M(93.0M)->0.0B(117.0M) Survivors: 9216.0K->13.0M Heap: 178.3M(512.0M)->90.2M(512.0M)]
    [Times: user=0.00 sys=0.13, real=0.01 secs] 
   2020-11-01T23:19:32.252+0800: 0.340: [GC pause (G1 Evacuation Pause) (young), 0.0090483 secs]
      [Parallel Time: 8.0 ms, GC Workers: 8]
         [GC Worker Start (ms): Min: 340.4, Avg: 340.4, Max: 340.5, Diff: 0.1]
         [Ext Root Scanning (ms): Min: 0.1, Avg: 0.1, Max: 0.2, Diff: 0.1, Sum: 0.9]
         [Update RS (ms): Min: 0.1, Avg: 0.1, Max: 0.1, Diff: 0.0, Sum: 1.0]
            [Processed Buffers: Min: 0, Avg: 1.6, Max: 3, Diff: 3, Sum: 13]
         [Scan RS (ms): Min: 0.0, Avg: 0.0, Max: 0.0, Diff: 0.0, Sum: 0.1]
         [Code Root Scanning (ms): Min: 0.0, Avg: 0.0, Max: 0.0, Diff: 0.0, Sum: 0.0]
         [Object Copy (ms): Min: 7.3, Avg: 7.4, Max: 7.5, Diff: 0.2, Sum: 59.4]
         [Termination (ms): Min: 0.0, Avg: 0.1, Max: 0.2, Diff: 0.2, Sum: 0.9]
            [Termination Attempts: Min: 1, Avg: 1.8, Max: 3, Diff: 2, Sum: 14]
         [GC Worker Other (ms): Min: 0.0, Avg: 0.0, Max: 0.0, Diff: 0.0, Sum: 0.1]
         [GC Worker Total (ms): Min: 7.7, Avg: 7.8, Max: 7.8, Diff: 0.1, Sum: 62.3]
         [GC Worker End (ms): Min: 348.2, Avg: 348.2, Max: 348.3, Diff: 0.0]
      [Code Root Fixup: 0.0 ms]
      [Code Root Purge: 0.0 ms]
      [Clear CT: 0.2 ms]
      [Other: 0.9 ms]
         [Choose CSet: 0.0 ms]
         [Ref Proc: 0.2 ms]
         [Ref Enq: 0.0 ms]
         [Redirty Cards: 0.4 ms]
         [Humongous Register: 0.0 ms]
         [Humongous Reclaim: 0.1 ms]
         [Free CSet: 0.0 ms]
      [Eden: 117.0M(117.0M)->0.0B(125.0M) Survivors: 13.0M->17.0M Heap: 237.9M(512.0M)->134.5M(512.0M)]
    [Times: user=0.00 sys=0.00, real=0.01 secs] 
   2020-11-01T23:19:32.300+0800: 0.388: [GC pause (G1 Evacuation Pause) (young), 0.0101479 secs]
      [Parallel Time: 9.0 ms, GC Workers: 8]
         [GC Worker Start (ms): Min: 388.6, Avg: 388.6, Max: 388.7, Diff: 0.1]
         [Ext Root Scanning (ms): Min: 0.1, Avg: 0.1, Max: 0.2, Diff: 0.1, Sum: 0.9]
         [Update RS (ms): Min: 0.1, Avg: 0.2, Max: 0.2, Diff: 0.1, Sum: 1.3]
            [Processed Buffers: Min: 0, Avg: 1.9, Max: 3, Diff: 3, Sum: 15]
         [Scan RS (ms): Min: 0.0, Avg: 0.0, Max: 0.0, Diff: 0.0, Sum: 0.1]
         [Code Root Scanning (ms): Min: 0.0, Avg: 0.0, Max: 0.0, Diff: 0.0, Sum: 0.0]
         [Object Copy (ms): Min: 8.3, Avg: 8.4, Max: 8.5, Diff: 0.3, Sum: 67.1]
         [Termination (ms): Min: 0.0, Avg: 0.2, Max: 0.3, Diff: 0.3, Sum: 1.2]
            [Termination Attempts: Min: 1, Avg: 1.8, Max: 3, Diff: 2, Sum: 14]
         [GC Worker Other (ms): Min: 0.0, Avg: 0.0, Max: 0.0, Diff: 0.0, Sum: 0.1]
         [GC Worker Total (ms): Min: 8.8, Avg: 8.8, Max: 8.9, Diff: 0.1, Sum: 70.7]
         [GC Worker End (ms): Min: 397.5, Avg: 397.5, Max: 397.5, Diff: 0.0]
      [Code Root Fixup: 0.0 ms]
      [Code Root Purge: 0.0 ms]
      [Clear CT: 0.3 ms]
      [Other: 0.8 ms]
         [Choose CSet: 0.0 ms]
         [Ref Proc: 0.2 ms]
         [Ref Enq: 0.0 ms]
         [Redirty Cards: 0.2 ms]
         [Humongous Register: 0.1 ms]
         [Humongous Reclaim: 0.1 ms]
         [Free CSet: 0.1 ms]
      [Eden: 125.0M(125.0M)->0.0B(202.0M) Survivors: 17.0M->18.0M Heap: 298.8M(512.0M)->182.3M(512.0M)]
    [Times: user=0.00 sys=0.00, real=0.01 secs] 
   2020-11-01T23:19:32.331+0800: 0.419: [GC pause (G1 Humongous Allocation) (young) (initial-mark), 0.0060001 secs]
      [Parallel Time: 5.2 ms, GC Workers: 8]
         [GC Worker Start (ms): Min: 418.9, Avg: 418.9, Max: 419.1, Diff: 0.2]
         [Ext Root Scanning (ms): Min: 0.0, Avg: 0.2, Max: 0.4, Diff: 0.4, Sum: 1.7]
         [Update RS (ms): Min: 0.0, Avg: 0.2, Max: 0.3, Diff: 0.3, Sum: 1.4]
            [Processed Buffers: Min: 0, Avg: 2.4, Max: 4, Diff: 4, Sum: 19]
         [Scan RS (ms): Min: 0.0, Avg: 0.0, Max: 0.0, Diff: 0.0, Sum: 0.1]
         [Code Root Scanning (ms): Min: 0.0, Avg: 0.0, Max: 0.0, Diff: 0.0, Sum: 0.0]
         [Object Copy (ms): Min: 4.5, Avg: 4.6, Max: 4.7, Diff: 0.1, Sum: 36.6]
         [Termination (ms): Min: 0.0, Avg: 0.1, Max: 0.2, Diff: 0.2, Sum: 0.8]
            [Termination Attempts: Min: 1, Avg: 1.8, Max: 3, Diff: 2, Sum: 14]
         [GC Worker Other (ms): Min: 0.0, Avg: 0.0, Max: 0.0, Diff: 0.0, Sum: 0.1]
         [GC Worker Total (ms): Min: 5.0, Avg: 5.1, Max: 5.1, Diff: 0.2, Sum: 40.6]
         [GC Worker End (ms): Min: 424.0, Avg: 424.0, Max: 424.0, Diff: 0.0]
      [Code Root Fixup: 0.0 ms]
      [Code Root Purge: 0.0 ms]
      [Clear CT: 0.2 ms]
      [Other: 0.6 ms]
         [Choose CSet: 0.0 ms]
         [Ref Proc: 0.2 ms]
         [Ref Enq: 0.0 ms]
         [Redirty Cards: 0.2 ms]
         [Humongous Register: 0.0 ms]
         [Humongous Reclaim: 0.0 ms]
         [Free CSet: 0.0 ms]
      [Eden: 83.0M(202.0M)->0.0B(162.0M) Survivors: 18.0M->24.0M Heap: 289.8M(512.0M)->213.4M(512.0M)]
    [Times: user=0.00 sys=0.00, real=0.01 secs] 
   2020-11-01T23:19:32.337+0800: 0.425: [GC concurrent-root-region-scan-start]
   2020-11-01T23:19:32.337+0800: 0.425: [GC concurrent-root-region-scan-end, 0.0001772 secs]
   2020-11-01T23:19:32.337+0800: 0.425: [GC concurrent-mark-start]
   2020-11-01T23:19:32.339+0800: 0.427: [GC concurrent-mark-end, 0.0015499 secs]
   2020-11-01T23:19:32.339+0800: 0.427: [GC remark 2020-11-01T23:19:32.339+0800: 0.427: [Finalize Marking, 0.0002831 secs] 2020-11-01T23:19:32.339+0800: 0.427: [GC ref-proc, 0.0003352 secs] 2020-11-01T23:19:32.340+0800: 0.428: [Unloading, 0.0006485 secs], 0.0018325 secs]
    [Times: user=0.00 sys=0.00, real=0.00 secs] 
   2020-11-01T23:19:32.341+0800: 0.429: [GC cleanup 225M->224M(512M), 0.0011018 secs]
    [Times: user=0.00 sys=0.00, real=0.00 secs] 
   2020-11-01T23:19:32.342+0800: 0.430: [GC concurrent-cleanup-start]
   2020-11-01T23:19:32.342+0800: 0.430: [GC concurrent-cleanup-end, 0.0000096 secs]
   2020-11-01T23:19:32.403+0800: 0.491: [GC pause (G1 Evacuation Pause) (young) (to-space exhausted), 0.0092185 secs]
      [Parallel Time: 7.9 ms, GC Workers: 8]
         [GC Worker Start (ms): Min: 491.4, Avg: 491.6, Max: 491.7, Diff: 0.3]
         [Ext Root Scanning (ms): Min: 0.0, Avg: 0.1, Max: 0.2, Diff: 0.2, Sum: 0.7]
         [Update RS (ms): Min: 0.1, Avg: 0.2, Max: 0.3, Diff: 0.1, Sum: 1.6]
            [Processed Buffers: Min: 0, Avg: 2.8, Max: 4, Diff: 4, Sum: 22]
         [Scan RS (ms): Min: 0.0, Avg: 0.0, Max: 0.0, Diff: 0.0, Sum: 0.1]
         [Code Root Scanning (ms): Min: 0.0, Avg: 0.0, Max: 0.0, Diff: 0.0, Sum: 0.0]
         [Object Copy (ms): Min: 7.4, Avg: 7.4, Max: 7.4, Diff: 0.1, Sum: 59.2]
         [Termination (ms): Min: 0.0, Avg: 0.0, Max: 0.1, Diff: 0.1, Sum: 0.3]
            [Termination Attempts: Min: 1, Avg: 1.0, Max: 1, Diff: 0, Sum: 8]
         [GC Worker Other (ms): Min: 0.0, Avg: 0.0, Max: 0.0, Diff: 0.0, Sum: 0.1]
         [GC Worker Total (ms): Min: 7.6, Avg: 7.8, Max: 7.9, Diff: 0.3, Sum: 62.1]
         [GC Worker End (ms): Min: 499.3, Avg: 499.3, Max: 499.3, Diff: 0.0]
      [Code Root Fixup: 0.0 ms]
      [Code Root Purge: 0.0 ms]
      [Clear CT: 0.2 ms]
      [Other: 1.1 ms]
         [Evacuation Failure: 0.2 ms]
         [Choose CSet: 0.0 ms]
         [Ref Proc: 0.2 ms]
         [Ref Enq: 0.0 ms]
         [Redirty Cards: 0.3 ms]
         [Humongous Register: 0.1 ms]
         [Humongous Reclaim: 0.1 ms]
         [Free CSet: 0.1 ms]
      [Eden: 162.0M(162.0M)->0.0B(4096.0K) Survivors: 24.0M->24.0M Heap: 413.4M(512.0M)->330.9M(512.0M)]
    [Times: user=0.00 sys=0.13, real=0.01 secs] 
   2020-11-01T23:19:32.414+0800: 0.502: [GC pause (G1 Evacuation Pause) (mixed), 0.0044147 secs]
      [Parallel Time: 3.4 ms, GC Workers: 8]
         [GC Worker Start (ms): Min: 501.7, Avg: 501.7, Max: 501.7, Diff: 0.1]
         [Ext Root Scanning (ms): Min: 0.1, Avg: 0.1, Max: 0.1, Diff: 0.1, Sum: 0.9]
         [Update RS (ms): Min: 0.0, Avg: 0.1, Max: 0.1, Diff: 0.1, Sum: 0.6]
            [Processed Buffers: Min: 1, Avg: 1.9, Max: 3, Diff: 2, Sum: 15]
         [Scan RS (ms): Min: 0.0, Avg: 0.0, Max: 0.1, Diff: 0.1, Sum: 0.2]
         [Code Root Scanning (ms): Min: 0.0, Avg: 0.0, Max: 0.0, Diff: 0.0, Sum: 0.0]
         [Object Copy (ms): Min: 2.8, Avg: 2.9, Max: 3.1, Diff: 0.3, Sum: 22.9]
         [Termination (ms): Min: 0.0, Avg: 0.2, Max: 0.3, Diff: 0.3, Sum: 1.5]
            [Termination Attempts: Min: 1, Avg: 1.3, Max: 3, Diff: 2, Sum: 10]
         [GC Worker Other (ms): Min: 0.0, Avg: 0.0, Max: 0.0, Diff: 0.0, Sum: 0.1]
         [GC Worker Total (ms): Min: 3.2, Avg: 3.3, Max: 3.3, Diff: 0.1, Sum: 26.1]
         [GC Worker End (ms): Min: 505.0, Avg: 505.0, Max: 505.0, Diff: 0.0]
      [Code Root Fixup: 0.0 ms]
      [Code Root Purge: 0.0 ms]
      [Clear CT: 0.3 ms]
      [Other: 0.7 ms]
         [Choose CSet: 0.0 ms]
         [Ref Proc: 0.2 ms]
         [Ref Enq: 0.0 ms]
         [Redirty Cards: 0.4 ms]
         [Humongous Register: 0.1 ms]
         [Humongous Reclaim: 0.0 ms]
         [Free CSet: 0.0 ms]
      [Eden: 4096.0K(4096.0K)->0.0B(74.0M) Survivors: 24.0M->1024.0K Heap: 335.4M(512.0M)->322.8M(512.0M)]
    [Times: user=0.00 sys=0.00, real=0.00 secs] 
   2020-11-01T23:19:32.420+0800: 0.508: [GC pause (G1 Humongous Allocation) (young) (initial-mark), 0.0015522 secs]
      [Parallel Time: 0.8 ms, GC Workers: 8]
         [GC Worker Start (ms): Min: 507.8, Avg: 507.9, Max: 508.1, Diff: 0.3]
         [Ext Root Scanning (ms): Min: 0.0, Avg: 0.2, Max: 0.4, Diff: 0.3, Sum: 1.7]
         [Update RS (ms): Min: 0.0, Avg: 0.1, Max: 0.1, Diff: 0.1, Sum: 0.6]
            [Processed Buffers: Min: 0, Avg: 1.1, Max: 2, Diff: 2, Sum: 9]
         [Scan RS (ms): Min: 0.0, Avg: 0.0, Max: 0.0, Diff: 0.0, Sum: 0.0]
         [Code Root Scanning (ms): Min: 0.0, Avg: 0.0, Max: 0.0, Diff: 0.0, Sum: 0.0]
         [Object Copy (ms): Min: 0.3, Avg: 0.3, Max: 0.4, Diff: 0.1, Sum: 2.5]
         [Termination (ms): Min: 0.0, Avg: 0.0, Max: 0.1, Diff: 0.1, Sum: 0.2]
            [Termination Attempts: Min: 1, Avg: 1.0, Max: 1, Diff: 0, Sum: 8]
         [GC Worker Other (ms): Min: 0.0, Avg: 0.0, Max: 0.0, Diff: 0.0, Sum: 0.1]
         [GC Worker Total (ms): Min: 0.5, Avg: 0.6, Max: 0.8, Diff: 0.3, Sum: 5.1]
         [GC Worker End (ms): Min: 508.5, Avg: 508.5, Max: 508.5, Diff: 0.0]
      [Code Root Fixup: 0.0 ms]
      [Code Root Purge: 0.0 ms]
      [Clear CT: 0.2 ms]
      [Other: 0.6 ms]
         [Choose CSet: 0.0 ms]
         [Ref Proc: 0.2 ms]
         [Ref Enq: 0.0 ms]
         [Redirty Cards: 0.1 ms]
         [Humongous Register: 0.1 ms]
         [Humongous Reclaim: 0.0 ms]
         [Free CSet: 0.0 ms]
      [Eden: 8192.0K(74.0M)->0.0B(68.0M) Survivors: 1024.0K->4096.0K Heap: 329.9M(512.0M)->324.6M(512.0M)]
    [Times: user=0.00 sys=0.00, real=0.00 secs] 
   2020-11-01T23:19:32.421+0800: 0.509: [GC concurrent-root-region-scan-start]
   2020-11-01T23:19:32.421+0800: 0.509: [GC concurrent-root-region-scan-end, 0.0001059 secs]
   2020-11-01T23:19:32.421+0800: 0.509: [GC concurrent-mark-start]
   2020-11-01T23:19:32.423+0800: 0.511: [GC concurrent-mark-end, 0.0015329 secs]
   2020-11-01T23:19:32.423+0800: 0.511: [GC remark 2020-11-01T23:19:32.423+0800: 0.511: [Finalize Marking, 0.0003486 secs] 2020-11-01T23:19:32.423+0800: 0.511: [GC ref-proc, 0.0002671 secs] 2020-11-01T23:19:32.424+0800: 0.512: [Unloading, 0.0005609 secs], 0.0018607 secs]
    [Times: user=0.02 sys=0.00, real=0.00 secs] 
   2020-11-01T23:19:32.425+0800: 0.513: [GC cleanup 335M->333M(512M), 0.0010120 secs]
    [Times: user=0.00 sys=0.00, real=0.00 secs] 
   2020-11-01T23:19:32.426+0800: 0.514: [GC concurrent-cleanup-start]
   2020-11-01T23:19:32.426+0800: 0.514: [GC concurrent-cleanup-end, 0.0000126 secs]
   2020-11-01T23:19:32.440+0800: 0.528: [GC pause (G1 Evacuation Pause) (young), 0.0034950 secs]
      [Parallel Time: 2.7 ms, GC Workers: 8]
         [GC Worker Start (ms): Min: 528.4, Avg: 528.5, Max: 528.5, Diff: 0.1]
         [Ext Root Scanning (ms): Min: 0.1, Avg: 0.1, Max: 0.2, Diff: 0.1, Sum: 0.9]
         [Update RS (ms): Min: 0.1, Avg: 0.2, Max: 0.5, Diff: 0.3, Sum: 1.5]
            [Processed Buffers: Min: 0, Avg: 2.3, Max: 3, Diff: 3, Sum: 18]
         [Scan RS (ms): Min: 0.0, Avg: 0.0, Max: 0.0, Diff: 0.0, Sum: 0.1]
         [Code Root Scanning (ms): Min: 0.0, Avg: 0.0, Max: 0.0, Diff: 0.0, Sum: 0.0]
         [Object Copy (ms): Min: 1.8, Avg: 2.0, Max: 2.1, Diff: 0.4, Sum: 16.2]
         [Termination (ms): Min: 0.0, Avg: 0.1, Max: 0.1, Diff: 0.1, Sum: 0.5]
            [Termination Attempts: Min: 1, Avg: 1.6, Max: 2, Diff: 1, Sum: 13]
         [GC Worker Other (ms): Min: 0.0, Avg: 0.0, Max: 0.0, Diff: 0.0, Sum: 0.1]
         [GC Worker Total (ms): Min: 2.4, Avg: 2.4, Max: 2.5, Diff: 0.1, Sum: 19.3]
         [GC Worker End (ms): Min: 530.9, Avg: 530.9, Max: 530.9, Diff: 0.0]
      [Code Root Fixup: 0.0 ms]
      [Code Root Purge: 0.0 ms]
      [Clear CT: 0.2 ms]
      [Other: 0.6 ms]
         [Choose CSet: 0.0 ms]
         [Ref Proc: 0.2 ms]
         [Ref Enq: 0.0 ms]
         [Redirty Cards: 0.2 ms]
         [Humongous Register: 0.1 ms]
         [Humongous Reclaim: 0.0 ms]
         [Free CSet: 0.0 ms]
      [Eden: 68.0M(68.0M)->0.0B(16.0M) Survivors: 4096.0K->9216.0K Heap: 413.9M(512.0M)->348.6M(512.0M)]
    [Times: user=0.00 sys=0.00, real=0.00 secs] 
   2020-11-01T23:19:32.448+0800: 0.536: [GC pause (G1 Evacuation Pause) (mixed), 0.0035278 secs]
      [Parallel Time: 2.5 ms, GC Workers: 8]
         [GC Worker Start (ms): Min: 535.8, Avg: 535.8, Max: 536.0, Diff: 0.2]
         [Ext Root Scanning (ms): Min: 0.0, Avg: 0.1, Max: 0.2, Diff: 0.2, Sum: 0.9]
         [Update RS (ms): Min: 0.1, Avg: 0.1, Max: 0.2, Diff: 0.1, Sum: 1.2]
            [Processed Buffers: Min: 1, Avg: 2.4, Max: 4, Diff: 3, Sum: 19]
         [Scan RS (ms): Min: 0.0, Avg: 0.0, Max: 0.0, Diff: 0.0, Sum: 0.1]
         [Code Root Scanning (ms): Min: 0.0, Avg: 0.0, Max: 0.0, Diff: 0.0, Sum: 0.0]
         [Object Copy (ms): Min: 1.9, Avg: 1.9, Max: 2.1, Diff: 0.2, Sum: 15.6]
         [Termination (ms): Min: 0.0, Avg: 0.1, Max: 0.2, Diff: 0.2, Sum: 1.0]
            [Termination Attempts: Min: 1, Avg: 1.0, Max: 1, Diff: 0, Sum: 8]
         [GC Worker Other (ms): Min: 0.0, Avg: 0.0, Max: 0.0, Diff: 0.0, Sum: 0.1]
         [GC Worker Total (ms): Min: 2.2, Avg: 2.4, Max: 2.4, Diff: 0.2, Sum: 18.8]
         [GC Worker End (ms): Min: 538.2, Avg: 538.2, Max: 538.2, Diff: 0.0]
      [Code Root Fixup: 0.0 ms]
      [Code Root Purge: 0.0 ms]
      [Clear CT: 0.3 ms]
      [Other: 0.7 ms]
         [Choose CSet: 0.0 ms]
         [Ref Proc: 0.2 ms]
         [Ref Enq: 0.0 ms]
         [Redirty Cards: 0.2 ms]
         [Humongous Register: 0.1 ms]
         [Humongous Reclaim: 0.0 ms]
         [Free CSet: 0.1 ms]
      [Eden: 16.0M(16.0M)->0.0B(21.0M) Survivors: 9216.0K->4096.0K Heap: 365.7M(512.0M)->303.9M(512.0M)]
    [Times: user=0.00 sys=0.00, real=0.00 secs] 
   2020-11-01T23:19:32.457+0800: 0.544: [GC pause (G1 Evacuation Pause) (mixed), 0.0045272 secs]
      [Parallel Time: 3.5 ms, GC Workers: 8]
         [GC Worker Start (ms): Min: 544.7, Avg: 544.8, Max: 544.9, Diff: 0.2]
         [Ext Root Scanning (ms): Min: 0.0, Avg: 0.1, Max: 0.2, Diff: 0.2, Sum: 0.9]
         [Update RS (ms): Min: 0.2, Avg: 0.2, Max: 0.2, Diff: 0.0, Sum: 1.7]
            [Processed Buffers: Min: 0, Avg: 2.4, Max: 4, Diff: 4, Sum: 19]
         [Scan RS (ms): Min: 0.0, Avg: 0.0, Max: 0.0, Diff: 0.0, Sum: 0.2]
         [Code Root Scanning (ms): Min: 0.0, Avg: 0.0, Max: 0.0, Diff: 0.0, Sum: 0.0]
         [Object Copy (ms): Min: 3.0, Avg: 3.0, Max: 3.0, Diff: 0.1, Sum: 24.0]
         [Termination (ms): Min: 0.0, Avg: 0.0, Max: 0.1, Diff: 0.1, Sum: 0.4]
            [Termination Attempts: Min: 1, Avg: 1.0, Max: 1, Diff: 0, Sum: 8]
         [GC Worker Other (ms): Min: 0.0, Avg: 0.0, Max: 0.0, Diff: 0.0, Sum: 0.1]
         [GC Worker Total (ms): Min: 3.3, Avg: 3.4, Max: 3.5, Diff: 0.2, Sum: 27.1]
         [GC Worker End (ms): Min: 548.1, Avg: 548.1, Max: 548.2, Diff: 0.0]
      [Code Root Fixup: 0.0 ms]
      [Code Root Purge: 0.0 ms]
      [Clear CT: 0.2 ms]
      [Other: 0.8 ms]
         [Choose CSet: 0.0 ms]
         [Ref Proc: 0.2 ms]
         [Ref Enq: 0.0 ms]
         [Redirty Cards: 0.3 ms]
         [Humongous Register: 0.1 ms]
         [Humongous Reclaim: 0.0 ms]
         [Free CSet: 0.1 ms]
      [Eden: 21.0M(21.0M)->0.0B(21.0M) Survivors: 4096.0K->4096.0K Heap: 327.6M(512.0M)->274.5M(512.0M)]
    [Times: user=0.00 sys=0.00, real=0.00 secs] 
   2020-11-01T23:19:32.466+0800: 0.554: [GC pause (G1 Evacuation Pause) (mixed), 0.0033877 secs]
      [Parallel Time: 2.6 ms, GC Workers: 8]
         [GC Worker Start (ms): Min: 554.0, Avg: 554.5, Max: 556.3, Diff: 2.4]
         [Ext Root Scanning (ms): Min: 0.0, Avg: 0.1, Max: 0.2, Diff: 0.2, Sum: 0.9]
         [Update RS (ms): Min: 0.0, Avg: 0.2, Max: 0.4, Diff: 0.4, Sum: 2.0]
            [Processed Buffers: Min: 0, Avg: 3.1, Max: 6, Diff: 6, Sum: 25]
         [Scan RS (ms): Min: 0.0, Avg: 0.0, Max: 0.0, Diff: 0.0, Sum: 0.1]
         [Code Root Scanning (ms): Min: 0.0, Avg: 0.0, Max: 0.0, Diff: 0.0, Sum: 0.0]
         [Object Copy (ms): Min: 0.0, Avg: 1.5, Max: 1.8, Diff: 1.8, Sum: 11.6]
         [Termination (ms): Min: 0.0, Avg: 0.0, Max: 0.1, Diff: 0.1, Sum: 0.3]
            [Termination Attempts: Min: 1, Avg: 1.0, Max: 1, Diff: 0, Sum: 8]
         [GC Worker Other (ms): Min: 0.0, Avg: 0.0, Max: 0.0, Diff: 0.0, Sum: 0.1]
         [GC Worker Total (ms): Min: 0.0, Avg: 1.9, Max: 2.4, Diff: 2.4, Sum: 15.0]
         [GC Worker End (ms): Min: 556.4, Avg: 556.4, Max: 556.4, Diff: 0.0]
      [Code Root Fixup: 0.0 ms]
      [Code Root Purge: 0.0 ms]
      [Clear CT: 0.2 ms]
      [Other: 0.6 ms]
         [Choose CSet: 0.1 ms]
         [Ref Proc: 0.1 ms]
         [Ref Enq: 0.0 ms]
         [Redirty Cards: 0.1 ms]
         [Humongous Register: 0.1 ms]
         [Humongous Reclaim: 0.0 ms]
         [Free CSet: 0.0 ms]
      [Eden: 21.0M(21.0M)->0.0B(104.0M) Survivors: 4096.0K->4096.0K Heap: 303.5M(512.0M)->277.8M(512.0M)]
    [Times: user=0.00 sys=0.00, real=0.00 secs] 
   2020-11-01T23:19:32.470+0800: 0.557: [GC pause (G1 Humongous Allocation) (young) (initial-mark), 0.0015453 secs]
      [Parallel Time: 0.7 ms, GC Workers: 8]
         [GC Worker Start (ms): Min: 557.6, Avg: 557.6, Max: 557.7, Diff: 0.2]
         [Ext Root Scanning (ms): Min: 0.0, Avg: 0.1, Max: 0.2, Diff: 0.2, Sum: 1.2]
         [Update RS (ms): Min: 0.0, Avg: 0.0, Max: 0.1, Diff: 0.1, Sum: 0.2]
            [Processed Buffers: Min: 0, Avg: 1.0, Max: 2, Diff: 2, Sum: 8]
         [Scan RS (ms): Min: 0.0, Avg: 0.0, Max: 0.0, Diff: 0.0, Sum: 0.0]
         [Code Root Scanning (ms): Min: 0.0, Avg: 0.0, Max: 0.0, Diff: 0.0, Sum: 0.0]
         [Object Copy (ms): Min: 0.3, Avg: 0.4, Max: 0.4, Diff: 0.1, Sum: 2.9]
         [Termination (ms): Min: 0.0, Avg: 0.0, Max: 0.1, Diff: 0.1, Sum: 0.2]
            [Termination Attempts: Min: 1, Avg: 1.0, Max: 1, Diff: 0, Sum: 8]
         [GC Worker Other (ms): Min: 0.0, Avg: 0.0, Max: 0.0, Diff: 0.0, Sum: 0.1]
         [GC Worker Total (ms): Min: 0.5, Avg: 0.6, Max: 0.6, Diff: 0.2, Sum: 4.7]
         [GC Worker End (ms): Min: 558.2, Avg: 558.2, Max: 558.2, Diff: 0.0]
      [Code Root Fixup: 0.0 ms]
      [Code Root Purge: 0.0 ms]
      [Clear CT: 0.2 ms]
      [Other: 0.6 ms]
         [Choose CSet: 0.0 ms]
         [Ref Proc: 0.2 ms]
         [Ref Enq: 0.0 ms]
         [Redirty Cards: 0.2 ms]
         [Humongous Register: 0.1 ms]
         [Humongous Reclaim: 0.0 ms]
         [Free CSet: 0.0 ms]
      [Eden: 2048.0K(104.0M)->0.0B(104.0M) Survivors: 4096.0K->5120.0K Heap: 279.2M(512.0M)->278.8M(512.0M)]
    [Times: user=0.00 sys=0.02, real=0.00 secs] 
   2020-11-01T23:19:32.471+0800: 0.559: [GC concurrent-root-region-scan-start]
   2020-11-01T23:19:32.471+0800: 0.559: [GC concurrent-root-region-scan-end, 0.0001667 secs]
   2020-11-01T23:19:32.471+0800: 0.559: [GC concurrent-mark-start]
   2020-11-01T23:19:32.473+0800: 0.561: [GC concurrent-mark-end, 0.0019107 secs]
   2020-11-01T23:19:32.474+0800: 0.562: [GC remark 2020-11-01T23:19:32.474+0800: 0.562: [Finalize Marking, 0.0002570 secs] 2020-11-01T23:19:32.474+0800: 0.562: [GC ref-proc, 0.0002597 secs] 2020-11-01T23:19:32.474+0800: 0.562: [Unloading, 0.0005149 secs], 0.0018222 secs]
    [Times: user=0.00 sys=0.00, real=0.00 secs] 
   2020-11-01T23:19:32.476+0800: 0.564: [GC cleanup 291M->291M(512M), 0.0009077 secs]
    [Times: user=0.00 sys=0.00, real=0.00 secs] 
   2020-11-01T23:19:32.493+0800: 0.581: [GC pause (G1 Evacuation Pause) (young), 0.0052166 secs]
      [Parallel Time: 4.3 ms, GC Workers: 8]
         [GC Worker Start (ms): Min: 581.0, Avg: 581.1, Max: 581.2, Diff: 0.2]
         [Ext Root Scanning (ms): Min: 0.0, Avg: 0.1, Max: 0.2, Diff: 0.2, Sum: 0.8]
         [Update RS (ms): Min: 0.2, Avg: 0.2, Max: 0.3, Diff: 0.1, Sum: 1.9]
            [Processed Buffers: Min: 0, Avg: 2.6, Max: 4, Diff: 4, Sum: 21]
         [Scan RS (ms): Min: 0.0, Avg: 0.0, Max: 0.0, Diff: 0.0, Sum: 0.1]
         [Code Root Scanning (ms): Min: 0.0, Avg: 0.0, Max: 0.0, Diff: 0.0, Sum: 0.0]
         [Object Copy (ms): Min: 3.7, Avg: 3.7, Max: 3.8, Diff: 0.1, Sum: 29.7]
         [Termination (ms): Min: 0.0, Avg: 0.1, Max: 0.2, Diff: 0.2, Sum: 0.5]
            [Termination Attempts: Min: 1, Avg: 1.0, Max: 1, Diff: 0, Sum: 8]
         [GC Worker Other (ms): Min: 0.0, Avg: 0.0, Max: 0.0, Diff: 0.0, Sum: 0.1]
         [GC Worker Total (ms): Min: 4.0, Avg: 4.1, Max: 4.2, Diff: 0.2, Sum: 33.2]
         [GC Worker End (ms): Min: 585.2, Avg: 585.2, Max: 585.3, Diff: 0.1]
      [Code Root Fixup: 0.0 ms]
      [Code Root Purge: 0.0 ms]
      [Clear CT: 0.2 ms]
      [Other: 0.7 ms]
         [Choose CSet: 0.0 ms]
         [Ref Proc: 0.2 ms]
         [Ref Enq: 0.0 ms]
         [Redirty Cards: 0.2 ms]
         [Humongous Register: 0.1 ms]
         [Humongous Reclaim: 0.1 ms]
         [Free CSet: 0.1 ms]
      [Eden: 104.0M(104.0M)->0.0B(11.0M) Survivors: 5120.0K->14.0M Heap: 405.4M(512.0M)->310.3M(512.0M)]
    [Times: user=0.00 sys=0.00, real=0.00 secs] 
   2020-11-01T23:19:32.501+0800: 0.589: [GC pause (G1 Evacuation Pause) (mixed), 0.0057899 secs]
      [Parallel Time: 5.0 ms, GC Workers: 8]
         [GC Worker Start (ms): Min: 589.0, Avg: 589.0, Max: 589.2, Diff: 0.2]
         [Ext Root Scanning (ms): Min: 0.0, Avg: 0.1, Max: 0.2, Diff: 0.2, Sum: 0.8]
         [Update RS (ms): Min: 0.3, Avg: 0.4, Max: 1.0, Diff: 0.7, Sum: 3.0]
            [Processed Buffers: Min: 1, Avg: 3.9, Max: 6, Diff: 5, Sum: 31]
         [Scan RS (ms): Min: 0.0, Avg: 0.0, Max: 0.0, Diff: 0.0, Sum: 0.2]
         [Code Root Scanning (ms): Min: 0.0, Avg: 0.0, Max: 0.0, Diff: 0.0, Sum: 0.0]
         [Object Copy (ms): Min: 3.5, Avg: 4.2, Max: 4.3, Diff: 0.8, Sum: 33.2]
         [Termination (ms): Min: 0.0, Avg: 0.1, Max: 0.2, Diff: 0.2, Sum: 0.9]
            [Termination Attempts: Min: 1, Avg: 1.3, Max: 3, Diff: 2, Sum: 10]
         [GC Worker Other (ms): Min: 0.0, Avg: 0.0, Max: 0.0, Diff: 0.0, Sum: 0.1]
         [GC Worker Total (ms): Min: 4.7, Avg: 4.8, Max: 4.8, Diff: 0.2, Sum: 38.2]
         [GC Worker End (ms): Min: 593.8, Avg: 593.8, Max: 593.8, Diff: 0.0]
      [Code Root Fixup: 0.0 ms]
      [Code Root Purge: 0.0 ms]
      [Clear CT: 0.2 ms]
      [Other: 0.7 ms]
         [Choose CSet: 0.0 ms]
         [Ref Proc: 0.2 ms]
         [Ref Enq: 0.0 ms]
         [Redirty Cards: 0.2 ms]
         [Humongous Register: 0.1 ms]
         [Humongous Reclaim: 0.0 ms]
         [Free CSet: 0.1 ms]
      [Eden: 11.0M(11.0M)->0.0B(92.0M) Survivors: 14.0M->4096.0K Heap: 325.9M(512.0M)->294.5M(512.0M)]
    [Times: user=0.13 sys=0.00, real=0.01 secs] 
   2020-11-01T23:19:32.507+0800: 0.595: [GC pause (G1 Humongous Allocation) (young) (initial-mark), 0.0019350 secs]
      [Parallel Time: 0.9 ms, GC Workers: 8]
         [GC Worker Start (ms): Min: 595.4, Avg: 595.5, Max: 595.6, Diff: 0.2]
         [Ext Root Scanning (ms): Min: 0.0, Avg: 0.2, Max: 0.6, Diff: 0.6, Sum: 1.8]
         [Update RS (ms): Min: 0.0, Avg: 0.1, Max: 0.1, Diff: 0.1, Sum: 0.5]
            [Processed Buffers: Min: 0, Avg: 1.1, Max: 2, Diff: 2, Sum: 9]
         [Scan RS (ms): Min: 0.0, Avg: 0.0, Max: 0.0, Diff: 0.0, Sum: 0.0]
         [Code Root Scanning (ms): Min: 0.0, Avg: 0.0, Max: 0.0, Diff: 0.0, Sum: 0.0]
         [Object Copy (ms): Min: 0.0, Avg: 0.4, Max: 0.5, Diff: 0.5, Sum: 3.0]
         [Termination (ms): Min: 0.0, Avg: 0.1, Max: 0.2, Diff: 0.2, Sum: 0.6]
            [Termination Attempts: Min: 1, Avg: 1.0, Max: 1, Diff: 0, Sum: 8]
         [GC Worker Other (ms): Min: 0.0, Avg: 0.0, Max: 0.0, Diff: 0.0, Sum: 0.1]
         [GC Worker Total (ms): Min: 0.6, Avg: 0.7, Max: 0.8, Diff: 0.2, Sum: 5.9]
         [GC Worker End (ms): Min: 596.2, Avg: 596.2, Max: 596.2, Diff: 0.0]
      [Code Root Fixup: 0.0 ms]
      [Code Root Purge: 0.0 ms]
      [Clear CT: 0.3 ms]
      [Other: 0.8 ms]
         [Choose CSet: 0.0 ms]
         [Ref Proc: 0.1 ms]
         [Ref Enq: 0.0 ms]
         [Redirty Cards: 0.4 ms]
         [Humongous Register: 0.1 ms]
         [Humongous Reclaim: 0.0 ms]
         [Free CSet: 0.0 ms]
      [Eden: 3072.0K(92.0M)->0.0B(89.0M) Survivors: 4096.0K->6144.0K Heap: 296.8M(512.0M)->296.0M(512.0M)]
    [Times: user=0.00 sys=0.00, real=0.00 secs] 
   2020-11-01T23:19:32.509+0800: 0.597: [GC concurrent-root-region-scan-start]
   2020-11-01T23:19:32.510+0800: 0.598: [GC concurrent-root-region-scan-end, 0.0001795 secs]
   2020-11-01T23:19:32.510+0800: 0.598: [GC concurrent-mark-start]
   2020-11-01T23:19:32.511+0800: 0.599: [GC concurrent-mark-end, 0.0018740 secs]
   2020-11-01T23:19:32.512+0800: 0.600: [GC remark 2020-11-01T23:19:32.512+0800: 0.600: [Finalize Marking, 0.0001827 secs] 2020-11-01T23:19:32.512+0800: 0.600: [GC ref-proc, 0.0002529 secs] 2020-11-01T23:19:32.512+0800: 0.600: [Unloading, 0.0004158 secs], 0.0016250 secs]
    [Times: user=0.00 sys=0.00, real=0.00 secs] 
   2020-11-01T23:19:32.514+0800: 0.602: [GC cleanup 310M->310M(512M), 0.0009677 secs]
    [Times: user=0.00 sys=0.00, real=0.00 secs] 
   2020-11-01T23:19:32.533+0800: 0.621: [GC pause (G1 Evacuation Pause) (young), 0.0046449 secs]
      [Parallel Time: 3.7 ms, GC Workers: 8]
         [GC Worker Start (ms): Min: 621.5, Avg: 621.5, Max: 621.6, Diff: 0.2]
         [Ext Root Scanning (ms): Min: 0.0, Avg: 0.1, Max: 0.1, Diff: 0.1, Sum: 0.8]
         [Update RS (ms): Min: 0.3, Avg: 0.3, Max: 0.3, Diff: 0.0, Sum: 2.6]
            [Processed Buffers: Min: 0, Avg: 4.1, Max: 7, Diff: 7, Sum: 33]
         [Scan RS (ms): Min: 0.0, Avg: 0.0, Max: 0.0, Diff: 0.0, Sum: 0.1]
         [Code Root Scanning (ms): Min: 0.0, Avg: 0.0, Max: 0.0, Diff: 0.0, Sum: 0.0]
         [Object Copy (ms): Min: 2.9, Avg: 3.0, Max: 3.1, Diff: 0.1, Sum: 24.0]
         [Termination (ms): Min: 0.0, Avg: 0.1, Max: 0.1, Diff: 0.1, Sum: 0.5]
            [Termination Attempts: Min: 1, Avg: 1.0, Max: 1, Diff: 0, Sum: 8]
         [GC Worker Other (ms): Min: 0.0, Avg: 0.0, Max: 0.0, Diff: 0.0, Sum: 0.1]
         [GC Worker Total (ms): Min: 3.4, Avg: 3.5, Max: 3.6, Diff: 0.2, Sum: 28.1]
         [GC Worker End (ms): Min: 625.0, Avg: 625.0, Max: 625.0, Diff: 0.0]
      [Code Root Fixup: 0.0 ms]
      [Code Root Purge: 0.0 ms]
      [Clear CT: 0.2 ms]
      [Other: 0.7 ms]
         [Choose CSet: 0.0 ms]
         [Ref Proc: 0.1 ms]
         [Ref Enq: 0.0 ms]
         [Redirty Cards: 0.3 ms]
         [Humongous Register: 0.1 ms]
         [Humongous Reclaim: 0.1 ms]
         [Free CSet: 0.0 ms]
      [Eden: 89.0M(89.0M)->0.0B(13.0M) Survivors: 6144.0K->12.0M Heap: 409.1M(512.0M)->324.1M(512.0M)]
    [Times: user=0.03 sys=0.00, real=0.01 secs] 
   2020-11-01T23:19:32.540+0800: 0.628: [GC pause (G1 Evacuation Pause) (mixed), 0.0051328 secs]
      [Parallel Time: 4.2 ms, GC Workers: 8]
         [GC Worker Start (ms): Min: 628.4, Avg: 628.4, Max: 628.5, Diff: 0.1]
         [Ext Root Scanning (ms): Min: 0.1, Avg: 0.1, Max: 0.2, Diff: 0.1, Sum: 0.9]
         [Update RS (ms): Min: 0.3, Avg: 0.3, Max: 0.3, Diff: 0.0, Sum: 2.2]
            [Processed Buffers: Min: 1, Avg: 3.9, Max: 5, Diff: 4, Sum: 31]
         [Scan RS (ms): Min: 0.0, Avg: 0.0, Max: 0.0, Diff: 0.0, Sum: 0.2]
         [Code Root Scanning (ms): Min: 0.0, Avg: 0.0, Max: 0.0, Diff: 0.0, Sum: 0.0]
         [Object Copy (ms): Min: 3.5, Avg: 3.5, Max: 3.6, Diff: 0.1, Sum: 28.3]
         [Termination (ms): Min: 0.0, Avg: 0.1, Max: 0.1, Diff: 0.1, Sum: 0.8]
            [Termination Attempts: Min: 1, Avg: 1.3, Max: 3, Diff: 2, Sum: 10]
         [GC Worker Other (ms): Min: 0.0, Avg: 0.0, Max: 0.0, Diff: 0.0, Sum: 0.1]
         [GC Worker Total (ms): Min: 4.0, Avg: 4.0, Max: 4.1, Diff: 0.1, Sum: 32.4]
         [GC Worker End (ms): Min: 632.5, Avg: 632.5, Max: 632.5, Diff: 0.0]
      [Code Root Fixup: 0.0 ms]
      [Code Root Purge: 0.0 ms]
      [Clear CT: 0.3 ms]
      [Other: 0.6 ms]
         [Choose CSet: 0.0 ms]
         [Ref Proc: 0.1 ms]
         [Ref Enq: 0.0 ms]
         [Redirty Cards: 0.3 ms]
         [Humongous Register: 0.1 ms]
         [Humongous Reclaim: 0.0 ms]
         [Free CSet: 0.1 ms]
      [Eden: 13.0M(13.0M)->0.0B(83.0M) Survivors: 12.0M->3072.0K Heap: 341.7M(512.0M)->304.2M(512.0M)]
    [Times: user=0.00 sys=0.00, real=0.01 secs] 
   2020-11-01T23:19:32.546+0800: 0.634: [GC pause (G1 Humongous Allocation) (young) (initial-mark), 0.0019128 secs]
      [Parallel Time: 0.8 ms, GC Workers: 8]
         [GC Worker Start (ms): Min: 634.0, Avg: 634.1, Max: 634.2, Diff: 0.2]
         [Ext Root Scanning (ms): Min: 0.0, Avg: 0.2, Max: 0.5, Diff: 0.5, Sum: 1.9]
         [Update RS (ms): Min: 0.0, Avg: 0.1, Max: 0.4, Diff: 0.4, Sum: 0.8]
            [Processed Buffers: Min: 0, Avg: 1.1, Max: 2, Diff: 2, Sum: 9]
         [Scan RS (ms): Min: 0.0, Avg: 0.0, Max: 0.0, Diff: 0.0, Sum: 0.0]
         [Code Root Scanning (ms): Min: 0.0, Avg: 0.0, Max: 0.0, Diff: 0.0, Sum: 0.0]
         [Object Copy (ms): Min: 0.0, Avg: 0.2, Max: 0.3, Diff: 0.3, Sum: 1.6]
         [Termination (ms): Min: 0.0, Avg: 0.1, Max: 0.1, Diff: 0.1, Sum: 0.7]
            [Termination Attempts: Min: 1, Avg: 1.1, Max: 2, Diff: 1, Sum: 9]
         [GC Worker Other (ms): Min: 0.0, Avg: 0.0, Max: 0.0, Diff: 0.0, Sum: 0.0]
         [GC Worker Total (ms): Min: 0.5, Avg: 0.6, Max: 0.7, Diff: 0.2, Sum: 5.1]
         [GC Worker End (ms): Min: 634.7, Avg: 634.7, Max: 634.8, Diff: 0.1]
      [Code Root Fixup: 0.0 ms]
      [Code Root Purge: 0.0 ms]
      [Clear CT: 0.3 ms]
      [Other: 0.7 ms]
         [Choose CSet: 0.0 ms]
         [Ref Proc: 0.1 ms]
         [Ref Enq: 0.0 ms]
         [Redirty Cards: 0.4 ms]
         [Humongous Register: 0.1 ms]
         [Humongous Reclaim: 0.0 ms]
         [Free CSet: 0.0 ms]
      [Eden: 1024.0K(83.0M)->0.0B(83.0M) Survivors: 3072.0K->4096.0K Heap: 305.0M(512.0M)->304.5M(512.0M)]
    [Times: user=0.00 sys=0.00, real=0.00 secs] 
   2020-11-01T23:19:32.548+0800: 0.636: [GC concurrent-root-region-scan-start]
   2020-11-01T23:19:32.548+0800: 0.636: [GC concurrent-root-region-scan-end, 0.0001412 secs]
   2020-11-01T23:19:32.548+0800: 0.636: [GC concurrent-mark-start]
   2020-11-01T23:19:32.550+0800: 0.638: [GC concurrent-mark-end, 0.0018305 secs]
   2020-11-01T23:19:32.550+0800: 0.638: [GC remark 2020-11-01T23:19:32.550+0800: 0.638: [Finalize Marking, 0.0003352 secs] 2020-11-01T23:19:32.551+0800: 0.639: [GC ref-proc, 0.0002621 secs] 2020-11-01T23:19:32.551+0800: 0.639: [Unloading, 0.0004675 secs], 0.0018236 secs]
    [Times: user=0.00 sys=0.00, real=0.00 secs] 
   2020-11-01T23:19:32.552+0800: 0.640: [GC cleanup 314M->314M(512M), 0.0006784 secs]
    [Times: user=0.00 sys=0.00, real=0.00 secs] 
   2020-11-01T23:19:32.570+0800: 0.658: [GC pause (G1 Evacuation Pause) (young), 0.0044192 secs]
      [Parallel Time: 3.5 ms, GC Workers: 8]
         [GC Worker Start (ms): Min: 657.8, Avg: 658.1, Max: 659.9, Diff: 2.0]
         [Ext Root Scanning (ms): Min: 0.0, Avg: 0.1, Max: 0.2, Diff: 0.2, Sum: 0.8]
         [Update RS (ms): Min: 0.0, Avg: 0.3, Max: 0.4, Diff: 0.4, Sum: 2.7]
            [Processed Buffers: Min: 0, Avg: 4.8, Max: 6, Diff: 6, Sum: 38]
         [Scan RS (ms): Min: 0.0, Avg: 0.0, Max: 0.0, Diff: 0.0, Sum: 0.1]
         [Code Root Scanning (ms): Min: 0.0, Avg: 0.0, Max: 0.0, Diff: 0.0, Sum: 0.0]
         [Object Copy (ms): Min: 1.2, Avg: 2.5, Max: 2.8, Diff: 1.5, Sum: 20.1]
         [Termination (ms): Min: 0.0, Avg: 0.1, Max: 0.1, Diff: 0.1, Sum: 0.6]
            [Termination Attempts: Min: 1, Avg: 1.0, Max: 1, Diff: 0, Sum: 8]
         [GC Worker Other (ms): Min: 0.0, Avg: 0.0, Max: 0.0, Diff: 0.0, Sum: 0.1]
         [GC Worker Total (ms): Min: 1.3, Avg: 3.0, Max: 3.3, Diff: 2.0, Sum: 24.4]
         [GC Worker End (ms): Min: 661.2, Avg: 661.2, Max: 661.2, Diff: 0.0]
      [Code Root Fixup: 0.0 ms]
      [Code Root Purge: 0.0 ms]
      [Clear CT: 0.2 ms]
      [Other: 0.7 ms]
         [Choose CSet: 0.0 ms]
         [Ref Proc: 0.2 ms]
         [Ref Enq: 0.0 ms]
         [Redirty Cards: 0.2 ms]
         [Humongous Register: 0.2 ms]
         [Humongous Reclaim: 0.0 ms]
         [Free CSet: 0.0 ms]
      [Eden: 83.0M(83.0M)->0.0B(14.0M) Survivors: 4096.0K->11.0M Heap: 411.8M(512.0M)->333.8M(512.0M)]
    [Times: user=0.00 sys=0.00, real=0.00 secs] 
   2020-11-01T23:19:32.577+0800: 0.665: [GC pause (G1 Evacuation Pause) (mixed), 0.0056531 secs]
      [Parallel Time: 4.7 ms, GC Workers: 8]
         [GC Worker Start (ms): Min: 665.4, Avg: 665.6, Max: 666.2, Diff: 0.8]
         [Ext Root Scanning (ms): Min: 0.0, Avg: 0.1, Max: 0.2, Diff: 0.2, Sum: 0.8]
         [Update RS (ms): Min: 0.0, Avg: 0.3, Max: 0.4, Diff: 0.4, Sum: 2.6]
            [Processed Buffers: Min: 0, Avg: 4.5, Max: 6, Diff: 6, Sum: 36]
         [Scan RS (ms): Min: 0.0, Avg: 0.0, Max: 0.0, Diff: 0.0, Sum: 0.2]
         [Code Root Scanning (ms): Min: 0.0, Avg: 0.0, Max: 0.0, Diff: 0.0, Sum: 0.0]
         [Object Copy (ms): Min: 3.6, Avg: 3.8, Max: 3.9, Diff: 0.3, Sum: 30.7]
         [Termination (ms): Min: 0.0, Avg: 0.1, Max: 0.1, Diff: 0.1, Sum: 0.8]
            [Termination Attempts: Min: 1, Avg: 1.0, Max: 1, Diff: 0, Sum: 8]
         [GC Worker Other (ms): Min: 0.0, Avg: 0.0, Max: 0.0, Diff: 0.0, Sum: 0.1]
         [GC Worker Total (ms): Min: 3.8, Avg: 4.4, Max: 4.6, Diff: 0.8, Sum: 35.1]
         [GC Worker End (ms): Min: 669.9, Avg: 670.0, Max: 670.0, Diff: 0.0]
      [Code Root Fixup: 0.0 ms]
      [Code Root Purge: 0.0 ms]
      [Clear CT: 0.2 ms]
      [Other: 0.8 ms]
         [Choose CSet: 0.0 ms]
         [Ref Proc: 0.2 ms]
         [Ref Enq: 0.0 ms]
         [Redirty Cards: 0.2 ms]
         [Humongous Register: 0.1 ms]
         [Humongous Reclaim: 0.0 ms]
         [Free CSet: 0.2 ms]
      [Eden: 14.0M(14.0M)->0.0B(73.0M) Survivors: 11.0M->4096.0K Heap: 352.7M(512.0M)->315.2M(512.0M)]
    [Times: user=0.08 sys=0.00, real=0.01 secs] 
   2020-11-01T23:19:32.584+0800: 0.672: [GC pause (G1 Humongous Allocation) (young) (initial-mark), 0.0014987 secs]
      [Parallel Time: 0.8 ms, GC Workers: 8]
         [GC Worker Start (ms): Min: 671.8, Avg: 671.8, Max: 671.9, Diff: 0.1]
         [Ext Root Scanning (ms): Min: 0.1, Avg: 0.1, Max: 0.2, Diff: 0.1, Sum: 0.9]
         [Update RS (ms): Min: 0.0, Avg: 0.1, Max: 0.5, Diff: 0.4, Sum: 1.1]
            [Processed Buffers: Min: 0, Avg: 1.1, Max: 2, Diff: 2, Sum: 9]
         [Scan RS (ms): Min: 0.0, Avg: 0.0, Max: 0.0, Diff: 0.0, Sum: 0.0]
         [Code Root Scanning (ms): Min: 0.0, Avg: 0.0, Max: 0.0, Diff: 0.0, Sum: 0.0]
         [Object Copy (ms): Min: 0.0, Avg: 0.3, Max: 0.4, Diff: 0.4, Sum: 2.1]
         [Termination (ms): Min: 0.1, Avg: 0.2, Max: 0.3, Diff: 0.2, Sum: 1.5]
            [Termination Attempts: Min: 1, Avg: 2.1, Max: 3, Diff: 2, Sum: 17]
         [GC Worker Other (ms): Min: 0.0, Avg: 0.0, Max: 0.0, Diff: 0.0, Sum: 0.1]
         [GC Worker Total (ms): Min: 0.7, Avg: 0.7, Max: 0.8, Diff: 0.1, Sum: 5.7]
         [GC Worker End (ms): Min: 672.5, Avg: 672.5, Max: 672.5, Diff: 0.0]
      [Code Root Fixup: 0.0 ms]
      [Code Root Purge: 0.0 ms]
      [Clear CT: 0.2 ms]
      [Other: 0.5 ms]
         [Choose CSet: 0.0 ms]
         [Ref Proc: 0.2 ms]
         [Ref Enq: 0.0 ms]
         [Redirty Cards: 0.1 ms]
         [Humongous Register: 0.1 ms]
         [Humongous Reclaim: 0.0 ms]
         [Free CSet: 0.0 ms]
      [Eden: 1024.0K(73.0M)->0.0B(71.0M) Survivors: 4096.0K->4096.0K Heap: 316.0M(512.0M)->315.4M(512.0M)]
    [Times: user=0.00 sys=0.00, real=0.00 secs] 
   2020-11-01T23:19:32.585+0800: 0.673: [GC concurrent-root-region-scan-start]
   2020-11-01T23:19:32.586+0800: 0.673: [GC concurrent-root-region-scan-end, 0.0001844 secs]
   2020-11-01T23:19:32.586+0800: 0.673: [GC concurrent-mark-start]
   2020-11-01T23:19:32.589+0800: 0.677: [GC concurrent-mark-end, 0.0031006 secs]
   2020-11-01T23:19:32.589+0800: 0.677: [GC remark 2020-11-01T23:19:32.589+0800: 0.677: [Finalize Marking, 0.0002785 secs] 2020-11-01T23:19:32.589+0800: 0.677: [GC ref-proc, 0.0002535 secs] 2020-11-01T23:19:32.589+0800: 0.677: [Unloading, 0.0003448 secs], 0.0015603 secs]
    [Times: user=0.00 sys=0.00, real=0.00 secs] 
   2020-11-01T23:19:32.591+0800: 0.678: [GC cleanup 328M->328M(512M), 0.0006653 secs]
    [Times: user=0.00 sys=0.00, real=0.00 secs] 
   2020-11-01T23:19:32.602+0800: 0.690: [GC pause (G1 Evacuation Pause) (young), 0.0042349 secs]
      [Parallel Time: 3.4 ms, GC Workers: 8]
         [GC Worker Start (ms): Min: 690.0, Avg: 690.0, Max: 690.1, Diff: 0.1]
         [Ext Root Scanning (ms): Min: 0.1, Avg: 0.1, Max: 0.1, Diff: 0.1, Sum: 0.8]
         [Update RS (ms): Min: 0.3, Avg: 0.4, Max: 0.4, Diff: 0.1, Sum: 3.1]
            [Processed Buffers: Min: 1, Avg: 5.3, Max: 6, Diff: 5, Sum: 42]
         [Scan RS (ms): Min: 0.0, Avg: 0.0, Max: 0.0, Diff: 0.0, Sum: 0.0]
         [Code Root Scanning (ms): Min: 0.0, Avg: 0.0, Max: 0.0, Diff: 0.0, Sum: 0.0]
         [Object Copy (ms): Min: 2.6, Avg: 2.7, Max: 2.8, Diff: 0.2, Sum: 21.7]
         [Termination (ms): Min: 0.0, Avg: 0.0, Max: 0.1, Diff: 0.1, Sum: 0.4]
            [Termination Attempts: Min: 1, Avg: 1.0, Max: 1, Diff: 0, Sum: 8]
         [GC Worker Other (ms): Min: 0.0, Avg: 0.0, Max: 0.0, Diff: 0.0, Sum: 0.1]
         [GC Worker Total (ms): Min: 3.2, Avg: 3.3, Max: 3.3, Diff: 0.1, Sum: 26.2]
         [GC Worker End (ms): Min: 693.3, Avg: 693.3, Max: 693.3, Diff: 0.0]
      [Code Root Fixup: 0.0 ms]
      [Code Root Purge: 0.0 ms]
      [Clear CT: 0.2 ms]
      [Other: 0.6 ms]
         [Choose CSet: 0.0 ms]
         [Ref Proc: 0.1 ms]
         [Ref Enq: 0.0 ms]
         [Redirty Cards: 0.1 ms]
         [Humongous Register: 0.1 ms]
         [Humongous Reclaim: 0.1 ms]
         [Free CSet: 0.0 ms]
      [Eden: 71.0M(71.0M)->0.0B(15.0M) Survivors: 4096.0K->10.0M Heap: 401.7M(512.0M)->337.3M(512.0M)]
    [Times: user=0.00 sys=0.00, real=0.00 secs] 
   2020-11-01T23:19:32.609+0800: 0.697: [GC pause (G1 Evacuation Pause) (mixed), 0.0050199 secs]
      [Parallel Time: 4.1 ms, GC Workers: 8]
         [GC Worker Start (ms): Min: 697.3, Avg: 697.4, Max: 697.5, Diff: 0.2]
         [Ext Root Scanning (ms): Min: 0.0, Avg: 0.1, Max: 0.2, Diff: 0.2, Sum: 0.9]
         [Update RS (ms): Min: 0.2, Avg: 0.2, Max: 0.3, Diff: 0.1, Sum: 1.9]
            [Processed Buffers: Min: 2, Avg: 3.5, Max: 5, Diff: 3, Sum: 28]
         [Scan RS (ms): Min: 0.0, Avg: 0.0, Max: 0.1, Diff: 0.1, Sum: 0.2]
         [Code Root Scanning (ms): Min: 0.0, Avg: 0.0, Max: 0.0, Diff: 0.0, Sum: 0.0]
         [Object Copy (ms): Min: 3.5, Avg: 3.5, Max: 3.5, Diff: 0.1, Sum: 27.9]
         [Termination (ms): Min: 0.0, Avg: 0.0, Max: 0.1, Diff: 0.1, Sum: 0.4]
            [Termination Attempts: Min: 1, Avg: 1.5, Max: 4, Diff: 3, Sum: 12]
         [GC Worker Other (ms): Min: 0.0, Avg: 0.0, Max: 0.0, Diff: 0.0, Sum: 0.1]
         [GC Worker Total (ms): Min: 3.8, Avg: 3.9, Max: 4.0, Diff: 0.2, Sum: 31.4]
         [GC Worker End (ms): Min: 701.3, Avg: 701.3, Max: 701.3, Diff: 0.0]
      [Code Root Fixup: 0.0 ms]
      [Code Root Purge: 0.0 ms]
      [Clear CT: 0.2 ms]
      [Other: 0.7 ms]
         [Choose CSet: 0.0 ms]
         [Ref Proc: 0.2 ms]
         [Ref Enq: 0.0 ms]
         [Redirty Cards: 0.2 ms]
         [Humongous Register: 0.1 ms]
         [Humongous Reclaim: 0.0 ms]
         [Free CSet: 0.1 ms]
      [Eden: 15.0M(15.0M)->0.0B(67.0M) Survivors: 10.0M->4096.0K Heap: 354.8M(512.0M)->321.7M(512.0M)]
    [Times: user=0.08 sys=0.03, real=0.01 secs] 
   2020-11-01T23:19:32.616+0800: 0.704: [GC pause (G1 Humongous Allocation) (young) (initial-mark), 0.0019413 secs]
      [Parallel Time: 1.1 ms, GC Workers: 8]
         [GC Worker Start (ms): Min: 704.4, Avg: 704.5, Max: 704.6, Diff: 0.2]
         [Ext Root Scanning (ms): Min: 0.0, Avg: 0.1, Max: 0.2, Diff: 0.2, Sum: 1.0]
         [Update RS (ms): Min: 0.0, Avg: 0.2, Max: 0.8, Diff: 0.8, Sum: 1.7]
            [Processed Buffers: Min: 1, Avg: 1.1, Max: 2, Diff: 1, Sum: 9]
         [Scan RS (ms): Min: 0.0, Avg: 0.0, Max: 0.0, Diff: 0.0, Sum: 0.0]
         [Code Root Scanning (ms): Min: 0.0, Avg: 0.0, Max: 0.0, Diff: 0.0, Sum: 0.0]
         [Object Copy (ms): Min: 0.0, Avg: 0.6, Max: 0.8, Diff: 0.8, Sum: 4.7]
         [Termination (ms): Min: 0.0, Avg: 0.1, Max: 0.2, Diff: 0.2, Sum: 0.6]
            [Termination Attempts: Min: 1, Avg: 1.1, Max: 2, Diff: 1, Sum: 9]
         [GC Worker Other (ms): Min: 0.0, Avg: 0.0, Max: 0.0, Diff: 0.0, Sum: 0.1]
         [GC Worker Total (ms): Min: 0.9, Avg: 1.0, Max: 1.1, Diff: 0.2, Sum: 8.1]
         [GC Worker End (ms): Min: 705.5, Avg: 705.5, Max: 705.5, Diff: 0.0]
      [Code Root Fixup: 0.0 ms]
      [Code Root Purge: 0.0 ms]
      [Clear CT: 0.2 ms]
      [Other: 0.6 ms]
         [Choose CSet: 0.0 ms]
         [Ref Proc: 0.1 ms]
         [Ref Enq: 0.0 ms]
         [Redirty Cards: 0.1 ms]
         [Humongous Register: 0.2 ms]
         [Humongous Reclaim: 0.0 ms]
         [Free CSet: 0.0 ms]
      [Eden: 10.0M(67.0M)->0.0B(64.0M) Survivors: 4096.0K->7168.0K Heap: 331.0M(512.0M)->323.8M(512.0M)]
    [Times: user=0.00 sys=0.00, real=0.00 secs] 
   2020-11-01T23:19:32.618+0800: 0.706: [GC concurrent-root-region-scan-start]
   2020-11-01T23:19:32.618+0800: 0.706: [GC concurrent-root-region-scan-end, 0.0001334 secs]
   2020-11-01T23:19:32.618+0800: 0.706: [GC concurrent-mark-start]
   2020-11-01T23:19:32.620+0800: 0.708: [GC concurrent-mark-end, 0.0016367 secs]
   2020-11-01T23:19:32.620+0800: 0.708: [GC remark 2020-11-01T23:19:32.620+0800: 0.708: [Finalize Marking, 0.0001752 secs] 2020-11-01T23:19:32.620+0800: 0.708: [GC ref-proc, 0.0002867 secs] 2020-11-01T23:19:32.621+0800: 0.709: [Unloading, 0.0004607 secs], 0.0016343 secs]
    [Times: user=0.00 sys=0.00, real=0.00 secs] 
   2020-11-01T23:19:32.622+0800: 0.710: [GC cleanup 337M->337M(512M), 0.0007634 secs]
    [Times: user=0.00 sys=0.00, real=0.00 secs] 
   2020-11-01T23:19:32.633+0800: 0.721: [GC pause (G1 Evacuation Pause) (young), 0.0041895 secs]
      [Parallel Time: 3.5 ms, GC Workers: 8]
         [GC Worker Start (ms): Min: 721.4, Avg: 721.4, Max: 721.5, Diff: 0.1]
         [Ext Root Scanning (ms): Min: 0.1, Avg: 0.1, Max: 0.1, Diff: 0.1, Sum: 0.9]
         [Update RS (ms): Min: 0.4, Avg: 0.4, Max: 0.5, Diff: 0.1, Sum: 3.5]
            [Processed Buffers: Min: 3, Avg: 6.1, Max: 7, Diff: 4, Sum: 49]
         [Scan RS (ms): Min: 0.0, Avg: 0.0, Max: 0.0, Diff: 0.0, Sum: 0.0]
         [Code Root Scanning (ms): Min: 0.0, Avg: 0.0, Max: 0.0, Diff: 0.0, Sum: 0.0]
         [Object Copy (ms): Min: 2.7, Avg: 2.7, Max: 2.7, Diff: 0.1, Sum: 21.7]
         [Termination (ms): Min: 0.0, Avg: 0.0, Max: 0.1, Diff: 0.1, Sum: 0.2]
            [Termination Attempts: Min: 1, Avg: 1.0, Max: 1, Diff: 0, Sum: 8]
         [GC Worker Other (ms): Min: 0.0, Avg: 0.0, Max: 0.0, Diff: 0.0, Sum: 0.1]
         [GC Worker Total (ms): Min: 3.3, Avg: 3.3, Max: 3.3, Diff: 0.1, Sum: 26.5]
         [GC Worker End (ms): Min: 724.7, Avg: 724.7, Max: 724.8, Diff: 0.0]
      [Code Root Fixup: 0.0 ms]
      [Code Root Purge: 0.0 ms]
      [Clear CT: 0.2 ms]
      [Other: 0.5 ms]
         [Choose CSet: 0.0 ms]
         [Ref Proc: 0.2 ms]
         [Ref Enq: 0.0 ms]
         [Redirty Cards: 0.1 ms]
         [Humongous Register: 0.1 ms]
         [Humongous Reclaim: 0.0 ms]
         [Free CSet: 0.0 ms]
      [Eden: 64.0M(64.0M)->0.0B(16.0M) Survivors: 7168.0K->9216.0K Heap: 400.0M(512.0M)->345.3M(512.0M)]
    [Times: user=0.00 sys=0.00, real=0.01 secs] 
   2020-11-01T23:19:32.640+0800: 0.728: [GC pause (G1 Evacuation Pause) (mixed), 0.0056177 secs]
      [Parallel Time: 4.6 ms, GC Workers: 8]
         [GC Worker Start (ms): Min: 728.4, Avg: 728.5, Max: 728.5, Diff: 0.1]
         [Ext Root Scanning (ms): Min: 0.1, Avg: 0.1, Max: 0.2, Diff: 0.1, Sum: 1.0]
         [Update RS (ms): Min: 0.4, Avg: 0.4, Max: 0.4, Diff: 0.0, Sum: 3.2]
            [Processed Buffers: Min: 2, Avg: 5.8, Max: 8, Diff: 6, Sum: 46]
         [Scan RS (ms): Min: 0.0, Avg: 0.0, Max: 0.0, Diff: 0.0, Sum: 0.2]
         [Code Root Scanning (ms): Min: 0.0, Avg: 0.0, Max: 0.0, Diff: 0.0, Sum: 0.0]
         [Object Copy (ms): Min: 3.7, Avg: 3.7, Max: 3.8, Diff: 0.1, Sum: 29.7]
         [Termination (ms): Min: 0.0, Avg: 0.1, Max: 0.2, Diff: 0.2, Sum: 0.8]
            [Termination Attempts: Min: 1, Avg: 1.3, Max: 2, Diff: 1, Sum: 10]
         [GC Worker Other (ms): Min: 0.0, Avg: 0.0, Max: 0.0, Diff: 0.0, Sum: 0.1]
         [GC Worker Total (ms): Min: 4.3, Avg: 4.4, Max: 4.4, Diff: 0.1, Sum: 35.0]
         [GC Worker End (ms): Min: 732.8, Avg: 732.9, Max: 732.9, Diff: 0.0]
      [Code Root Fixup: 0.0 ms]
      [Code Root Purge: 0.0 ms]
      [Clear CT: 0.2 ms]
      [Other: 0.9 ms]
         [Choose CSet: 0.0 ms]
         [Ref Proc: 0.2 ms]
         [Ref Enq: 0.0 ms]
         [Redirty Cards: 0.3 ms]
         [Humongous Register: 0.1 ms]
         [Humongous Reclaim: 0.1 ms]
         [Free CSet: 0.1 ms]
      [Eden: 16.0M(16.0M)->0.0B(57.0M) Survivors: 9216.0K->4096.0K Heap: 369.0M(512.0M)->332.3M(512.0M)]
    [Times: user=0.11 sys=0.00, real=0.01 secs] 
   2020-11-01T23:19:32.647+0800: 0.735: [GC pause (G1 Humongous Allocation) (young) (initial-mark), 0.0019893 secs]
      [Parallel Time: 1.2 ms, GC Workers: 8]
         [GC Worker Start (ms): Min: 735.0, Avg: 735.1, Max: 735.2, Diff: 0.2]
         [Ext Root Scanning (ms): Min: 0.0, Avg: 0.4, Max: 1.1, Diff: 1.1, Sum: 2.9]
         [Update RS (ms): Min: 0.0, Avg: 0.1, Max: 0.2, Diff: 0.2, Sum: 0.7]
            [Processed Buffers: Min: 0, Avg: 1.1, Max: 3, Diff: 3, Sum: 9]
         [Scan RS (ms): Min: 0.0, Avg: 0.0, Max: 0.0, Diff: 0.0, Sum: 0.0]
         [Code Root Scanning (ms): Min: 0.0, Avg: 0.0, Max: 0.0, Diff: 0.0, Sum: 0.0]
         [Object Copy (ms): Min: 0.0, Avg: 0.5, Max: 0.8, Diff: 0.8, Sum: 4.0]
         [Termination (ms): Min: 0.0, Avg: 0.1, Max: 0.2, Diff: 0.2, Sum: 0.6]
            [Termination Attempts: Min: 1, Avg: 1.0, Max: 1, Diff: 0, Sum: 8]
         [GC Worker Other (ms): Min: 0.0, Avg: 0.0, Max: 0.0, Diff: 0.0, Sum: 0.1]
         [GC Worker Total (ms): Min: 0.9, Avg: 1.0, Max: 1.1, Diff: 0.2, Sum: 8.2]
         [GC Worker End (ms): Min: 736.1, Avg: 736.1, Max: 736.2, Diff: 0.0]
      [Code Root Fixup: 0.0 ms]
      [Code Root Purge: 0.0 ms]
      [Clear CT: 0.1 ms]
      [Other: 0.6 ms]
         [Choose CSet: 0.0 ms]
         [Ref Proc: 0.2 ms]
         [Ref Enq: 0.0 ms]
         [Redirty Cards: 0.1 ms]
         [Humongous Register: 0.1 ms]
         [Humongous Reclaim: 0.0 ms]
         [Free CSet: 0.0 ms]
      [Eden: 5120.0K(57.0M)->0.0B(56.0M) Survivors: 4096.0K->7168.0K Heap: 336.9M(512.0M)->333.9M(512.0M)]
    [Times: user=0.00 sys=0.00, real=0.00 secs] 
   2020-11-01T23:19:32.649+0800: 0.737: [GC concurrent-root-region-scan-start]
   2020-11-01T23:19:32.649+0800: 0.737: [GC concurrent-root-region-scan-end, 0.0001795 secs]
   2020-11-01T23:19:32.649+0800: 0.737: [GC concurrent-mark-start]
   2020-11-01T23:19:32.652+0800: 0.740: [GC concurrent-mark-end, 0.0026807 secs]
   2020-11-01T23:19:32.652+0800: 0.740: [GC remark 2020-11-01T23:19:32.652+0800: 0.740: [Finalize Marking, 0.0001874 secs] 2020-11-01T23:19:32.652+0800: 0.740: [GC ref-proc, 0.0002557 secs] 2020-11-01T23:19:32.653+0800: 0.741: [Unloading, 0.0004059 secs], 0.0016231 secs]
    [Times: user=0.00 sys=0.00, real=0.00 secs] 
   2020-11-01T23:19:32.654+0800: 0.742: [GC cleanup 349M->349M(512M), 0.0006807 secs]
    [Times: user=0.00 sys=0.00, real=0.00 secs] 
   2020-11-01T23:19:32.664+0800: 0.752: [GC pause (G1 Evacuation Pause) (young), 0.0042822 secs]
      [Parallel Time: 3.4 ms, GC Workers: 8]
         [GC Worker Start (ms): Min: 751.9, Avg: 752.0, Max: 752.0, Diff: 0.1]
         [Ext Root Scanning (ms): Min: 0.1, Avg: 0.1, Max: 0.2, Diff: 0.1, Sum: 1.0]
         [Update RS (ms): Min: 0.5, Avg: 0.5, Max: 0.6, Diff: 0.0, Sum: 4.2]
            [Processed Buffers: Min: 3, Avg: 6.9, Max: 8, Diff: 5, Sum: 55]
         [Scan RS (ms): Min: 0.0, Avg: 0.0, Max: 0.0, Diff: 0.0, Sum: 0.0]
         [Code Root Scanning (ms): Min: 0.0, Avg: 0.0, Max: 0.0, Diff: 0.0, Sum: 0.0]
         [Object Copy (ms): Min: 2.4, Avg: 2.4, Max: 2.5, Diff: 0.1, Sum: 19.5]
         [Termination (ms): Min: 0.0, Avg: 0.1, Max: 0.2, Diff: 0.2, Sum: 0.9]
            [Termination Attempts: Min: 1, Avg: 1.0, Max: 1, Diff: 0, Sum: 8]
         [GC Worker Other (ms): Min: 0.0, Avg: 0.0, Max: 0.0, Diff: 0.0, Sum: 0.1]
         [GC Worker Total (ms): Min: 3.1, Avg: 3.2, Max: 3.3, Diff: 0.2, Sum: 25.7]
         [GC Worker End (ms): Min: 755.1, Avg: 755.2, Max: 755.3, Diff: 0.1]
      [Code Root Fixup: 0.0 ms]
      [Code Root Purge: 0.0 ms]
      [Clear CT: 0.2 ms]
      [Other: 0.7 ms]
         [Choose CSet: 0.0 ms]
         [Ref Proc: 0.2 ms]
         [Ref Enq: 0.0 ms]
         [Redirty Cards: 0.2 ms]
         [Humongous Register: 0.1 ms]
         [Humongous Reclaim: 0.1 ms]
         [Free CSet: 0.0 ms]
      [Eden: 56.0M(56.0M)->0.0B(17.0M) Survivors: 7168.0K->8192.0K Heap: 409.0M(512.0M)->353.0M(512.0M)]
    [Times: user=0.00 sys=0.00, real=0.00 secs] 
   2020-11-01T23:19:32.672+0800: 0.760: [GC pause (G1 Evacuation Pause) (mixed), 0.0056462 secs]
      [Parallel Time: 4.7 ms, GC Workers: 8]
         [GC Worker Start (ms): Min: 759.7, Avg: 759.8, Max: 759.8, Diff: 0.1]
         [Ext Root Scanning (ms): Min: 0.1, Avg: 0.1, Max: 0.2, Diff: 0.1, Sum: 0.9]
         [Update RS (ms): Min: 0.5, Avg: 0.5, Max: 0.9, Diff: 0.4, Sum: 4.4]
            [Processed Buffers: Min: 4, Avg: 6.8, Max: 8, Diff: 4, Sum: 54]
         [Scan RS (ms): Min: 0.0, Avg: 0.0, Max: 0.1, Diff: 0.1, Sum: 0.2]
         [Code Root Scanning (ms): Min: 0.0, Avg: 0.0, Max: 0.0, Diff: 0.0, Sum: 0.0]
         [Object Copy (ms): Min: 3.4, Avg: 3.7, Max: 3.8, Diff: 0.4, Sum: 29.6]
         [Termination (ms): Min: 0.0, Avg: 0.1, Max: 0.1, Diff: 0.1, Sum: 0.7]
            [Termination Attempts: Min: 1, Avg: 1.0, Max: 1, Diff: 0, Sum: 8]
         [GC Worker Other (ms): Min: 0.0, Avg: 0.0, Max: 0.0, Diff: 0.0, Sum: 0.1]
         [GC Worker Total (ms): Min: 4.4, Avg: 4.5, Max: 4.5, Diff: 0.1, Sum: 35.9]
         [GC Worker End (ms): Min: 764.3, Avg: 764.3, Max: 764.3, Diff: 0.0]
      [Code Root Fixup: 0.0 ms]
      [Code Root Purge: 0.0 ms]
      [Clear CT: 0.2 ms]
      [Other: 0.7 ms]
         [Choose CSet: 0.0 ms]
         [Ref Proc: 0.2 ms]
         [Ref Enq: 0.0 ms]
         [Redirty Cards: 0.2 ms]
         [Humongous Register: 0.1 ms]
         [Humongous Reclaim: 0.0 ms]
         [Free CSet: 0.1 ms]
      [Eden: 17.0M(17.0M)->0.0B(50.0M) Survivors: 8192.0K->4096.0K Heap: 378.8M(512.0M)->341.6M(512.0M)]
    [Times: user=0.08 sys=0.03, real=0.01 secs] 
   2020-11-01T23:19:32.678+0800: 0.766: [GC pause (G1 Humongous Allocation) (young) (initial-mark), 0.0017287 secs]
      [Parallel Time: 1.0 ms, GC Workers: 8]
         [GC Worker Start (ms): Min: 766.6, Avg: 766.7, Max: 766.8, Diff: 0.2]
         [Ext Root Scanning (ms): Min: 0.0, Avg: 0.2, Max: 0.2, Diff: 0.2, Sum: 1.3]
         [Update RS (ms): Min: 0.0, Avg: 0.1, Max: 0.1, Diff: 0.1, Sum: 0.6]
            [Processed Buffers: Min: 0, Avg: 1.1, Max: 2, Diff: 2, Sum: 9]
         [Scan RS (ms): Min: 0.0, Avg: 0.0, Max: 0.0, Diff: 0.0, Sum: 0.0]
         [Code Root Scanning (ms): Min: 0.0, Avg: 0.0, Max: 0.0, Diff: 0.0, Sum: 0.0]
         [Object Copy (ms): Min: 0.5, Avg: 0.6, Max: 0.7, Diff: 0.2, Sum: 4.5]
         [Termination (ms): Min: 0.0, Avg: 0.1, Max: 0.2, Diff: 0.2, Sum: 0.8]
            [Termination Attempts: Min: 1, Avg: 1.0, Max: 1, Diff: 0, Sum: 8]
         [GC Worker Other (ms): Min: 0.0, Avg: 0.0, Max: 0.0, Diff: 0.0, Sum: 0.1]
         [GC Worker Total (ms): Min: 0.8, Avg: 0.9, Max: 1.0, Diff: 0.2, Sum: 7.3]
         [GC Worker End (ms): Min: 767.6, Avg: 767.6, Max: 767.6, Diff: 0.0]
      [Code Root Fixup: 0.0 ms]
      [Code Root Purge: 0.0 ms]
      [Clear CT: 0.1 ms]
      [Other: 0.6 ms]
         [Choose CSet: 0.0 ms]
         [Ref Proc: 0.2 ms]
         [Ref Enq: 0.0 ms]
         [Redirty Cards: 0.1 ms]
         [Humongous Register: 0.1 ms]
         [Humongous Reclaim: 0.0 ms]
         [Free CSet: 0.0 ms]
      [Eden: 6144.0K(50.0M)->0.0B(50.0M) Survivors: 4096.0K->3072.0K Heap: 347.4M(512.0M)->344.3M(512.0M)]
    [Times: user=0.00 sys=0.00, real=0.00 secs] 
   2020-11-01T23:19:32.680+0800: 0.768: [GC concurrent-root-region-scan-start]
   2020-11-01T23:19:32.680+0800: 0.768: [GC concurrent-root-region-scan-end, 0.0001010 secs]
   2020-11-01T23:19:32.680+0800: 0.768: [GC concurrent-mark-start]
   2020-11-01T23:19:32.682+0800: 0.770: [GC concurrent-mark-end, 0.0019123 secs]
   2020-11-01T23:19:32.683+0800: 0.770: [GC remark 2020-11-01T23:19:32.683+0800: 0.770: [Finalize Marking, 0.0001825 secs] 2020-11-01T23:19:32.683+0800: 0.771: [GC ref-proc, 0.0002536 secs] 2020-11-01T23:19:32.683+0800: 0.771: [Unloading, 0.0004298 secs], 0.0015983 secs]
    [Times: user=0.00 sys=0.00, real=0.00 secs] 
   2020-11-01T23:19:32.684+0800: 0.772: [GC cleanup 357M->357M(512M), 0.0006588 secs]
    [Times: user=0.00 sys=0.00, real=0.00 secs] 
   2020-11-01T23:19:32.693+0800: 0.781: [GC pause (G1 Evacuation Pause) (young), 0.0032642 secs]
      [Parallel Time: 2.4 ms, GC Workers: 8]
         [GC Worker Start (ms): Min: 780.7, Avg: 780.7, Max: 780.8, Diff: 0.2]
         [Ext Root Scanning (ms): Min: 0.0, Avg: 0.1, Max: 0.2, Diff: 0.2, Sum: 0.8]
         [Update RS (ms): Min: 0.5, Avg: 0.5, Max: 0.6, Diff: 0.1, Sum: 4.3]
            [Processed Buffers: Min: 0, Avg: 6.5, Max: 9, Diff: 9, Sum: 52]
         [Scan RS (ms): Min: 0.0, Avg: 0.0, Max: 0.0, Diff: 0.0, Sum: 0.0]
         [Code Root Scanning (ms): Min: 0.0, Avg: 0.0, Max: 0.0, Diff: 0.0, Sum: 0.0]
         [Object Copy (ms): Min: 1.5, Avg: 1.6, Max: 1.6, Diff: 0.1, Sum: 12.6]
         [Termination (ms): Min: 0.0, Avg: 0.0, Max: 0.1, Diff: 0.1, Sum: 0.4]
            [Termination Attempts: Min: 1, Avg: 1.0, Max: 1, Diff: 0, Sum: 8]
         [GC Worker Other (ms): Min: 0.0, Avg: 0.0, Max: 0.0, Diff: 0.0, Sum: 0.1]
         [GC Worker Total (ms): Min: 2.2, Avg: 2.3, Max: 2.3, Diff: 0.2, Sum: 18.2]
         [GC Worker End (ms): Min: 783.0, Avg: 783.0, Max: 783.0, Diff: 0.0]
      [Code Root Fixup: 0.0 ms]
      [Code Root Purge: 0.0 ms]
      [Clear CT: 0.3 ms]
      [Other: 0.5 ms]
         [Choose CSet: 0.0 ms]
         [Ref Proc: 0.1 ms]
         [Ref Enq: 0.0 ms]
         [Redirty Cards: 0.2 ms]
         [Humongous Register: 0.1 ms]
         [Humongous Reclaim: 0.1 ms]
         [Free CSet: 0.0 ms]
      [Eden: 50.0M(50.0M)->0.0B(18.0M) Survivors: 3072.0K->7168.0K Heap: 404.2M(512.0M)->358.5M(512.0M)]
    [Times: user=0.00 sys=0.00, real=0.00 secs] 
   2020-11-01T23:19:32.699+0800: 0.787: [GC pause (G1 Evacuation Pause) (mixed), 0.0055266 secs]
      [Parallel Time: 4.9 ms, GC Workers: 8]
         [GC Worker Start (ms): Min: 787.0, Avg: 787.1, Max: 787.2, Diff: 0.2]
         [Ext Root Scanning (ms): Min: 0.0, Avg: 0.1, Max: 0.2, Diff: 0.2, Sum: 0.9]
         [Update RS (ms): Min: 0.3, Avg: 0.3, Max: 0.4, Diff: 0.1, Sum: 2.6]
            [Processed Buffers: Min: 4, Avg: 4.9, Max: 6, Diff: 2, Sum: 39]
         [Scan RS (ms): Min: 0.0, Avg: 0.0, Max: 0.0, Diff: 0.0, Sum: 0.2]
         [Code Root Scanning (ms): Min: 0.0, Avg: 0.0, Max: 0.0, Diff: 0.0, Sum: 0.0]
         [Object Copy (ms): Min: 4.1, Avg: 4.2, Max: 4.2, Diff: 0.0, Sum: 33.3]
         [Termination (ms): Min: 0.0, Avg: 0.0, Max: 0.1, Diff: 0.1, Sum: 0.3]
            [Termination Attempts: Min: 1, Avg: 1.0, Max: 1, Diff: 0, Sum: 8]
         [GC Worker Other (ms): Min: 0.0, Avg: 0.0, Max: 0.0, Diff: 0.0, Sum: 0.1]
         [GC Worker Total (ms): Min: 4.5, Avg: 4.7, Max: 4.8, Diff: 0.2, Sum: 37.4]
         [GC Worker End (ms): Min: 791.8, Avg: 791.8, Max: 791.8, Diff: 0.0]
      [Code Root Fixup: 0.0 ms]
      [Code Root Purge: 0.0 ms]
      [Clear CT: 0.2 ms]
      [Other: 0.5 ms]
         [Choose CSet: 0.0 ms]
         [Ref Proc: 0.2 ms]
         [Ref Enq: 0.0 ms]
         [Redirty Cards: 0.1 ms]
         [Humongous Register: 0.1 ms]
         [Humongous Reclaim: 0.0 ms]
         [Free CSet: 0.0 ms]
      [Eden: 18.0M(18.0M)->0.0B(49.0M) Survivors: 7168.0K->4096.0K Heap: 380.4M(512.0M)->344.9M(512.0M)]
    [Times: user=0.02 sys=0.00, real=0.01 secs] 
   2020-11-01T23:19:32.705+0800: 0.793: [GC pause (G1 Humongous Allocation) (young) (initial-mark), 0.0015880 secs]
      [Parallel Time: 0.8 ms, GC Workers: 8]
         [GC Worker Start (ms): Min: 792.8, Avg: 792.8, Max: 792.9, Diff: 0.1]
         [Ext Root Scanning (ms): Min: 0.1, Avg: 0.1, Max: 0.2, Diff: 0.1, Sum: 0.9]
         [Update RS (ms): Min: 0.1, Avg: 0.1, Max: 0.1, Diff: 0.1, Sum: 0.6]
            [Processed Buffers: Min: 1, Avg: 1.1, Max: 2, Diff: 1, Sum: 9]
         [Scan RS (ms): Min: 0.0, Avg: 0.0, Max: 0.0, Diff: 0.0, Sum: 0.0]
         [Code Root Scanning (ms): Min: 0.0, Avg: 0.0, Max: 0.0, Diff: 0.0, Sum: 0.0]
         [Object Copy (ms): Min: 0.2, Avg: 0.3, Max: 0.4, Diff: 0.2, Sum: 2.7]
         [Termination (ms): Min: 0.0, Avg: 0.1, Max: 0.2, Diff: 0.2, Sum: 0.8]
            [Termination Attempts: Min: 1, Avg: 1.0, Max: 1, Diff: 0, Sum: 8]
         [GC Worker Other (ms): Min: 0.0, Avg: 0.0, Max: 0.0, Diff: 0.0, Sum: 0.1]
         [GC Worker Total (ms): Min: 0.6, Avg: 0.6, Max: 0.7, Diff: 0.1, Sum: 5.2]
         [GC Worker End (ms): Min: 793.5, Avg: 793.5, Max: 793.5, Diff: 0.0]
      [Code Root Fixup: 0.0 ms]
      [Code Root Purge: 0.0 ms]
      [Clear CT: 0.2 ms]
      [Other: 0.6 ms]
         [Choose CSet: 0.0 ms]
         [Ref Proc: 0.2 ms]
         [Ref Enq: 0.0 ms]
         [Redirty Cards: 0.1 ms]
         [Humongous Register: 0.1 ms]
         [Humongous Reclaim: 0.0 ms]
         [Free CSet: 0.0 ms]
      [Eden: 1024.0K(49.0M)->0.0B(52.0M) Survivors: 4096.0K->4096.0K Heap: 345.6M(512.0M)->344.2M(512.0M)]
    [Times: user=0.00 sys=0.00, real=0.00 secs] 
   2020-11-01T23:19:32.707+0800: 0.794: [GC concurrent-root-region-scan-start]
   2020-11-01T23:19:32.707+0800: 0.795: [GC concurrent-root-region-scan-end, 0.0001631 secs]
   2020-11-01T23:19:32.707+0800: 0.795: [GC concurrent-mark-start]
   2020-11-01T23:19:32.709+0800: 0.797: [GC concurrent-mark-end, 0.0020594 secs]
   2020-11-01T23:19:32.709+0800: 0.797: [GC remark 2020-11-01T23:19:32.709+0800: 0.797: [Finalize Marking, 0.0002368 secs] 2020-11-01T23:19:32.709+0800: 0.797: [GC ref-proc, 0.0002632 secs] 2020-11-01T23:19:32.709+0800: 0.797: [Unloading, 0.0004817 secs], 0.0018412 secs]
    [Times: user=0.00 sys=0.00, real=0.00 secs] 
   2020-11-01T23:19:32.711+0800: 0.799: [GC cleanup 359M->359M(512M), 0.0006604 secs]
    [Times: user=0.00 sys=0.00, real=0.00 secs] 
   2020-11-01T23:19:32.712+0800: 0.800: [GC concurrent-cleanup-start]
   2020-11-01T23:19:32.712+0800: 0.800: [GC concurrent-cleanup-end, 0.0000105 secs]
   2020-11-01T23:19:32.722+0800: 0.810: [GC pause (G1 Evacuation Pause) (young), 0.0035212 secs]
      [Parallel Time: 2.8 ms, GC Workers: 8]
         [GC Worker Start (ms): Min: 809.8, Avg: 809.9, Max: 810.0, Diff: 0.2]
         [Ext Root Scanning (ms): Min: 0.0, Avg: 0.1, Max: 0.2, Diff: 0.2, Sum: 0.9]
         [Update RS (ms): Min: 0.5, Avg: 0.6, Max: 1.3, Diff: 0.8, Sum: 5.0]
            [Processed Buffers: Min: 4, Avg: 7.3, Max: 9, Diff: 5, Sum: 58]
         [Scan RS (ms): Min: 0.0, Avg: 0.0, Max: 0.0, Diff: 0.0, Sum: 0.0]
         [Code Root Scanning (ms): Min: 0.0, Avg: 0.0, Max: 0.0, Diff: 0.0, Sum: 0.0]
         [Object Copy (ms): Min: 1.3, Avg: 2.0, Max: 2.1, Diff: 0.8, Sum: 15.7]
         [Termination (ms): Min: 0.0, Avg: 0.0, Max: 0.1, Diff: 0.1, Sum: 0.3]
            [Termination Attempts: Min: 1, Avg: 1.0, Max: 1, Diff: 0, Sum: 8]
         [GC Worker Other (ms): Min: 0.0, Avg: 0.0, Max: 0.0, Diff: 0.0, Sum: 0.1]
         [GC Worker Total (ms): Min: 2.6, Avg: 2.8, Max: 2.8, Diff: 0.2, Sum: 22.0]
         [GC Worker End (ms): Min: 812.7, Avg: 812.7, Max: 812.7, Diff: 0.0]
      [Code Root Fixup: 0.0 ms]
      [Code Root Purge: 0.0 ms]
      [Clear CT: 0.1 ms]
      [Other: 0.5 ms]
         [Choose CSet: 0.0 ms]
         [Ref Proc: 0.2 ms]
         [Ref Enq: 0.0 ms]
         [Redirty Cards: 0.1 ms]
         [Humongous Register: 0.1 ms]
         [Humongous Reclaim: 0.0 ms]
         [Free CSet: 0.0 ms]
      [Eden: 52.0M(52.0M)->0.0B(18.0M) Survivors: 4096.0K->7168.0K Heap: 407.0M(512.0M)->355.0M(512.0M)]
    [Times: user=0.00 sys=0.00, real=0.00 secs] 
   2020-11-01T23:19:32.729+0800: 0.817: [GC pause (G1 Evacuation Pause) (mixed), 0.0044314 secs]
      [Parallel Time: 3.7 ms, GC Workers: 8]
         [GC Worker Start (ms): Min: 817.3, Avg: 817.3, Max: 817.4, Diff: 0.1]
         [Ext Root Scanning (ms): Min: 0.1, Avg: 0.1, Max: 0.2, Diff: 0.1, Sum: 0.9]
         [Update RS (ms): Min: 0.3, Avg: 0.4, Max: 0.4, Diff: 0.1, Sum: 3.1]
            [Processed Buffers: Min: 5, Avg: 5.6, Max: 7, Diff: 2, Sum: 45]
         [Scan RS (ms): Min: 0.0, Avg: 0.0, Max: 0.0, Diff: 0.0, Sum: 0.2]
         [Code Root Scanning (ms): Min: 0.0, Avg: 0.0, Max: 0.0, Diff: 0.0, Sum: 0.0]
         [Object Copy (ms): Min: 2.9, Avg: 3.0, Max: 3.0, Diff: 0.1, Sum: 24.0]
         [Termination (ms): Min: 0.0, Avg: 0.1, Max: 0.1, Diff: 0.1, Sum: 0.5]
            [Termination Attempts: Min: 1, Avg: 1.1, Max: 2, Diff: 1, Sum: 9]
         [GC Worker Other (ms): Min: 0.0, Avg: 0.0, Max: 0.0, Diff: 0.0, Sum: 0.1]
         [GC Worker Total (ms): Min: 3.5, Avg: 3.6, Max: 3.6, Diff: 0.1, Sum: 28.7]
         [GC Worker End (ms): Min: 820.9, Avg: 820.9, Max: 820.9, Diff: 0.0]
      [Code Root Fixup: 0.0 ms]
      [Code Root Purge: 0.0 ms]
      [Clear CT: 0.2 ms]
      [Other: 0.6 ms]
         [Choose CSet: 0.0 ms]
         [Ref Proc: 0.2 ms]
         [Ref Enq: 0.0 ms]
         [Redirty Cards: 0.2 ms]
         [Humongous Register: 0.1 ms]
         [Humongous Reclaim: 0.0 ms]
         [Free CSet: 0.1 ms]
      [Eden: 18.0M(18.0M)->0.0B(53.0M) Survivors: 7168.0K->4096.0K Heap: 377.6M(512.0M)->345.3M(512.0M)]
    [Times: user=0.00 sys=0.00, real=0.00 secs] 
   2020-11-01T23:19:32.736+0800: 0.824: [GC pause (G1 Humongous Allocation) (young) (initial-mark), 0.0016858 secs]
      [Parallel Time: 1.0 ms, GC Workers: 8]
         [GC Worker Start (ms): Min: 823.8, Avg: 823.8, Max: 824.0, Diff: 0.2]
         [Ext Root Scanning (ms): Min: 0.1, Avg: 0.2, Max: 0.2, Diff: 0.1, Sum: 1.3]
         [Update RS (ms): Min: 0.0, Avg: 0.1, Max: 0.2, Diff: 0.2, Sum: 0.7]
            [Processed Buffers: Min: 0, Avg: 1.1, Max: 2, Diff: 2, Sum: 9]
         [Scan RS (ms): Min: 0.0, Avg: 0.0, Max: 0.0, Diff: 0.0, Sum: 0.0]
         [Code Root Scanning (ms): Min: 0.0, Avg: 0.0, Max: 0.0, Diff: 0.0, Sum: 0.0]
         [Object Copy (ms): Min: 0.4, Avg: 0.5, Max: 0.6, Diff: 0.2, Sum: 4.0]
         [Termination (ms): Min: 0.0, Avg: 0.0, Max: 0.1, Diff: 0.1, Sum: 0.4]
            [Termination Attempts: Min: 1, Avg: 1.0, Max: 1, Diff: 0, Sum: 8]
         [GC Worker Other (ms): Min: 0.0, Avg: 0.0, Max: 0.0, Diff: 0.0, Sum: 0.1]
         [GC Worker Total (ms): Min: 0.7, Avg: 0.8, Max: 0.9, Diff: 0.2, Sum: 6.4]
         [GC Worker End (ms): Min: 824.6, Avg: 824.6, Max: 824.7, Diff: 0.0]
      [Code Root Fixup: 0.0 ms]
      [Code Root Purge: 0.0 ms]
      [Clear CT: 0.2 ms]
      [Other: 0.6 ms]
         [Choose CSet: 0.0 ms]
         [Ref Proc: 0.2 ms]
         [Ref Enq: 0.0 ms]
         [Redirty Cards: 0.1 ms]
         [Humongous Register: 0.1 ms]
         [Humongous Reclaim: 0.0 ms]
         [Free CSet: 0.0 ms]
      [Eden: 10.0M(53.0M)->0.0B(51.0M) Survivors: 4096.0K->7168.0K Heap: 355.3M(512.0M)->346.6M(512.0M)]
    [Times: user=0.13 sys=0.00, real=0.00 secs] 
   2020-11-01T23:19:32.737+0800: 0.825: [GC concurrent-root-region-scan-start]
   2020-11-01T23:19:32.738+0800: 0.825: [GC concurrent-root-region-scan-end, 0.0001000 secs]
   2020-11-01T23:19:32.738+0800: 0.826: [GC concurrent-mark-start]
   2020-11-01T23:19:32.739+0800: 0.827: [GC concurrent-mark-end, 0.0017360 secs]
   2020-11-01T23:19:32.739+0800: 0.827: [GC remark 2020-11-01T23:19:32.739+0800: 0.827: [Finalize Marking, 0.0001131 secs] 2020-11-01T23:19:32.740+0800: 0.828: [GC ref-proc, 0.0002520 secs] 2020-11-01T23:19:32.740+0800: 0.828: [Unloading, 0.0004042 secs], 0.0014952 secs]
    [Times: user=0.00 sys=0.00, real=0.00 secs] 
   2020-11-01T23:19:32.741+0800: 0.829: [GC cleanup 363M->363M(512M), 0.0005734 secs]
    [Times: user=0.00 sys=0.00, real=0.00 secs] 
   2020-11-01T23:19:32.749+0800: 0.837: [GC pause (G1 Evacuation Pause) (young), 0.0046218 secs]
      [Parallel Time: 3.8 ms, GC Workers: 8]
         [GC Worker Start (ms): Min: 836.7, Avg: 836.7, Max: 836.8, Diff: 0.1]
         [Ext Root Scanning (ms): Min: 0.1, Avg: 0.1, Max: 0.1, Diff: 0.1, Sum: 0.8]
         [Update RS (ms): Min: 0.7, Avg: 0.7, Max: 0.7, Diff: 0.0, Sum: 5.6]
            [Processed Buffers: Min: 6, Avg: 9.8, Max: 11, Diff: 5, Sum: 78]
         [Scan RS (ms): Min: 0.0, Avg: 0.0, Max: 0.0, Diff: 0.0, Sum: 0.0]
         [Code Root Scanning (ms): Min: 0.0, Avg: 0.0, Max: 0.0, Diff: 0.0, Sum: 0.0]
         [Object Copy (ms): Min: 2.7, Avg: 2.8, Max: 2.9, Diff: 0.1, Sum: 22.3]
         [Termination (ms): Min: 0.0, Avg: 0.1, Max: 0.1, Diff: 0.1, Sum: 0.6]
            [Termination Attempts: Min: 1, Avg: 1.0, Max: 1, Diff: 0, Sum: 8]
         [GC Worker Other (ms): Min: 0.0, Avg: 0.0, Max: 0.0, Diff: 0.0, Sum: 0.1]
         [GC Worker Total (ms): Min: 3.6, Avg: 3.7, Max: 3.7, Diff: 0.1, Sum: 29.4]
         [GC Worker End (ms): Min: 840.4, Avg: 840.4, Max: 840.4, Diff: 0.0]
      [Code Root Fixup: 0.0 ms]
      [Code Root Purge: 0.0 ms]
      [Clear CT: 0.2 ms]
      [Other: 0.6 ms]
         [Choose CSet: 0.0 ms]
         [Ref Proc: 0.2 ms]
         [Ref Enq: 0.0 ms]
         [Redirty Cards: 0.2 ms]
         [Humongous Register: 0.1 ms]
         [Humongous Reclaim: 0.0 ms]
         [Free CSet: 0.0 ms]
      [Eden: 51.0M(51.0M)->0.0B(17.0M) Survivors: 7168.0K->8192.0K Heap: 409.6M(512.0M)->364.0M(512.0M)]
    [Times: user=0.09 sys=0.00, real=0.00 secs] 
   2020-11-01T23:19:32.757+0800: 0.845: [GC pause (G1 Evacuation Pause) (mixed), 0.0050656 secs]
      [Parallel Time: 4.4 ms, GC Workers: 8]
         [GC Worker Start (ms): Min: 844.8, Avg: 844.9, Max: 844.9, Diff: 0.1]
         [Ext Root Scanning (ms): Min: 0.1, Avg: 0.1, Max: 0.2, Diff: 0.1, Sum: 0.9]
         [Update RS (ms): Min: 0.3, Avg: 0.4, Max: 0.4, Diff: 0.1, Sum: 2.8]
            [Processed Buffers: Min: 0, Avg: 4.9, Max: 7, Diff: 7, Sum: 39]
         [Scan RS (ms): Min: 0.0, Avg: 0.0, Max: 0.1, Diff: 0.0, Sum: 0.2]
         [Code Root Scanning (ms): Min: 0.0, Avg: 0.0, Max: 0.0, Diff: 0.0, Sum: 0.0]
         [Object Copy (ms): Min: 3.6, Avg: 3.6, Max: 3.7, Diff: 0.1, Sum: 29.0]
         [Termination (ms): Min: 0.0, Avg: 0.0, Max: 0.1, Diff: 0.1, Sum: 0.3]
            [Termination Attempts: Min: 1, Avg: 1.1, Max: 2, Diff: 1, Sum: 9]
         [GC Worker Other (ms): Min: 0.0, Avg: 0.0, Max: 0.0, Diff: 0.0, Sum: 0.1]
         [GC Worker Total (ms): Min: 4.1, Avg: 4.2, Max: 4.2, Diff: 0.1, Sum: 33.2]
         [GC Worker End (ms): Min: 849.0, Avg: 849.0, Max: 849.0, Diff: 0.0]
      [Code Root Fixup: 0.0 ms]
      [Code Root Purge: 0.0 ms]
      [Clear CT: 0.2 ms]
      [Other: 0.5 ms]
         [Choose CSet: 0.0 ms]
         [Ref Proc: 0.1 ms]
         [Ref Enq: 0.0 ms]
         [Redirty Cards: 0.1 ms]
         [Humongous Register: 0.1 ms]
         [Humongous Reclaim: 0.0 ms]
         [Free CSet: 0.1 ms]
      [Eden: 17.0M(17.0M)->0.0B(52.0M) Survivors: 8192.0K->4096.0K Heap: 384.6M(512.0M)->346.9M(512.0M)]
    [Times: user=0.00 sys=0.00, real=0.01 secs] 
   2020-11-01T23:19:32.763+0800: 0.851: [GC pause (G1 Humongous Allocation) (young) (initial-mark), 0.0018089 secs]
      [Parallel Time: 1.1 ms, GC Workers: 8]
         [GC Worker Start (ms): Min: 851.6, Avg: 851.6, Max: 851.6, Diff: 0.1]
         [Ext Root Scanning (ms): Min: 0.1, Avg: 0.1, Max: 0.2, Diff: 0.1, Sum: 0.9]
         [Update RS (ms): Min: 0.1, Avg: 0.1, Max: 0.2, Diff: 0.1, Sum: 0.7]
            [Processed Buffers: Min: 1, Avg: 1.1, Max: 2, Diff: 1, Sum: 9]
         [Scan RS (ms): Min: 0.0, Avg: 0.0, Max: 0.0, Diff: 0.0, Sum: 0.0]
         [Code Root Scanning (ms): Min: 0.0, Avg: 0.0, Max: 0.0, Diff: 0.0, Sum: 0.0]
         [Object Copy (ms): Min: 0.4, Avg: 0.6, Max: 0.7, Diff: 0.2, Sum: 4.6]
         [Termination (ms): Min: 0.0, Avg: 0.1, Max: 0.2, Diff: 0.2, Sum: 0.6]
            [Termination Attempts: Min: 1, Avg: 1.0, Max: 1, Diff: 0, Sum: 8]
         [GC Worker Other (ms): Min: 0.0, Avg: 0.0, Max: 0.0, Diff: 0.0, Sum: 0.1]
         [GC Worker Total (ms): Min: 0.8, Avg: 0.9, Max: 1.0, Diff: 0.2, Sum: 6.9]
         [GC Worker End (ms): Min: 852.4, Avg: 852.5, Max: 852.5, Diff: 0.1]
      [Code Root Fixup: 0.0 ms]
      [Code Root Purge: 0.0 ms]
      [Clear CT: 0.2 ms]
      [Other: 0.6 ms]
         [Choose CSet: 0.0 ms]
         [Ref Proc: 0.2 ms]
         [Ref Enq: 0.0 ms]
         [Redirty Cards: 0.2 ms]
         [Humongous Register: 0.1 ms]
         [Humongous Reclaim: 0.0 ms]
         [Free CSet: 0.0 ms]
      [Eden: 8192.0K(52.0M)->0.0B(51.0M) Survivors: 4096.0K->7168.0K Heap: 354.8M(512.0M)->350.1M(512.0M)]
    [Times: user=0.00 sys=0.00, real=0.00 secs] 
   2020-11-01T23:19:32.765+0800: 0.853: [GC concurrent-root-region-scan-start]
   2020-11-01T23:19:32.766+0800: 0.854: [GC concurrent-root-region-scan-end, 0.0001678 secs]
   2020-11-01T23:19:32.766+0800: 0.854: [GC concurrent-mark-start]
   2020-11-01T23:19:32.769+0800: 0.857: [GC concurrent-mark-end, 0.0033155 secs]
   2020-11-01T23:19:32.769+0800: 0.857: [GC remark 2020-11-01T23:19:32.769+0800: 0.857: [Finalize Marking, 0.0001730 secs] 2020-11-01T23:19:32.769+0800: 0.857: [GC ref-proc, 0.0002610 secs] 2020-11-01T23:19:32.770+0800: 0.857: [Unloading, 0.0003970 secs], 0.0015970 secs]
    [Times: user=0.00 sys=0.00, real=0.00 secs] 
   2020-11-01T23:19:32.771+0800: 0.859: [GC cleanup 365M->365M(512M), 0.0006455 secs]
    [Times: user=0.00 sys=0.00, real=0.00 secs] 
   2020-11-01T23:19:32.779+0800: 0.867: [GC pause (G1 Evacuation Pause) (young), 0.0044300 secs]
      [Parallel Time: 3.4 ms, GC Workers: 8]
         [GC Worker Start (ms): Min: 867.2, Avg: 867.2, Max: 867.4, Diff: 0.2]
         [Ext Root Scanning (ms): Min: 0.0, Avg: 0.1, Max: 0.2, Diff: 0.2, Sum: 0.9]
         [Update RS (ms): Min: 0.7, Avg: 0.8, Max: 0.8, Diff: 0.1, Sum: 6.1]
            [Processed Buffers: Min: 0, Avg: 9.4, Max: 12, Diff: 12, Sum: 75]
         [Scan RS (ms): Min: 0.0, Avg: 0.0, Max: 0.0, Diff: 0.0, Sum: 0.0]
         [Code Root Scanning (ms): Min: 0.0, Avg: 0.0, Max: 0.0, Diff: 0.0, Sum: 0.0]
         [Object Copy (ms): Min: 2.2, Avg: 2.3, Max: 2.4, Diff: 0.2, Sum: 18.5]
         [Termination (ms): Min: 0.0, Avg: 0.1, Max: 0.2, Diff: 0.2, Sum: 0.5]
            [Termination Attempts: Min: 1, Avg: 1.0, Max: 1, Diff: 0, Sum: 8]
         [GC Worker Other (ms): Min: 0.0, Avg: 0.0, Max: 0.0, Diff: 0.0, Sum: 0.1]
         [GC Worker Total (ms): Min: 3.1, Avg: 3.3, Max: 3.3, Diff: 0.2, Sum: 26.1]
         [GC Worker End (ms): Min: 870.5, Avg: 870.5, Max: 870.5, Diff: 0.0]
      [Code Root Fixup: 0.0 ms]
      [Code Root Purge: 0.0 ms]
      [Clear CT: 0.2 ms]
      [Other: 0.9 ms]
         [Choose CSet: 0.0 ms]
         [Ref Proc: 0.2 ms]
         [Ref Enq: 0.0 ms]
         [Redirty Cards: 0.2 ms]
         [Humongous Register: 0.1 ms]
         [Humongous Reclaim: 0.1 ms]
         [Free CSet: 0.1 ms]
      [Eden: 51.0M(51.0M)->0.0B(17.0M) Survivors: 7168.0K->8192.0K Heap: 418.0M(512.0M)->371.9M(512.0M)]
    [Times: user=0.02 sys=0.00, real=0.00 secs] 
   2020-11-01T23:19:32.788+0800: 0.876: [GC pause (G1 Evacuation Pause) (mixed), 0.0059050 secs]
      [Parallel Time: 5.2 ms, GC Workers: 8]
         [GC Worker Start (ms): Min: 876.4, Avg: 876.5, Max: 876.6, Diff: 0.2]
         [Ext Root Scanning (ms): Min: 0.0, Avg: 0.1, Max: 0.2, Diff: 0.2, Sum: 1.0]
         [Update RS (ms): Min: 0.3, Avg: 0.3, Max: 0.4, Diff: 0.0, Sum: 2.8]
            [Processed Buffers: Min: 3, Avg: 5.1, Max: 6, Diff: 3, Sum: 41]
         [Scan RS (ms): Min: 0.0, Avg: 0.0, Max: 0.0, Diff: 0.0, Sum: 0.2]
         [Code Root Scanning (ms): Min: 0.0, Avg: 0.0, Max: 0.0, Diff: 0.0, Sum: 0.0]
         [Object Copy (ms): Min: 4.4, Avg: 4.4, Max: 4.5, Diff: 0.1, Sum: 35.4]
         [Termination (ms): Min: 0.0, Avg: 0.1, Max: 0.1, Diff: 0.1, Sum: 0.8]
            [Termination Attempts: Min: 1, Avg: 1.0, Max: 1, Diff: 0, Sum: 8]
         [GC Worker Other (ms): Min: 0.0, Avg: 0.0, Max: 0.0, Diff: 0.0, Sum: 0.1]
         [GC Worker Total (ms): Min: 4.9, Avg: 5.0, Max: 5.1, Diff: 0.2, Sum: 40.2]
         [GC Worker End (ms): Min: 881.5, Avg: 881.5, Max: 881.5, Diff: 0.0]
      [Code Root Fixup: 0.0 ms]
      [Code Root Purge: 0.0 ms]
      [Clear CT: 0.2 ms]
      [Other: 0.5 ms]
         [Choose CSet: 0.0 ms]
         [Ref Proc: 0.2 ms]
         [Ref Enq: 0.0 ms]
         [Redirty Cards: 0.1 ms]
         [Humongous Register: 0.1 ms]
         [Humongous Reclaim: 0.0 ms]
         [Free CSet: 0.1 ms]
      [Eden: 17.0M(17.0M)->0.0B(42.0M) Survivors: 8192.0K->4096.0K Heap: 392.9M(512.0M)->356.6M(512.0M)]
    [Times: user=0.00 sys=0.00, real=0.01 secs] 
   2020-11-01T23:19:32.795+0800: 0.883: [GC pause (G1 Humongous Allocation) (young) (initial-mark), 0.0015679 secs]
      [Parallel Time: 0.9 ms, GC Workers: 8]
         [GC Worker Start (ms): Min: 882.9, Avg: 883.0, Max: 883.1, Diff: 0.2]
         [Ext Root Scanning (ms): Min: 0.0, Avg: 0.2, Max: 0.6, Diff: 0.6, Sum: 1.6]
         [Update RS (ms): Min: 0.0, Avg: 0.1, Max: 0.1, Diff: 0.1, Sum: 0.6]
            [Processed Buffers: Min: 0, Avg: 1.1, Max: 2, Diff: 2, Sum: 9]
         [Scan RS (ms): Min: 0.0, Avg: 0.0, Max: 0.0, Diff: 0.0, Sum: 0.0]
         [Code Root Scanning (ms): Min: 0.0, Avg: 0.0, Max: 0.0, Diff: 0.0, Sum: 0.0]
         [Object Copy (ms): Min: 0.0, Avg: 0.3, Max: 0.5, Diff: 0.5, Sum: 2.7]
         [Termination (ms): Min: 0.0, Avg: 0.1, Max: 0.2, Diff: 0.2, Sum: 1.0]
            [Termination Attempts: Min: 1, Avg: 1.0, Max: 1, Diff: 0, Sum: 8]
         [GC Worker Other (ms): Min: 0.0, Avg: 0.0, Max: 0.0, Diff: 0.0, Sum: 0.1]
         [GC Worker Total (ms): Min: 0.6, Avg: 0.8, Max: 0.8, Diff: 0.2, Sum: 6.0]
         [GC Worker End (ms): Min: 883.7, Avg: 883.7, Max: 883.7, Diff: 0.0]
      [Code Root Fixup: 0.0 ms]
      [Code Root Purge: 0.0 ms]
      [Clear CT: 0.2 ms]
      [Other: 0.5 ms]
         [Choose CSet: 0.0 ms]
         [Ref Proc: 0.1 ms]
         [Ref Enq: 0.0 ms]
         [Redirty Cards: 0.2 ms]
         [Humongous Register: 0.1 ms]
         [Humongous Reclaim: 0.0 ms]
         [Free CSet: 0.0 ms]
      [Eden: 3072.0K(42.0M)->0.0B(44.0M) Survivors: 4096.0K->1024.0K Heap: 359.2M(512.0M)->357.2M(512.0M)]
    [Times: user=0.00 sys=0.00, real=0.00 secs] 
   2020-11-01T23:19:32.797+0800: 0.885: [GC concurrent-root-region-scan-start]
   2020-11-01T23:19:32.797+0800: 0.885: [GC concurrent-root-region-scan-end, 0.0001041 secs]
   2020-11-01T23:19:32.797+0800: 0.885: [GC concurrent-mark-start]
   2020-11-01T23:19:32.799+0800: 0.887: [GC concurrent-mark-end, 0.0020220 secs]
   2020-11-01T23:19:32.799+0800: 0.887: [GC remark 2020-11-01T23:19:32.799+0800: 0.887: [Finalize Marking, 0.0001596 secs] 2020-11-01T23:19:32.799+0800: 0.887: [GC ref-proc, 0.0002534 secs] 2020-11-01T23:19:32.799+0800: 0.887: [Unloading, 0.0004689 secs], 0.0016547 secs]
    [Times: user=0.00 sys=0.00, real=0.00 secs] 
   2020-11-01T23:19:32.801+0800: 0.889: [GC cleanup 374M->374M(512M), 0.0006588 secs]
    [Times: user=0.00 sys=0.00, real=0.00 secs] 
   2020-11-01T23:19:32.807+0800: 0.895: [GC pause (G1 Evacuation Pause) (young), 0.0031726 secs]
      [Parallel Time: 2.5 ms, GC Workers: 8]
         [GC Worker Start (ms): Min: 895.4, Avg: 895.4, Max: 895.5, Diff: 0.1]
         [Ext Root Scanning (ms): Min: 0.0, Avg: 0.1, Max: 0.2, Diff: 0.1, Sum: 0.9]
         [Update RS (ms): Min: 0.6, Avg: 0.7, Max: 0.7, Diff: 0.0, Sum: 5.4]
            [Processed Buffers: Min: 9, Avg: 10.0, Max: 11, Diff: 2, Sum: 80]
         [Scan RS (ms): Min: 0.0, Avg: 0.0, Max: 0.0, Diff: 0.0, Sum: 0.0]
         [Code Root Scanning (ms): Min: 0.0, Avg: 0.0, Max: 0.0, Diff: 0.0, Sum: 0.0]
         [Object Copy (ms): Min: 1.4, Avg: 1.4, Max: 1.5, Diff: 0.1, Sum: 11.5]
         [Termination (ms): Min: 0.0, Avg: 0.1, Max: 0.1, Diff: 0.1, Sum: 0.5]
            [Termination Attempts: Min: 1, Avg: 1.0, Max: 1, Diff: 0, Sum: 8]
         [GC Worker Other (ms): Min: 0.0, Avg: 0.0, Max: 0.0, Diff: 0.0, Sum: 0.1]
         [GC Worker Total (ms): Min: 2.2, Avg: 2.3, Max: 2.4, Diff: 0.1, Sum: 18.4]
         [GC Worker End (ms): Min: 897.7, Avg: 897.7, Max: 897.7, Diff: 0.0]
      [Code Root Fixup: 0.0 ms]
      [Code Root Purge: 0.0 ms]
      [Clear CT: 0.2 ms]
      [Other: 0.5 ms]
         [Choose CSet: 0.0 ms]
         [Ref Proc: 0.1 ms]
         [Ref Enq: 0.0 ms]
         [Redirty Cards: 0.2 ms]
         [Humongous Register: 0.1 ms]
         [Humongous Reclaim: 0.0 ms]
         [Free CSet: 0.0 ms]
      [Eden: 44.0M(44.0M)->0.0B(19.0M) Survivors: 1024.0K->6144.0K Heap: 410.2M(512.0M)->367.1M(512.0M)]
    [Times: user=0.00 sys=0.00, real=0.00 secs] 
   2020-11-01T23:19:32.814+0800: 0.902: [GC pause (G1 Evacuation Pause) (mixed), 0.0057881 secs]
      [Parallel Time: 5.0 ms, GC Workers: 8]
         [GC Worker Start (ms): Min: 902.6, Avg: 902.6, Max: 902.7, Diff: 0.1]
         [Ext Root Scanning (ms): Min: 0.1, Avg: 0.1, Max: 0.2, Diff: 0.1, Sum: 0.9]
         [Update RS (ms): Min: 0.2, Avg: 0.2, Max: 0.3, Diff: 0.0, Sum: 2.0]
            [Processed Buffers: Min: 3, Avg: 3.8, Max: 4, Diff: 1, Sum: 30]
         [Scan RS (ms): Min: 0.0, Avg: 0.0, Max: 0.1, Diff: 0.0, Sum: 0.2]
         [Code Root Scanning (ms): Min: 0.0, Avg: 0.0, Max: 0.0, Diff: 0.0, Sum: 0.0]
         [Object Copy (ms): Min: 4.3, Avg: 4.4, Max: 4.4, Diff: 0.1, Sum: 35.1]
         [Termination (ms): Min: 0.0, Avg: 0.0, Max: 0.1, Diff: 0.1, Sum: 0.4]
            [Termination Attempts: Min: 1, Avg: 1.1, Max: 2, Diff: 1, Sum: 9]
         [GC Worker Other (ms): Min: 0.0, Avg: 0.0, Max: 0.0, Diff: 0.0, Sum: 0.1]
         [GC Worker Total (ms): Min: 4.8, Avg: 4.8, Max: 4.9, Diff: 0.1, Sum: 38.7]
         [GC Worker End (ms): Min: 907.5, Avg: 907.5, Max: 907.5, Diff: 0.1]
      [Code Root Fixup: 0.0 ms]
      [Code Root Purge: 0.0 ms]
      [Clear CT: 0.1 ms]
      [Other: 0.6 ms]
         [Choose CSet: 0.0 ms]
         [Ref Proc: 0.1 ms]
         [Ref Enq: 0.0 ms]
         [Redirty Cards: 0.2 ms]
         [Humongous Register: 0.2 ms]
         [Humongous Reclaim: 0.0 ms]
         [Free CSet: 0.1 ms]
      [Eden: 19.0M(19.0M)->0.0B(47.0M) Survivors: 6144.0K->4096.0K Heap: 388.7M(512.0M)->352.8M(512.0M)]
    [Times: user=0.02 sys=0.00, real=0.01 secs] 
   2020-11-01T23:19:32.821+0800: 0.909: [GC pause (G1 Humongous Allocation) (young) (initial-mark), 0.0013370 secs]
      [Parallel Time: 0.8 ms, GC Workers: 8]
         [GC Worker Start (ms): Min: 908.8, Avg: 908.8, Max: 908.9, Diff: 0.1]
         [Ext Root Scanning (ms): Min: 0.1, Avg: 0.1, Max: 0.1, Diff: 0.1, Sum: 0.9]
         [Update RS (ms): Min: 0.1, Avg: 0.1, Max: 0.5, Diff: 0.4, Sum: 1.1]
            [Processed Buffers: Min: 0, Avg: 1.1, Max: 2, Diff: 2, Sum: 9]
         [Scan RS (ms): Min: 0.0, Avg: 0.0, Max: 0.0, Diff: 0.0, Sum: 0.0]
         [Code Root Scanning (ms): Min: 0.0, Avg: 0.0, Max: 0.0, Diff: 0.0, Sum: 0.0]
         [Object Copy (ms): Min: 0.0, Avg: 0.3, Max: 0.4, Diff: 0.4, Sum: 2.5]
         [Termination (ms): Min: 0.0, Avg: 0.0, Max: 0.1, Diff: 0.1, Sum: 0.3]
            [Termination Attempts: Min: 1, Avg: 1.1, Max: 2, Diff: 1, Sum: 9]
         [GC Worker Other (ms): Min: 0.0, Avg: 0.0, Max: 0.0, Diff: 0.0, Sum: 0.1]
         [GC Worker Total (ms): Min: 0.6, Avg: 0.6, Max: 0.7, Diff: 0.1, Sum: 4.9]
         [GC Worker End (ms): Min: 909.4, Avg: 909.4, Max: 909.5, Diff: 0.0]
      [Code Root Fixup: 0.0 ms]
      [Code Root Purge: 0.0 ms]
      [Clear CT: 0.2 ms]
      [Other: 0.4 ms]
         [Choose CSet: 0.0 ms]
         [Ref Proc: 0.1 ms]
         [Ref Enq: 0.0 ms]
         [Redirty Cards: 0.1 ms]
         [Humongous Register: 0.1 ms]
         [Humongous Reclaim: 0.0 ms]
         [Free CSet: 0.0 ms]
      [Eden: 2048.0K(47.0M)->0.0B(47.0M) Survivors: 4096.0K->5120.0K Heap: 354.8M(512.0M)->351.8M(512.0M)]
    [Times: user=0.00 sys=0.00, real=0.00 secs] 
   2020-11-01T23:19:32.822+0800: 0.910: [GC concurrent-root-region-scan-start]
   2020-11-01T23:19:32.822+0800: 0.910: [GC concurrent-root-region-scan-end, 0.0001537 secs]
   2020-11-01T23:19:32.822+0800: 0.910: [GC concurrent-mark-start]
   2020-11-01T23:19:32.824+0800: 0.912: [GC concurrent-mark-end, 0.0020690 secs]
   2020-11-01T23:19:32.825+0800: 0.913: [GC remark 2020-11-01T23:19:32.825+0800: 0.913: [Finalize Marking, 0.0001424 secs] 2020-11-01T23:19:32.825+0800: 0.913: [GC ref-proc, 0.0002531 secs] 2020-11-01T23:19:32.825+0800: 0.913: [Unloading, 0.0004050 secs], 0.0017618 secs]
    [Times: user=0.00 sys=0.00, real=0.00 secs] 
   2020-11-01T23:19:32.827+0800: 0.914: [GC cleanup 368M->368M(512M), 0.0006865 secs]
    [Times: user=0.00 sys=0.00, real=0.00 secs] 
   2020-11-01T23:19:32.835+0800: 0.923: [GC pause (G1 Evacuation Pause) (young), 0.0037524 secs]
      [Parallel Time: 3.1 ms, GC Workers: 8]
         [GC Worker Start (ms): Min: 923.3, Avg: 923.3, Max: 923.4, Diff: 0.1]
         [Ext Root Scanning (ms): Min: 0.1, Avg: 0.1, Max: 0.1, Diff: 0.1, Sum: 0.9]
         [Update RS (ms): Min: 0.9, Avg: 0.9, Max: 0.9, Diff: 0.0, Sum: 7.4]
            [Processed Buffers: Min: 4, Avg: 11.9, Max: 15, Diff: 11, Sum: 95]
         [Scan RS (ms): Min: 0.0, Avg: 0.0, Max: 0.0, Diff: 0.0, Sum: 0.0]
         [Code Root Scanning (ms): Min: 0.0, Avg: 0.0, Max: 0.0, Diff: 0.0, Sum: 0.0]
         [Object Copy (ms): Min: 1.8, Avg: 1.8, Max: 1.9, Diff: 0.1, Sum: 14.7]
         [Termination (ms): Min: 0.0, Avg: 0.1, Max: 0.1, Diff: 0.1, Sum: 0.6]
            [Termination Attempts: Min: 1, Avg: 1.8, Max: 3, Diff: 2, Sum: 14]
         [GC Worker Other (ms): Min: 0.0, Avg: 0.0, Max: 0.1, Diff: 0.0, Sum: 0.2]
         [GC Worker Total (ms): Min: 2.9, Avg: 3.0, Max: 3.0, Diff: 0.1, Sum: 23.8]
         [GC Worker End (ms): Min: 926.3, Avg: 926.3, Max: 926.4, Diff: 0.1]
      [Code Root Fixup: 0.0 ms]
      [Code Root Purge: 0.0 ms]
      [Clear CT: 0.1 ms]
      [Other: 0.5 ms]
         [Choose CSet: 0.0 ms]
         [Ref Proc: 0.2 ms]
         [Ref Enq: 0.0 ms]
         [Redirty Cards: 0.1 ms]
         [Humongous Register: 0.1 ms]
         [Humongous Reclaim: 0.0 ms]
         [Free CSet: 0.0 ms]
      [Eden: 47.0M(47.0M)->0.0B(18.0M) Survivors: 5120.0K->7168.0K Heap: 413.8M(512.0M)->372.8M(512.0M)]
    [Times: user=0.00 sys=0.00, real=0.00 secs] 
   2020-11-01T23:19:32.842+0800: 0.930: [GC pause (G1 Evacuation Pause) (mixed), 0.0051079 secs]
      [Parallel Time: 4.1 ms, GC Workers: 8]
         [GC Worker Start (ms): Min: 930.1, Avg: 930.2, Max: 930.2, Diff: 0.1]
         [Ext Root Scanning (ms): Min: 0.1, Avg: 0.1, Max: 0.2, Diff: 0.1, Sum: 0.9]
         [Update RS (ms): Min: 0.0, Avg: 0.3, Max: 0.4, Diff: 0.4, Sum: 2.7]
            [Processed Buffers: Min: 0, Avg: 5.3, Max: 7, Diff: 7, Sum: 42]
         [Scan RS (ms): Min: 0.0, Avg: 0.0, Max: 0.1, Diff: 0.1, Sum: 0.3]
         [Code Root Scanning (ms): Min: 0.0, Avg: 0.0, Max: 0.0, Diff: 0.0, Sum: 0.0]
         [Object Copy (ms): Min: 3.4, Avg: 3.5, Max: 3.8, Diff: 0.4, Sum: 27.7]
         [Termination (ms): Min: 0.0, Avg: 0.0, Max: 0.1, Diff: 0.1, Sum: 0.4]
            [Termination Attempts: Min: 1, Avg: 1.0, Max: 1, Diff: 0, Sum: 8]
         [GC Worker Other (ms): Min: 0.0, Avg: 0.0, Max: 0.0, Diff: 0.0, Sum: 0.1]
         [GC Worker Total (ms): Min: 3.9, Avg: 4.0, Max: 4.1, Diff: 0.1, Sum: 32.0]
         [GC Worker End (ms): Min: 934.2, Avg: 934.2, Max: 934.2, Diff: 0.0]
      [Code Root Fixup: 0.0 ms]
      [Code Root Purge: 0.0 ms]
      [Clear CT: 0.2 ms]
      [Other: 0.8 ms]
         [Choose CSet: 0.0 ms]
         [Ref Proc: 0.2 ms]
         [Ref Enq: 0.0 ms]
         [Redirty Cards: 0.2 ms]
         [Humongous Register: 0.1 ms]
         [Humongous Reclaim: 0.1 ms]
         [Free CSet: 0.1 ms]
      [Eden: 18.0M(18.0M)->0.0B(38.0M) Survivors: 7168.0K->4096.0K Heap: 394.8M(512.0M)->361.6M(512.0M)]
    [Times: user=0.11 sys=0.00, real=0.00 secs] 
   2020-11-01T23:19:32.848+0800: 0.936: [GC pause (G1 Humongous Allocation) (young) (initial-mark), 0.0017035 secs]
      [Parallel Time: 1.0 ms, GC Workers: 8]
         [GC Worker Start (ms): Min: 936.2, Avg: 936.3, Max: 936.4, Diff: 0.2]
         [Ext Root Scanning (ms): Min: 0.0, Avg: 0.3, Max: 0.8, Diff: 0.8, Sum: 2.4]
         [Update RS (ms): Min: 0.0, Avg: 0.1, Max: 0.2, Diff: 0.2, Sum: 0.9]
            [Processed Buffers: Min: 0, Avg: 1.1, Max: 3, Diff: 3, Sum: 9]
         [Scan RS (ms): Min: 0.0, Avg: 0.0, Max: 0.0, Diff: 0.0, Sum: 0.0]
         [Code Root Scanning (ms): Min: 0.0, Avg: 0.0, Max: 0.0, Diff: 0.0, Sum: 0.0]
         [Object Copy (ms): Min: 0.0, Avg: 0.3, Max: 0.5, Diff: 0.5, Sum: 2.8]
         [Termination (ms): Min: 0.0, Avg: 0.0, Max: 0.1, Diff: 0.1, Sum: 0.4]
            [Termination Attempts: Min: 1, Avg: 1.0, Max: 1, Diff: 0, Sum: 8]
         [GC Worker Other (ms): Min: 0.0, Avg: 0.0, Max: 0.0, Diff: 0.0, Sum: 0.1]
         [GC Worker Total (ms): Min: 0.7, Avg: 0.8, Max: 0.9, Diff: 0.2, Sum: 6.5]
         [GC Worker End (ms): Min: 937.1, Avg: 937.1, Max: 937.1, Diff: 0.0]
      [Code Root Fixup: 0.0 ms]
      [Code Root Purge: 0.0 ms]
      [Clear CT: 0.2 ms]
      [Other: 0.5 ms]
         [Choose CSet: 0.0 ms]
         [Ref Proc: 0.2 ms]
         [Ref Enq: 0.0 ms]
         [Redirty Cards: 0.1 ms]
         [Humongous Register: 0.1 ms]
         [Humongous Reclaim: 0.0 ms]
         [Free CSet: 0.0 ms]
      [Eden: 3072.0K(38.0M)->0.0B(36.0M) Survivors: 4096.0K->1024.0K Heap: 364.0M(512.0M)->361.8M(512.0M)]
    [Times: user=0.00 sys=0.00, real=0.00 secs] 
   2020-11-01T23:19:32.850+0800: 0.938: [GC concurrent-root-region-scan-start]
   2020-11-01T23:19:32.850+0800: 0.938: [GC concurrent-root-region-scan-end, 0.0001388 secs]
   2020-11-01T23:19:32.850+0800: 0.938: [GC concurrent-mark-start]
   2020-11-01T23:19:32.853+0800: 0.941: [GC concurrent-mark-end, 0.0025026 secs]
   2020-11-01T23:19:32.853+0800: 0.941: [GC remark 2020-11-01T23:19:32.853+0800: 0.941: [Finalize Marking, 0.0002303 secs] 2020-11-01T23:19:32.853+0800: 0.941: [GC ref-proc, 0.0002537 secs] 2020-11-01T23:19:32.853+0800: 0.941: [Unloading, 0.0004921 secs], 0.0018735 secs]
    [Times: user=0.00 sys=0.00, real=0.00 secs] 
   2020-11-01T23:19:32.855+0800: 0.943: [GC cleanup 372M->372M(512M), 0.0007748 secs]
    [Times: user=0.00 sys=0.00, real=0.00 secs] 
   2020-11-01T23:19:32.862+0800: 0.950: [GC pause (G1 Evacuation Pause) (young), 0.0030824 secs]
      [Parallel Time: 2.3 ms, GC Workers: 8]
         [GC Worker Start (ms): Min: 950.4, Avg: 950.4, Max: 950.8, Diff: 0.4]
         [Ext Root Scanning (ms): Min: 0.0, Avg: 0.1, Max: 0.2, Diff: 0.2, Sum: 0.9]
         [Update RS (ms): Min: 0.5, Avg: 0.7, Max: 0.8, Diff: 0.3, Sum: 5.6]
            [Processed Buffers: Min: 1, Avg: 9.3, Max: 12, Diff: 11, Sum: 74]
         [Scan RS (ms): Min: 0.0, Avg: 0.0, Max: 0.0, Diff: 0.0, Sum: 0.0]
         [Code Root Scanning (ms): Min: 0.0, Avg: 0.0, Max: 0.0, Diff: 0.0, Sum: 0.0]
         [Object Copy (ms): Min: 1.1, Avg: 1.2, Max: 1.3, Diff: 0.2, Sum: 9.3]
         [Termination (ms): Min: 0.0, Avg: 0.1, Max: 0.2, Diff: 0.2, Sum: 0.9]
            [Termination Attempts: Min: 1, Avg: 1.0, Max: 1, Diff: 0, Sum: 8]
         [GC Worker Other (ms): Min: 0.0, Avg: 0.0, Max: 0.0, Diff: 0.0, Sum: 0.1]
         [GC Worker Total (ms): Min: 1.8, Avg: 2.1, Max: 2.2, Diff: 0.4, Sum: 16.7]
         [GC Worker End (ms): Min: 952.5, Avg: 952.5, Max: 952.6, Diff: 0.1]
      [Code Root Fixup: 0.0 ms]
      [Code Root Purge: 0.0 ms]
      [Clear CT: 0.2 ms]
      [Other: 0.6 ms]
         [Choose CSet: 0.0 ms]
         [Ref Proc: 0.2 ms]
         [Ref Enq: 0.0 ms]
         [Redirty Cards: 0.2 ms]
         [Humongous Register: 0.1 ms]
         [Humongous Reclaim: 0.0 ms]
         [Free CSet: 0.0 ms]
      [Eden: 36.0M(36.0M)->0.0B(20.0M) Survivors: 1024.0K->5120.0K Heap: 406.1M(512.0M)->375.9M(512.0M)]
    [Times: user=0.00 sys=0.00, real=0.00 secs] 
   2020-11-01T23:19:32.870+0800: 0.958: [GC pause (G1 Evacuation Pause) (mixed), 0.0053871 secs]
      [Parallel Time: 4.7 ms, GC Workers: 8]
         [GC Worker Start (ms): Min: 957.8, Avg: 957.9, Max: 958.0, Diff: 0.2]
         [Ext Root Scanning (ms): Min: 0.0, Avg: 0.1, Max: 0.2, Diff: 0.2, Sum: 0.8]
         [Update RS (ms): Min: 0.3, Avg: 0.3, Max: 0.4, Diff: 0.1, Sum: 2.8]
            [Processed Buffers: Min: 5, Avg: 5.5, Max: 6, Diff: 1, Sum: 44]
         [Scan RS (ms): Min: 0.0, Avg: 0.0, Max: 0.0, Diff: 0.0, Sum: 0.2]
         [Code Root Scanning (ms): Min: 0.0, Avg: 0.0, Max: 0.0, Diff: 0.0, Sum: 0.0]
         [Object Copy (ms): Min: 4.0, Avg: 4.1, Max: 4.1, Diff: 0.1, Sum: 32.4]
         [Termination (ms): Min: 0.0, Avg: 0.0, Max: 0.1, Diff: 0.1, Sum: 0.4]
            [Termination Attempts: Min: 1, Avg: 1.0, Max: 1, Diff: 0, Sum: 8]
         [GC Worker Other (ms): Min: 0.0, Avg: 0.0, Max: 0.0, Diff: 0.0, Sum: 0.1]
         [GC Worker Total (ms): Min: 4.5, Avg: 4.6, Max: 4.6, Diff: 0.2, Sum: 36.6]
         [GC Worker End (ms): Min: 962.5, Avg: 962.5, Max: 962.5, Diff: 0.0]
      [Code Root Fixup: 0.0 ms]
      [Code Root Purge: 0.0 ms]
      [Clear CT: 0.2 ms]
      [Other: 0.5 ms]
         [Choose CSet: 0.0 ms]
         [Ref Proc: 0.1 ms]
         [Ref Enq: 0.0 ms]
         [Redirty Cards: 0.1 ms]
         [Humongous Register: 0.1 ms]
         [Humongous Reclaim: 0.0 ms]
         [Free CSet: 0.1 ms]
      [Eden: 20.0M(20.0M)->0.0B(37.0M) Survivors: 5120.0K->4096.0K Heap: 400.2M(512.0M)->361.4M(512.0M)]
    [Times: user=0.00 sys=0.00, real=0.01 secs] 
   2020-11-01T23:19:32.875+0800: 0.963: [GC pause (G1 Humongous Allocation) (young) (initial-mark), 0.0015681 secs]
      [Parallel Time: 0.9 ms, GC Workers: 8]
         [GC Worker Start (ms): Min: 963.5, Avg: 963.5, Max: 963.6, Diff: 0.2]
         [Ext Root Scanning (ms): Min: 0.0, Avg: 0.2, Max: 0.2, Diff: 0.2, Sum: 1.3]
         [Update RS (ms): Min: 0.0, Avg: 0.1, Max: 0.4, Diff: 0.4, Sum: 1.1]
            [Processed Buffers: Min: 1, Avg: 1.1, Max: 2, Diff: 1, Sum: 9]
         [Scan RS (ms): Min: 0.0, Avg: 0.0, Max: 0.0, Diff: 0.0, Sum: 0.0]
         [Code Root Scanning (ms): Min: 0.0, Avg: 0.0, Max: 0.0, Diff: 0.0, Sum: 0.0]
         [Object Copy (ms): Min: 0.2, Avg: 0.4, Max: 0.5, Diff: 0.4, Sum: 3.2]
         [Termination (ms): Min: 0.0, Avg: 0.1, Max: 0.1, Diff: 0.1, Sum: 0.5]
            [Termination Attempts: Min: 1, Avg: 1.0, Max: 1, Diff: 0, Sum: 8]
         [GC Worker Other (ms): Min: 0.0, Avg: 0.0, Max: 0.0, Diff: 0.0, Sum: 0.1]
         [GC Worker Total (ms): Min: 0.6, Avg: 0.8, Max: 0.8, Diff: 0.2, Sum: 6.1]
         [GC Worker End (ms): Min: 964.3, Avg: 964.3, Max: 964.3, Diff: 0.0]
      [Code Root Fixup: 0.0 ms]
      [Code Root Purge: 0.0 ms]
      [Clear CT: 0.2 ms]
      [Other: 0.5 ms]
         [Choose CSet: 0.0 ms]
         [Ref Proc: 0.2 ms]
         [Ref Enq: 0.0 ms]
         [Redirty Cards: 0.2 ms]
         [Humongous Register: 0.1 ms]
         [Humongous Reclaim: 0.0 ms]
         [Free CSet: 0.0 ms]
      [Eden: 1024.0K(37.0M)->0.0B(36.0M) Survivors: 4096.0K->1024.0K Heap: 361.9M(512.0M)->361.8M(512.0M)]
    [Times: user=0.00 sys=0.02, real=0.00 secs] 
   2020-11-01T23:19:32.877+0800: 0.965: [GC concurrent-root-region-scan-start]
   2020-11-01T23:19:32.877+0800: 0.965: [GC concurrent-root-region-scan-end, 0.0002193 secs]
   2020-11-01T23:19:32.877+0800: 0.965: [GC concurrent-mark-start]
   2020-11-01T23:19:32.879+0800: 0.967: [GC concurrent-mark-end, 0.0019718 secs]
   2020-11-01T23:19:32.879+0800: 0.967: [GC remark 2020-11-01T23:19:32.879+0800: 0.967: [Finalize Marking, 0.0001517 secs] 2020-11-01T23:19:32.880+0800: 0.968: [GC ref-proc, 0.0003095 secs] 2020-11-01T23:19:32.880+0800: 0.968: [Unloading, 0.0004491 secs], 0.0018857 secs]
    [Times: user=0.00 sys=0.00, real=0.00 secs] 
   2020-11-01T23:19:32.882+0800: 0.969: [GC cleanup 375M->375M(512M), 0.0007759 secs]
    [Times: user=0.00 sys=0.00, real=0.00 secs] 
   2020-11-01T23:19:32.888+0800: 0.975: [GC pause (G1 Evacuation Pause) (young), 0.0025407 secs]
      [Parallel Time: 1.9 ms, GC Workers: 8]
         [GC Worker Start (ms): Min: 975.6, Avg: 975.6, Max: 975.7, Diff: 0.1]
         [Ext Root Scanning (ms): Min: 0.1, Avg: 0.1, Max: 0.1, Diff: 0.1, Sum: 0.9]
         [Update RS (ms): Min: 0.9, Avg: 0.9, Max: 0.9, Diff: 0.0, Sum: 7.2]
            [Processed Buffers: Min: 9, Avg: 12.9, Max: 14, Diff: 5, Sum: 103]
         [Scan RS (ms): Min: 0.0, Avg: 0.0, Max: 0.0, Diff: 0.0, Sum: 0.0]
         [Code Root Scanning (ms): Min: 0.0, Avg: 0.0, Max: 0.0, Diff: 0.0, Sum: 0.0]
         [Object Copy (ms): Min: 0.7, Avg: 0.8, Max: 0.8, Diff: 0.1, Sum: 6.4]
         [Termination (ms): Min: 0.0, Avg: 0.0, Max: 0.1, Diff: 0.1, Sum: 0.3]
            [Termination Attempts: Min: 1, Avg: 1.6, Max: 2, Diff: 1, Sum: 13]
         [GC Worker Other (ms): Min: 0.0, Avg: 0.0, Max: 0.0, Diff: 0.0, Sum: 0.1]
         [GC Worker Total (ms): Min: 1.8, Avg: 1.9, Max: 1.9, Diff: 0.1, Sum: 15.0]
         [GC Worker End (ms): Min: 977.5, Avg: 977.5, Max: 977.5, Diff: 0.0]
      [Code Root Fixup: 0.0 ms]
      [Code Root Purge: 0.0 ms]
      [Clear CT: 0.1 ms]
      [Other: 0.5 ms]
         [Choose CSet: 0.0 ms]
         [Ref Proc: 0.2 ms]
         [Ref Enq: 0.0 ms]
         [Redirty Cards: 0.1 ms]
         [Humongous Register: 0.1 ms]
         [Humongous Reclaim: 0.0 ms]
         [Free CSet: 0.0 ms]
      [Eden: 36.0M(36.0M)->0.0B(20.0M) Survivors: 1024.0K->5120.0K Heap: 411.8M(512.0M)->371.8M(512.0M)]
    [Times: user=0.00 sys=0.00, real=0.00 secs] 
   2020-11-01T23:19:32.893+0800: 0.981: [GC pause (G1 Evacuation Pause) (mixed), 0.0056108 secs]
      [Parallel Time: 4.8 ms, GC Workers: 8]
         [GC Worker Start (ms): Min: 981.3, Avg: 981.4, Max: 981.5, Diff: 0.2]
         [Ext Root Scanning (ms): Min: 0.0, Avg: 0.1, Max: 0.2, Diff: 0.2, Sum: 0.8]
         [Update RS (ms): Min: 0.6, Avg: 0.6, Max: 0.6, Diff: 0.1, Sum: 4.8]
            [Processed Buffers: Min: 0, Avg: 7.9, Max: 10, Diff: 10, Sum: 63]
         [Scan RS (ms): Min: 0.0, Avg: 0.0, Max: 0.1, Diff: 0.1, Sum: 0.2]
         [Code Root Scanning (ms): Min: 0.0, Avg: 0.0, Max: 0.0, Diff: 0.0, Sum: 0.0]
         [Object Copy (ms): Min: 3.8, Avg: 3.8, Max: 3.9, Diff: 0.1, Sum: 30.5]
         [Termination (ms): Min: 0.0, Avg: 0.1, Max: 0.2, Diff: 0.2, Sum: 0.8]
            [Termination Attempts: Min: 1, Avg: 1.1, Max: 2, Diff: 1, Sum: 9]
         [GC Worker Other (ms): Min: 0.0, Avg: 0.0, Max: 0.0, Diff: 0.0, Sum: 0.1]
         [GC Worker Total (ms): Min: 4.6, Avg: 4.7, Max: 4.7, Diff: 0.1, Sum: 37.2]
         [GC Worker End (ms): Min: 986.0, Avg: 986.1, Max: 986.1, Diff: 0.1]
      [Code Root Fixup: 0.0 ms]
      [Code Root Purge: 0.0 ms]
      [Clear CT: 0.2 ms]
      [Other: 0.6 ms]
         [Choose CSet: 0.0 ms]
         [Ref Proc: 0.2 ms]
         [Ref Enq: 0.0 ms]
         [Redirty Cards: 0.2 ms]
         [Humongous Register: 0.1 ms]
         [Humongous Reclaim: 0.0 ms]
         [Free CSet: 0.1 ms]
      [Eden: 20.0M(20.0M)->0.0B(32.0M) Survivors: 5120.0K->4096.0K Heap: 398.7M(512.0M)->366.1M(512.0M)]
    [Times: user=0.00 sys=0.00, real=0.01 secs] 
   2020-11-01T23:19:32.899+0800: 0.987: [GC pause (G1 Humongous Allocation) (young) (initial-mark), 0.0014612 secs]
      [Parallel Time: 0.8 ms, GC Workers: 8]
         [GC Worker Start (ms): Min: 987.3, Avg: 987.4, Max: 987.5, Diff: 0.2]
         [Ext Root Scanning (ms): Min: 0.0, Avg: 0.2, Max: 0.4, Diff: 0.4, Sum: 1.6]
         [Update RS (ms): Min: 0.0, Avg: 0.1, Max: 0.2, Diff: 0.2, Sum: 0.7]
            [Processed Buffers: Min: 0, Avg: 1.1, Max: 2, Diff: 2, Sum: 9]
         [Scan RS (ms): Min: 0.0, Avg: 0.0, Max: 0.0, Diff: 0.0, Sum: 0.0]
         [Code Root Scanning (ms): Min: 0.0, Avg: 0.0, Max: 0.0, Diff: 0.0, Sum: 0.0]
         [Object Copy (ms): Min: 0.3, Avg: 0.4, Max: 0.4, Diff: 0.1, Sum: 2.9]
         [Termination (ms): Min: 0.0, Avg: 0.1, Max: 0.1, Diff: 0.1, Sum: 0.6]
            [Termination Attempts: Min: 1, Avg: 1.0, Max: 1, Diff: 0, Sum: 8]
         [GC Worker Other (ms): Min: 0.0, Avg: 0.0, Max: 0.0, Diff: 0.0, Sum: 0.1]
         [GC Worker Total (ms): Min: 0.6, Avg: 0.7, Max: 0.8, Diff: 0.2, Sum: 5.9]
         [GC Worker End (ms): Min: 988.1, Avg: 988.1, Max: 988.2, Diff: 0.0]
      [Code Root Fixup: 0.0 ms]
      [Code Root Purge: 0.0 ms]
      [Clear CT: 0.2 ms]
      [Other: 0.4 ms]
         [Choose CSet: 0.0 ms]
         [Ref Proc: 0.1 ms]
         [Ref Enq: 0.0 ms]
         [Redirty Cards: 0.1 ms]
         [Humongous Register: 0.1 ms]
         [Humongous Reclaim: 0.0 ms]
         [Free CSet: 0.0 ms]
      [Eden: 1024.0K(32.0M)->0.0B(32.0M) Survivors: 4096.0K->1024.0K Heap: 367.0M(512.0M)->366.1M(512.0M)]
    [Times: user=0.00 sys=0.00, real=0.00 secs] 
   2020-11-01T23:19:32.901+0800: 0.989: [GC concurrent-root-region-scan-start]
   2020-11-01T23:19:32.901+0800: 0.989: [GC concurrent-root-region-scan-end, 0.0001173 secs]
   2020-11-01T23:19:32.901+0800: 0.989: [GC concurrent-mark-start]
   2020-11-01T23:19:32.903+0800: 0.991: [GC concurrent-mark-end, 0.0023315 secs]
   2020-11-01T23:19:32.903+0800: 0.991: [GC remark 2020-11-01T23:19:32.903+0800: 0.991: [Finalize Marking, 0.0002041 secs] 2020-11-01T23:19:32.904+0800: 0.992: [GC ref-proc, 0.0002524 secs] 2020-11-01T23:19:32.904+0800: 0.992: [Unloading, 0.0004627 secs], 0.0018896 secs]
    [Times: user=0.00 sys=0.00, real=0.00 secs] 
   2020-11-01T23:19:32.906+0800: 0.993: [GC cleanup 383M->383M(512M), 0.0007831 secs]
    [Times: user=0.00 sys=0.00, real=0.00 secs] 
   2020-11-01T23:19:32.910+0800: 0.998: [GC pause (G1 Evacuation Pause) (young), 0.0031811 secs]
      [Parallel Time: 2.3 ms, GC Workers: 8]
         [GC Worker Start (ms): Min: 998.1, Avg: 998.2, Max: 998.2, Diff: 0.1]
         [Ext Root Scanning (ms): Min: 0.1, Avg: 0.1, Max: 0.2, Diff: 0.1, Sum: 0.9]
         [Update RS (ms): Min: 0.7, Avg: 0.7, Max: 0.8, Diff: 0.0, Sum: 6.0]
            [Processed Buffers: Min: 10, Avg: 11.0, Max: 12, Diff: 2, Sum: 88]
         [Scan RS (ms): Min: 0.0, Avg: 0.0, Max: 0.0, Diff: 0.0, Sum: 0.0]
         [Code Root Scanning (ms): Min: 0.0, Avg: 0.0, Max: 0.0, Diff: 0.0, Sum: 0.0]
         [Object Copy (ms): Min: 1.1, Avg: 1.2, Max: 1.2, Diff: 0.1, Sum: 9.4]
         [Termination (ms): Min: 0.0, Avg: 0.1, Max: 0.1, Diff: 0.1, Sum: 0.5]
            [Termination Attempts: Min: 1, Avg: 1.0, Max: 1, Diff: 0, Sum: 8]
         [GC Worker Other (ms): Min: 0.0, Avg: 0.0, Max: 0.0, Diff: 0.0, Sum: 0.1]
         [GC Worker Total (ms): Min: 2.1, Avg: 2.1, Max: 2.2, Diff: 0.1, Sum: 16.8]
         [GC Worker End (ms): Min: 1000.3, Avg: 1000.3, Max: 1000.3, Diff: 0.0]
      [Code Root Fixup: 0.0 ms]
      [Code Root Purge: 0.0 ms]
      [Clear CT: 0.2 ms]
      [Other: 0.7 ms]
         [Choose CSet: 0.0 ms]
         [Ref Proc: 0.2 ms]
         [Ref Enq: 0.0 ms]
         [Redirty Cards: 0.2 ms]
         [Humongous Register: 0.1 ms]
         [Humongous Reclaim: 0.1 ms]
         [Free CSet: 0.1 ms]
      [Eden: 32.0M(32.0M)->0.0B(20.0M) Survivors: 1024.0K->5120.0K Heap: 407.9M(512.0M)->381.0M(512.0M)]
    [Times: user=0.00 sys=0.00, real=0.00 secs] 
   2020-11-01T23:19:32.920+0800: 1.008: [GC pause (G1 Evacuation Pause) (mixed), 0.0059697 secs]
      [Parallel Time: 4.8 ms, GC Workers: 8]
         [GC Worker Start (ms): Min: 1008.5, Avg: 1008.6, Max: 1008.6, Diff: 0.1]
         [Ext Root Scanning (ms): Min: 0.1, Avg: 0.1, Max: 0.2, Diff: 0.1, Sum: 0.9]
         [Update RS (ms): Min: 0.4, Avg: 0.5, Max: 0.5, Diff: 0.1, Sum: 3.8]
            [Processed Buffers: Min: 6, Avg: 7.1, Max: 8, Diff: 2, Sum: 57]
         [Scan RS (ms): Min: 0.0, Avg: 0.0, Max: 0.1, Diff: 0.0, Sum: 0.2]
         [Code Root Scanning (ms): Min: 0.0, Avg: 0.0, Max: 0.0, Diff: 0.0, Sum: 0.0]
         [Object Copy (ms): Min: 3.8, Avg: 3.8, Max: 3.9, Diff: 0.1, Sum: 30.7]
         [Termination (ms): Min: 0.0, Avg: 0.0, Max: 0.1, Diff: 0.1, Sum: 0.4]
            [Termination Attempts: Min: 1, Avg: 1.0, Max: 1, Diff: 0, Sum: 8]
         [GC Worker Other (ms): Min: 0.0, Avg: 0.0, Max: 0.0, Diff: 0.0, Sum: 0.1]
         [GC Worker Total (ms): Min: 4.5, Avg: 4.5, Max: 4.6, Diff: 0.1, Sum: 36.1]
         [GC Worker End (ms): Min: 1013.1, Avg: 1013.1, Max: 1013.1, Diff: 0.0]
      [Code Root Fixup: 0.0 ms]
      [Code Root Purge: 0.0 ms]
      [Clear CT: 0.4 ms]
      [Other: 0.8 ms]
         [Choose CSet: 0.0 ms]
         [Ref Proc: 0.2 ms]
         [Ref Enq: 0.0 ms]
         [Redirty Cards: 0.2 ms]
         [Humongous Register: 0.1 ms]
         [Humongous Reclaim: 0.1 ms]
         [Free CSet: 0.1 ms]
      [Eden: 20.0M(20.0M)->0.0B(25.0M) Survivors: 5120.0K->4096.0K Heap: 407.1M(512.0M)->372.9M(512.0M)]
    [Times: user=0.13 sys=0.00, real=0.01 secs] 
   2020-11-01T23:19:32.927+0800: 1.015: [GC pause (G1 Humongous Allocation) (young) (initial-mark), 0.0016506 secs]
      [Parallel Time: 0.9 ms, GC Workers: 8]
         [GC Worker Start (ms): Min: 1015.3, Avg: 1015.4, Max: 1015.4, Diff: 0.2]
         [Ext Root Scanning (ms): Min: 0.0, Avg: 0.1, Max: 0.2, Diff: 0.2, Sum: 0.7]
         [Update RS (ms): Min: 0.1, Avg: 0.1, Max: 0.5, Diff: 0.4, Sum: 1.1]
            [Processed Buffers: Min: 0, Avg: 1.1, Max: 2, Diff: 2, Sum: 9]
         [Scan RS (ms): Min: 0.0, Avg: 0.0, Max: 0.0, Diff: 0.0, Sum: 0.0]
         [Code Root Scanning (ms): Min: 0.0, Avg: 0.0, Max: 0.0, Diff: 0.0, Sum: 0.0]
         [Object Copy (ms): Min: 0.0, Avg: 0.4, Max: 0.5, Diff: 0.5, Sum: 3.2]
         [Termination (ms): Min: 0.0, Avg: 0.0, Max: 0.1, Diff: 0.1, Sum: 0.3]
            [Termination Attempts: Min: 1, Avg: 1.0, Max: 1, Diff: 0, Sum: 8]
         [GC Worker Other (ms): Min: 0.0, Avg: 0.0, Max: 0.0, Diff: 0.0, Sum: 0.1]
         [GC Worker Total (ms): Min: 0.6, Avg: 0.7, Max: 0.8, Diff: 0.1, Sum: 5.5]
         [GC Worker End (ms): Min: 1016.1, Avg: 1016.1, Max: 1016.1, Diff: 0.0]
      [Code Root Fixup: 0.0 ms]
      [Code Root Purge: 0.0 ms]
      [Clear CT: 0.2 ms]
      [Other: 0.6 ms]
         [Choose CSet: 0.0 ms]
         [Ref Proc: 0.2 ms]
         [Ref Enq: 0.0 ms]
         [Redirty Cards: 0.2 ms]
         [Humongous Register: 0.1 ms]
         [Humongous Reclaim: 0.0 ms]
         [Free CSet: 0.0 ms]
      [Eden: 3072.0K(25.0M)->0.0B(26.0M) Survivors: 4096.0K->1024.0K Heap: 375.9M(512.0M)->373.1M(512.0M)]
    [Times: user=0.00 sys=0.00, real=0.00 secs] 
   2020-11-01T23:19:32.929+0800: 1.017: [GC concurrent-root-region-scan-start]
   2020-11-01T23:19:32.929+0800: 1.017: [GC concurrent-root-region-scan-end, 0.0001899 secs]
   2020-11-01T23:19:32.929+0800: 1.017: [GC concurrent-mark-start]
   2020-11-01T23:19:32.932+0800: 1.020: [GC concurrent-mark-end, 0.0025751 secs]
   2020-11-01T23:19:32.932+0800: 1.020: [GC remark 2020-11-01T23:19:32.932+0800: 1.020: [Finalize Marking, 0.0001822 secs] 2020-11-01T23:19:32.932+0800: 1.020: [GC ref-proc, 0.0002540 secs] 2020-11-01T23:19:32.932+0800: 1.020: [Unloading, 0.0005305 secs], 0.0017277 secs]
    [Times: user=0.00 sys=0.00, real=0.00 secs] 
   2020-11-01T23:19:32.934+0800: 1.022: [GC cleanup 389M->389M(512M), 0.0007132 secs]
    [Times: user=0.00 sys=0.00, real=0.00 secs] 
   2020-11-01T23:19:32.937+0800: 1.025: [GC pause (G1 Evacuation Pause) (young), 0.0020633 secs]
      [Parallel Time: 1.5 ms, GC Workers: 8]
         [GC Worker Start (ms): Min: 1025.6, Avg: 1025.7, Max: 1025.7, Diff: 0.1]
         [Ext Root Scanning (ms): Min: 0.0, Avg: 0.1, Max: 0.2, Diff: 0.1, Sum: 0.7]
         [Update RS (ms): Min: 0.3, Avg: 0.3, Max: 0.4, Diff: 0.1, Sum: 2.8]
            [Processed Buffers: Min: 5, Avg: 5.4, Max: 6, Diff: 1, Sum: 43]
         [Scan RS (ms): Min: 0.0, Avg: 0.0, Max: 0.0, Diff: 0.0, Sum: 0.0]
         [Code Root Scanning (ms): Min: 0.0, Avg: 0.0, Max: 0.0, Diff: 0.0, Sum: 0.0]
         [Object Copy (ms): Min: 0.7, Avg: 0.8, Max: 0.8, Diff: 0.1, Sum: 6.1]
         [Termination (ms): Min: 0.0, Avg: 0.0, Max: 0.1, Diff: 0.1, Sum: 0.3]
            [Termination Attempts: Min: 1, Avg: 1.0, Max: 1, Diff: 0, Sum: 8]
         [GC Worker Other (ms): Min: 0.0, Avg: 0.0, Max: 0.0, Diff: 0.0, Sum: 0.1]
         [GC Worker Total (ms): Min: 1.2, Avg: 1.3, Max: 1.3, Diff: 0.1, Sum: 10.0]
         [GC Worker End (ms): Min: 1026.9, Avg: 1026.9, Max: 1026.9, Diff: 0.0]
      [Code Root Fixup: 0.0 ms]
      [Code Root Purge: 0.0 ms]
      [Clear CT: 0.1 ms]
      [Other: 0.5 ms]
         [Choose CSet: 0.0 ms]
         [Ref Proc: 0.2 ms]
         [Ref Enq: 0.0 ms]
         [Redirty Cards: 0.1 ms]
         [Humongous Register: 0.1 ms]
         [Humongous Reclaim: 0.0 ms]
         [Free CSet: 0.0 ms]
      [Eden: 26.0M(26.0M)->0.0B(21.0M) Survivors: 1024.0K->4096.0K Heap: 403.4M(512.0M)->382.7M(512.0M)]
    [Times: user=0.00 sys=0.03, real=0.00 secs] 
   2020-11-01T23:19:32.943+0800: 1.031: [GC pause (G1 Evacuation Pause) (mixed), 0.0060990 secs]
      [Parallel Time: 5.3 ms, GC Workers: 8]
         [GC Worker Start (ms): Min: 1031.5, Avg: 1031.6, Max: 1031.7, Diff: 0.2]
         [Ext Root Scanning (ms): Min: 0.0, Avg: 0.1, Max: 0.2, Diff: 0.2, Sum: 0.8]
         [Update RS (ms): Min: 0.0, Avg: 0.5, Max: 0.6, Diff: 0.6, Sum: 4.4]
            [Processed Buffers: Min: 0, Avg: 8.5, Max: 11, Diff: 11, Sum: 68]
         [Scan RS (ms): Min: 0.0, Avg: 0.0, Max: 0.1, Diff: 0.1, Sum: 0.3]
         [Code Root Scanning (ms): Min: 0.0, Avg: 0.0, Max: 0.0, Diff: 0.0, Sum: 0.0]
         [Object Copy (ms): Min: 4.3, Avg: 4.4, Max: 4.9, Diff: 0.7, Sum: 34.9]
         [Termination (ms): Min: 0.0, Avg: 0.0, Max: 0.1, Diff: 0.1, Sum: 0.4]
            [Termination Attempts: Min: 1, Avg: 1.0, Max: 1, Diff: 0, Sum: 8]
         [GC Worker Other (ms): Min: 0.0, Avg: 0.0, Max: 0.0, Diff: 0.0, Sum: 0.1]
         [GC Worker Total (ms): Min: 5.0, Avg: 5.1, Max: 5.2, Diff: 0.2, Sum: 40.8]
         [GC Worker End (ms): Min: 1036.7, Avg: 1036.7, Max: 1036.7, Diff: 0.0]
      [Code Root Fixup: 0.0 ms]
      [Code Root Purge: 0.0 ms]
      [Clear CT: 0.2 ms]
      [Other: 0.6 ms]
         [Choose CSet: 0.0 ms]
         [Ref Proc: 0.2 ms]
         [Ref Enq: 0.0 ms]
         [Redirty Cards: 0.2 ms]
         [Humongous Register: 0.1 ms]
         [Humongous Reclaim: 0.0 ms]
         [Free CSet: 0.1 ms]
      [Eden: 21.0M(21.0M)->0.0B(22.0M) Survivors: 4096.0K->4096.0K Heap: 411.0M(512.0M)->375.5M(512.0M)]
    [Times: user=0.00 sys=0.00, real=0.01 secs] 
   2020-11-01T23:19:32.951+0800: 1.039: [GC pause (G1 Humongous Allocation) (young) (initial-mark), 0.0017914 secs]
      [Parallel Time: 1.1 ms, GC Workers: 8]
         [GC Worker Start (ms): Min: 1038.8, Avg: 1038.8, Max: 1038.8, Diff: 0.1]
         [Ext Root Scanning (ms): Min: 0.1, Avg: 0.1, Max: 0.1, Diff: 0.1, Sum: 0.9]
         [Update RS (ms): Min: 0.0, Avg: 0.1, Max: 0.3, Diff: 0.3, Sum: 1.1]
            [Processed Buffers: Min: 1, Avg: 1.1, Max: 2, Diff: 1, Sum: 9]
         [Scan RS (ms): Min: 0.0, Avg: 0.0, Max: 0.0, Diff: 0.0, Sum: 0.0]
         [Code Root Scanning (ms): Min: 0.0, Avg: 0.0, Max: 0.0, Diff: 0.0, Sum: 0.0]
         [Object Copy (ms): Min: 0.4, Avg: 0.6, Max: 0.7, Diff: 0.3, Sum: 4.9]
         [Termination (ms): Min: 0.0, Avg: 0.0, Max: 0.1, Diff: 0.1, Sum: 0.4]
            [Termination Attempts: Min: 1, Avg: 1.0, Max: 1, Diff: 0, Sum: 8]
         [GC Worker Other (ms): Min: 0.0, Avg: 0.0, Max: 0.0, Diff: 0.0, Sum: 0.1]
         [GC Worker Total (ms): Min: 0.9, Avg: 0.9, Max: 1.0, Diff: 0.1, Sum: 7.4]
         [GC Worker End (ms): Min: 1039.7, Avg: 1039.7, Max: 1039.7, Diff: 0.0]
      [Code Root Fixup: 0.0 ms]
      [Code Root Purge: 0.0 ms]
      [Clear CT: 0.1 ms]
      [Other: 0.6 ms]
         [Choose CSet: 0.0 ms]
         [Ref Proc: 0.2 ms]
         [Ref Enq: 0.0 ms]
         [Redirty Cards: 0.1 ms]
         [Humongous Register: 0.2 ms]
         [Humongous Reclaim: 0.0 ms]
         [Free CSet: 0.0 ms]
      [Eden: 5120.0K(22.0M)->0.0B(22.0M) Survivors: 4096.0K->3072.0K Heap: 380.5M(512.0M)->376.8M(512.0M)]
    [Times: user=0.00 sys=0.00, real=0.00 secs] 
   2020-11-01T23:19:32.952+0800: 1.040: [GC concurrent-root-region-scan-start]
   2020-11-01T23:19:32.953+0800: 1.041: [GC concurrent-root-region-scan-end, 0.0001147 secs]
   2020-11-01T23:19:32.953+0800: 1.041: [GC concurrent-mark-start]
   2020-11-01T23:19:32.955+0800: 1.043: [GC concurrent-mark-end, 0.0021151 secs]
   2020-11-01T23:19:32.955+0800: 1.043: [GC remark 2020-11-01T23:19:32.955+0800: 1.043: [Finalize Marking, 0.0001975 secs] 2020-11-01T23:19:32.955+0800: 1.043: [GC ref-proc, 0.0003204 secs] 2020-11-01T23:19:32.955+0800: 1.043: [Unloading, 0.0006317 secs], 0.0021385 secs]
    [Times: user=0.00 sys=0.00, real=0.00 secs] 
   2020-11-01T23:19:32.957+0800: 1.045: [GC cleanup 395M->395M(512M), 0.0006755 secs]
    [Times: user=0.00 sys=0.00, real=0.00 secs] 
   2020-11-01T23:19:32.960+0800: 1.048: [GC pause (G1 Evacuation Pause) (young), 0.0022421 secs]
      [Parallel Time: 1.5 ms, GC Workers: 8]
         [GC Worker Start (ms): Min: 1047.7, Avg: 1047.7, Max: 1047.8, Diff: 0.1]
         [Ext Root Scanning (ms): Min: 0.1, Avg: 0.1, Max: 0.1, Diff: 0.1, Sum: 0.9]
         [Update RS (ms): Min: 0.3, Avg: 0.4, Max: 0.4, Diff: 0.0, Sum: 3.0]
            [Processed Buffers: Min: 5, Avg: 5.9, Max: 6, Diff: 1, Sum: 47]
         [Scan RS (ms): Min: 0.0, Avg: 0.0, Max: 0.0, Diff: 0.0, Sum: 0.0]
         [Code Root Scanning (ms): Min: 0.0, Avg: 0.0, Max: 0.0, Diff: 0.0, Sum: 0.0]
         [Object Copy (ms): Min: 0.9, Avg: 0.9, Max: 1.0, Diff: 0.1, Sum: 7.4]
         [Termination (ms): Min: 0.0, Avg: 0.0, Max: 0.1, Diff: 0.1, Sum: 0.3]
            [Termination Attempts: Min: 1, Avg: 1.0, Max: 1, Diff: 0, Sum: 8]
         [GC Worker Other (ms): Min: 0.0, Avg: 0.0, Max: 0.0, Diff: 0.0, Sum: 0.1]
         [GC Worker Total (ms): Min: 1.4, Avg: 1.5, Max: 1.5, Diff: 0.1, Sum: 11.7]
         [GC Worker End (ms): Min: 1049.2, Avg: 1049.2, Max: 1049.2, Diff: 0.0]
      [Code Root Fixup: 0.0 ms]
      [Code Root Purge: 0.0 ms]
      [Clear CT: 0.2 ms]
      [Other: 0.5 ms]
         [Choose CSet: 0.0 ms]
         [Ref Proc: 0.2 ms]
         [Ref Enq: 0.0 ms]
         [Redirty Cards: 0.2 ms]
         [Humongous Register: 0.1 ms]
         [Humongous Reclaim: 0.0 ms]
         [Free CSet: 0.0 ms]
      [Eden: 22.0M(22.0M)->0.0B(21.0M) Survivors: 3072.0K->4096.0K Heap: 403.4M(512.0M)->388.2M(512.0M)]
    [Times: user=0.00 sys=0.00, real=0.00 secs] 
   2020-11-01T23:19:32.968+0800: 1.056: [GC pause (G1 Evacuation Pause) (mixed), 0.0045666 secs]
      [Parallel Time: 3.9 ms, GC Workers: 8]
         [GC Worker Start (ms): Min: 1055.9, Avg: 1056.0, Max: 1056.0, Diff: 0.1]
         [Ext Root Scanning (ms): Min: 0.1, Avg: 0.1, Max: 0.2, Diff: 0.1, Sum: 1.0]
         [Update RS (ms): Min: 0.3, Avg: 0.4, Max: 0.4, Diff: 0.1, Sum: 3.2]
            [Processed Buffers: Min: 5, Avg: 5.9, Max: 6, Diff: 1, Sum: 47]
         [Scan RS (ms): Min: 0.0, Avg: 0.0, Max: 0.1, Diff: 0.1, Sum: 0.2]
         [Code Root Scanning (ms): Min: 0.0, Avg: 0.0, Max: 0.0, Diff: 0.0, Sum: 0.0]
         [Object Copy (ms): Min: 3.1, Avg: 3.2, Max: 3.2, Diff: 0.1, Sum: 25.4]
         [Termination (ms): Min: 0.0, Avg: 0.1, Max: 0.1, Diff: 0.1, Sum: 0.5]
            [Termination Attempts: Min: 1, Avg: 1.1, Max: 2, Diff: 1, Sum: 9]
         [GC Worker Other (ms): Min: 0.0, Avg: 0.0, Max: 0.0, Diff: 0.0, Sum: 0.1]
         [GC Worker Total (ms): Min: 3.7, Avg: 3.8, Max: 3.8, Diff: 0.1, Sum: 30.3]
         [GC Worker End (ms): Min: 1059.7, Avg: 1059.7, Max: 1059.8, Diff: 0.0]
      [Code Root Fixup: 0.0 ms]
      [Code Root Purge: 0.0 ms]
      [Clear CT: 0.1 ms]
      [Other: 0.5 ms]
         [Choose CSet: 0.0 ms]
         [Ref Proc: 0.1 ms]
         [Ref Enq: 0.0 ms]
         [Redirty Cards: 0.1 ms]
         [Humongous Register: 0.1 ms]
         [Humongous Reclaim: 0.0 ms]
         [Free CSet: 0.1 ms]
      [Eden: 21.0M(21.0M)->0.0B(21.0M) Survivors: 4096.0K->4096.0K Heap: 413.9M(512.0M)->380.8M(512.0M)]
    [Times: user=0.13 sys=0.00, real=0.00 secs] 
   2020-11-01T23:19:32.973+0800: 1.061: [GC pause (G1 Humongous Allocation) (young) (initial-mark), 0.0014728 secs]
      [Parallel Time: 0.8 ms, GC Workers: 8]
         [GC Worker Start (ms): Min: 1060.9, Avg: 1061.0, Max: 1061.0, Diff: 0.1]
         [Ext Root Scanning (ms): Min: 0.1, Avg: 0.1, Max: 0.2, Diff: 0.1, Sum: 0.9]
         [Update RS (ms): Min: 0.0, Avg: 0.1, Max: 0.2, Diff: 0.1, Sum: 0.7]
            [Processed Buffers: Min: 1, Avg: 1.1, Max: 2, Diff: 1, Sum: 9]
         [Scan RS (ms): Min: 0.0, Avg: 0.0, Max: 0.0, Diff: 0.0, Sum: 0.0]
         [Code Root Scanning (ms): Min: 0.0, Avg: 0.0, Max: 0.0, Diff: 0.0, Sum: 0.0]
         [Object Copy (ms): Min: 0.3, Avg: 0.4, Max: 0.4, Diff: 0.2, Sum: 2.8]
         [Termination (ms): Min: 0.0, Avg: 0.0, Max: 0.1, Diff: 0.1, Sum: 0.4]
            [Termination Attempts: Min: 1, Avg: 1.0, Max: 1, Diff: 0, Sum: 8]
         [GC Worker Other (ms): Min: 0.0, Avg: 0.0, Max: 0.0, Diff: 0.0, Sum: 0.1]
         [GC Worker Total (ms): Min: 0.6, Avg: 0.6, Max: 0.7, Diff: 0.1, Sum: 4.9]
         [GC Worker End (ms): Min: 1061.6, Avg: 1061.6, Max: 1061.6, Diff: 0.0]
      [Code Root Fixup: 0.0 ms]
      [Code Root Purge: 0.0 ms]
      [Clear CT: 0.2 ms]
      [Other: 0.6 ms]
         [Choose CSet: 0.0 ms]
         [Ref Proc: 0.2 ms]
         [Ref Enq: 0.0 ms]
         [Redirty Cards: 0.2 ms]
         [Humongous Register: 0.1 ms]
         [Humongous Reclaim: 0.0 ms]
         [Free CSet: 0.0 ms]
      [Eden: 2048.0K(21.0M)->0.0B(24.0M) Survivors: 4096.0K->1024.0K Heap: 382.6M(512.0M)->381.0M(512.0M)]
    [Times: user=0.00 sys=0.00, real=0.00 secs] 
   2020-11-01T23:19:32.974+0800: 1.062: [GC concurrent-root-region-scan-start]
   2020-11-01T23:19:32.975+0800: 1.063: [GC concurrent-root-region-scan-end, 0.0001398 secs]
   2020-11-01T23:19:32.975+0800: 1.063: [GC concurrent-mark-start]
   2020-11-01T23:19:32.977+0800: 1.065: [GC concurrent-mark-end, 0.0028670 secs]
   2020-11-01T23:19:32.978+0800: 1.066: [GC remark 2020-11-01T23:19:32.978+0800: 1.066: [Finalize Marking, 0.0002010 secs] 2020-11-01T23:19:32.978+0800: 1.066: [GC ref-proc, 0.0002537 secs] 2020-11-01T23:19:32.978+0800: 1.066: [Unloading, 0.0003422 secs], 0.0018696 secs]
    [Times: user=0.00 sys=0.00, real=0.00 secs] 
   2020-11-01T23:19:32.980+0800: 1.068: [GC cleanup 395M->395M(512M), 0.0008110 secs]
    [Times: user=0.00 sys=0.00, real=0.00 secs] 
   2020-11-01T23:19:32.984+0800: 1.072: [GC pause (G1 Evacuation Pause) (young), 0.0022307 secs]
      [Parallel Time: 1.4 ms, GC Workers: 8]
         [GC Worker Start (ms): Min: 1072.1, Avg: 1072.2, Max: 1072.2, Diff: 0.1]
         [Ext Root Scanning (ms): Min: 0.1, Avg: 0.1, Max: 0.2, Diff: 0.1, Sum: 1.0]
         [Update RS (ms): Min: 0.4, Avg: 0.4, Max: 0.4, Diff: 0.0, Sum: 3.2]
            [Processed Buffers: Min: 1, Avg: 5.3, Max: 8, Diff: 7, Sum: 42]
         [Scan RS (ms): Min: 0.0, Avg: 0.0, Max: 0.0, Diff: 0.0, Sum: 0.0]
         [Code Root Scanning (ms): Min: 0.0, Avg: 0.0, Max: 0.0, Diff: 0.0, Sum: 0.0]
         [Object Copy (ms): Min: 0.5, Avg: 0.6, Max: 0.6, Diff: 0.1, Sum: 4.6]
         [Termination (ms): Min: 0.0, Avg: 0.0, Max: 0.1, Diff: 0.1, Sum: 0.2]
            [Termination Attempts: Min: 1, Avg: 1.0, Max: 1, Diff: 0, Sum: 8]
         [GC Worker Other (ms): Min: 0.0, Avg: 0.0, Max: 0.0, Diff: 0.0, Sum: 0.1]
         [GC Worker Total (ms): Min: 1.1, Avg: 1.1, Max: 1.2, Diff: 0.1, Sum: 9.2]
         [GC Worker End (ms): Min: 1073.3, Avg: 1073.3, Max: 1073.3, Diff: 0.0]
      [Code Root Fixup: 0.0 ms]
      [Code Root Purge: 0.0 ms]
      [Clear CT: 0.2 ms]
      [Other: 0.7 ms]
         [Choose CSet: 0.0 ms]
         [Ref Proc: 0.1 ms]
         [Ref Enq: 0.0 ms]
         [Redirty Cards: 0.2 ms]
         [Humongous Register: 0.2 ms]
         [Humongous Reclaim: 0.1 ms]
         [Free CSet: 0.0 ms]
      [Eden: 24.0M(24.0M)->0.0B(21.0M) Survivors: 1024.0K->4096.0K Heap: 409.0M(512.0M)->387.3M(512.0M)]
    [Times: user=0.00 sys=0.00, real=0.00 secs] 
   2020-11-01T23:19:32.990+0800: 1.077: [GC pause (G1 Evacuation Pause) (mixed), 0.0051556 secs]
      [Parallel Time: 4.4 ms, GC Workers: 8]
         [GC Worker Start (ms): Min: 1077.6, Avg: 1077.7, Max: 1077.7, Diff: 0.1]
         [Ext Root Scanning (ms): Min: 0.1, Avg: 0.1, Max: 0.2, Diff: 0.1, Sum: 0.9]
         [Update RS (ms): Min: 0.4, Avg: 0.4, Max: 0.4, Diff: 0.0, Sum: 3.2]
            [Processed Buffers: Min: 6, Avg: 6.3, Max: 7, Diff: 1, Sum: 50]
         [Scan RS (ms): Min: 0.0, Avg: 0.0, Max: 0.1, Diff: 0.1, Sum: 0.2]
         [Code Root Scanning (ms): Min: 0.0, Avg: 0.0, Max: 0.0, Diff: 0.0, Sum: 0.0]
         [Object Copy (ms): Min: 3.6, Avg: 3.7, Max: 3.7, Diff: 0.1, Sum: 29.4]
         [Termination (ms): Min: 0.0, Avg: 0.0, Max: 0.1, Diff: 0.1, Sum: 0.3]
            [Termination Attempts: Min: 1, Avg: 1.0, Max: 1, Diff: 0, Sum: 8]
         [GC Worker Other (ms): Min: 0.0, Avg: 0.0, Max: 0.0, Diff: 0.0, Sum: 0.1]
         [GC Worker Total (ms): Min: 4.2, Avg: 4.3, Max: 4.3, Diff: 0.1, Sum: 34.1]
         [GC Worker End (ms): Min: 1081.9, Avg: 1081.9, Max: 1081.9, Diff: 0.0]
      [Code Root Fixup: 0.0 ms]
      [Code Root Purge: 0.0 ms]
      [Clear CT: 0.2 ms]
      [Other: 0.6 ms]
         [Choose CSet: 0.0 ms]
         [Ref Proc: 0.2 ms]
         [Ref Enq: 0.0 ms]
         [Redirty Cards: 0.2 ms]
         [Humongous Register: 0.1 ms]
         [Humongous Reclaim: 0.0 ms]
         [Free CSet: 0.1 ms]
      [Eden: 21.0M(21.0M)->0.0B(21.0M) Survivors: 4096.0K->4096.0K Heap: 413.3M(512.0M)->380.4M(512.0M)]
    [Times: user=0.00 sys=0.00, real=0.00 secs] 
   2020-11-01T23:19:32.995+0800: 1.083: [GC pause (G1 Humongous Allocation) (young) (initial-mark), 0.0014562 secs]
      [Parallel Time: 0.8 ms, GC Workers: 8]
         [GC Worker Start (ms): Min: 1083.0, Avg: 1083.0, Max: 1083.1, Diff: 0.2]
         [Ext Root Scanning (ms): Min: 0.0, Avg: 0.2, Max: 0.4, Diff: 0.4, Sum: 1.4]
         [Update RS (ms): Min: 0.0, Avg: 0.1, Max: 0.3, Diff: 0.3, Sum: 1.0]
            [Processed Buffers: Min: 0, Avg: 1.1, Max: 2, Diff: 2, Sum: 9]
         [Scan RS (ms): Min: 0.0, Avg: 0.0, Max: 0.0, Diff: 0.0, Sum: 0.0]
         [Code Root Scanning (ms): Min: 0.0, Avg: 0.0, Max: 0.0, Diff: 0.0, Sum: 0.0]
         [Object Copy (ms): Min: 0.0, Avg: 0.2, Max: 0.3, Diff: 0.3, Sum: 1.5]
         [Termination (ms): Min: 0.0, Avg: 0.1, Max: 0.2, Diff: 0.2, Sum: 1.2]
            [Termination Attempts: Min: 1, Avg: 1.8, Max: 5, Diff: 4, Sum: 14]
         [GC Worker Other (ms): Min: 0.0, Avg: 0.0, Max: 0.0, Diff: 0.0, Sum: 0.0]
         [GC Worker Total (ms): Min: 0.5, Avg: 0.6, Max: 0.7, Diff: 0.2, Sum: 5.1]
         [GC Worker End (ms): Min: 1083.7, Avg: 1083.7, Max: 1083.7, Diff: 0.0]
      [Code Root Fixup: 0.0 ms]
      [Code Root Purge: 0.0 ms]
      [Clear CT: 0.2 ms]
      [Other: 0.5 ms]
         [Choose CSet: 0.0 ms]
         [Ref Proc: 0.1 ms]
         [Ref Enq: 0.0 ms]
         [Redirty Cards: 0.2 ms]
         [Humongous Register: 0.1 ms]
         [Humongous Reclaim: 0.0 ms]
         [Free CSet: 0.0 ms]
      [Eden: 1024.0K(21.0M)->0.0B(24.0M) Survivors: 4096.0K->1024.0K Heap: 381.2M(512.0M)->380.2M(512.0M)]
    [Times: user=0.00 sys=0.00, real=0.00 secs] 
   2020-11-01T23:19:32.997+0800: 1.084: [GC concurrent-root-region-scan-start]
   2020-11-01T23:19:32.997+0800: 1.085: [GC concurrent-root-region-scan-end, 0.0000535 secs]
   2020-11-01T23:19:32.997+0800: 1.085: [GC concurrent-mark-start]
   2020-11-01T23:19:32.999+0800: 1.087: [GC concurrent-mark-end, 0.0021828 secs]
   2020-11-01T23:19:32.999+0800: 1.087: [GC remark 2020-11-01T23:19:32.999+0800: 1.087: [Finalize Marking, 0.0001821 secs] 2020-11-01T23:19:32.999+0800: 1.087: [GC ref-proc, 0.0002547 secs] 2020-11-01T23:19:32.999+0800: 1.087: [Unloading, 0.0004279 secs], 0.0017219 secs]
    [Times: user=0.00 sys=0.00, real=0.00 secs] 
   2020-11-01T23:19:33.001+0800: 1.089: [GC cleanup 398M->398M(512M), 0.0006548 secs]
    [Times: user=0.00 sys=0.00, real=0.00 secs] 
   2020-11-01T23:19:33.004+0800: 1.092: [GC pause (G1 Evacuation Pause) (young), 0.0027339 secs]
      [Parallel Time: 1.9 ms, GC Workers: 8]
         [GC Worker Start (ms): Min: 1092.0, Avg: 1092.0, Max: 1092.2, Diff: 0.2]
         [Ext Root Scanning (ms): Min: 0.0, Avg: 0.1, Max: 0.2, Diff: 0.2, Sum: 0.8]
         [Update RS (ms): Min: 0.4, Avg: 0.6, Max: 1.7, Diff: 1.3, Sum: 5.0]
            [Processed Buffers: Min: 0, Avg: 5.6, Max: 7, Diff: 7, Sum: 45]
         [Scan RS (ms): Min: 0.0, Avg: 0.0, Max: 0.0, Diff: 0.0, Sum: 0.0]
         [Code Root Scanning (ms): Min: 0.0, Avg: 0.0, Max: 0.0, Diff: 0.0, Sum: 0.0]
         [Object Copy (ms): Min: 0.0, Avg: 1.0, Max: 1.2, Diff: 1.2, Sum: 8.2]
         [Termination (ms): Min: 0.0, Avg: 0.1, Max: 0.1, Diff: 0.1, Sum: 0.5]
            [Termination Attempts: Min: 1, Avg: 1.0, Max: 1, Diff: 0, Sum: 8]
         [GC Worker Other (ms): Min: 0.0, Avg: 0.0, Max: 0.0, Diff: 0.0, Sum: 0.1]
         [GC Worker Total (ms): Min: 1.7, Avg: 1.8, Max: 1.9, Diff: 0.2, Sum: 14.6]
         [GC Worker End (ms): Min: 1093.9, Avg: 1093.9, Max: 1093.9, Diff: 0.0]
      [Code Root Fixup: 0.0 ms]
      [Code Root Purge: 0.0 ms]
      [Clear CT: 0.2 ms]
      [Other: 0.6 ms]
         [Choose CSet: 0.0 ms]
         [Ref Proc: 0.1 ms]
         [Ref Enq: 0.0 ms]
         [Redirty Cards: 0.2 ms]
         [Humongous Register: 0.2 ms]
         [Humongous Reclaim: 0.0 ms]
         [Free CSet: 0.0 ms]
      [Eden: 24.0M(24.0M)->0.0B(21.0M) Survivors: 1024.0K->4096.0K Heap: 409.0M(512.0M)->389.9M(512.0M)]
    [Times: user=0.00 sys=0.00, real=0.00 secs] 
   2020-11-01T23:19:33.011+0800: 1.099: [GC pause (G1 Evacuation Pause) (mixed) (to-space exhausted), 0.0051050 secs]
      [Parallel Time: 3.9 ms, GC Workers: 8]
         [GC Worker Start (ms): Min: 1099.4, Avg: 1099.4, Max: 1099.6, Diff: 0.2]
         [Ext Root Scanning (ms): Min: 0.0, Avg: 0.1, Max: 0.2, Diff: 0.2, Sum: 0.9]
         [Update RS (ms): Min: 0.8, Avg: 0.8, Max: 0.8, Diff: 0.1, Sum: 6.5]
            [Processed Buffers: Min: 12, Avg: 12.1, Max: 13, Diff: 1, Sum: 97]
         [Scan RS (ms): Min: 0.0, Avg: 0.0, Max: 0.0, Diff: 0.0, Sum: 0.2]
         [Code Root Scanning (ms): Min: 0.0, Avg: 0.0, Max: 0.0, Diff: 0.0, Sum: 0.0]
         [Object Copy (ms): Min: 2.8, Avg: 2.8, Max: 2.8, Diff: 0.1, Sum: 22.3]
         [Termination (ms): Min: 0.0, Avg: 0.0, Max: 0.0, Diff: 0.0, Sum: 0.2]
            [Termination Attempts: Min: 1, Avg: 1.1, Max: 2, Diff: 1, Sum: 9]
         [GC Worker Other (ms): Min: 0.0, Avg: 0.0, Max: 0.0, Diff: 0.0, Sum: 0.1]
         [GC Worker Total (ms): Min: 3.6, Avg: 3.8, Max: 3.8, Diff: 0.2, Sum: 30.2]
         [GC Worker End (ms): Min: 1103.2, Avg: 1103.2, Max: 1103.2, Diff: 0.0]
      [Code Root Fixup: 0.0 ms]
      [Code Root Purge: 0.0 ms]
      [Clear CT: 0.3 ms]
      [Other: 0.9 ms]
         [Evacuation Failure: 0.3 ms]
         [Choose CSet: 0.0 ms]
         [Ref Proc: 0.1 ms]
         [Ref Enq: 0.0 ms]
         [Redirty Cards: 0.2 ms]
         [Humongous Register: 0.1 ms]
         [Humongous Reclaim: 0.0 ms]
         [Free CSet: 0.1 ms]
      [Eden: 21.0M(21.0M)->0.0B(21.0M) Survivors: 4096.0K->4096.0K Heap: 421.9M(512.0M)->395.2M(512.0M)]
    [Times: user=0.00 sys=0.00, real=0.01 secs] 
   2020-11-01T23:19:33.017+0800: 1.105: [GC pause (G1 Humongous Allocation) (young) (initial-mark), 0.0015092 secs]
      [Parallel Time: 0.9 ms, GC Workers: 8]
         [GC Worker Start (ms): Min: 1105.0, Avg: 1105.0, Max: 1105.1, Diff: 0.1]
         [Ext Root Scanning (ms): Min: 0.1, Avg: 0.1, Max: 0.2, Diff: 0.1, Sum: 0.9]
         [Update RS (ms): Min: 0.1, Avg: 0.1, Max: 0.2, Diff: 0.1, Sum: 0.7]
            [Processed Buffers: Min: 1, Avg: 2.0, Max: 8, Diff: 7, Sum: 16]
         [Scan RS (ms): Min: 0.0, Avg: 0.0, Max: 0.0, Diff: 0.0, Sum: 0.0]
         [Code Root Scanning (ms): Min: 0.0, Avg: 0.0, Max: 0.0, Diff: 0.0, Sum: 0.0]
         [Object Copy (ms): Min: 0.4, Avg: 0.4, Max: 0.5, Diff: 0.1, Sum: 3.4]
         [Termination (ms): Min: 0.0, Avg: 0.1, Max: 0.1, Diff: 0.1, Sum: 0.5]
            [Termination Attempts: Min: 1, Avg: 1.0, Max: 1, Diff: 0, Sum: 8]
         [GC Worker Other (ms): Min: 0.0, Avg: 0.0, Max: 0.0, Diff: 0.0, Sum: 0.1]
         [GC Worker Total (ms): Min: 0.6, Avg: 0.7, Max: 0.7, Diff: 0.1, Sum: 5.5]
         [GC Worker End (ms): Min: 1105.7, Avg: 1105.7, Max: 1105.7, Diff: 0.0]
      [Code Root Fixup: 0.0 ms]
      [Code Root Purge: 0.0 ms]
      [Clear CT: 0.1 ms]
      [Other: 0.5 ms]
         [Choose CSet: 0.0 ms]
         [Ref Proc: 0.2 ms]
         [Ref Enq: 0.0 ms]
         [Redirty Cards: 0.1 ms]
         [Humongous Register: 0.1 ms]
         [Humongous Reclaim: 0.0 ms]
         [Free CSet: 0.0 ms]
      [Eden: 2048.0K(21.0M)->0.0B(23.0M) Survivors: 4096.0K->2048.0K Heap: 396.5M(512.0M)->396.4M(512.0M)]
    [Times: user=0.13 sys=0.00, real=0.00 secs] 
   2020-11-01T23:19:33.019+0800: 1.106: [GC concurrent-root-region-scan-start]
   2020-11-01T23:19:33.019+0800: 1.107: [GC concurrent-root-region-scan-end, 0.0000407 secs]
   2020-11-01T23:19:33.019+0800: 1.107: [GC concurrent-mark-start]
   2020-11-01T23:19:33.021+0800: 1.108: [GC concurrent-mark-end, 0.0019494 secs]
   2020-11-01T23:19:33.021+0800: 1.109: [GC remark 2020-11-01T23:19:33.021+0800: 1.109: [Finalize Marking, 0.0001308 secs] 2020-11-01T23:19:33.021+0800: 1.109: [GC ref-proc, 0.0002543 secs] 2020-11-01T23:19:33.021+0800: 1.109: [Unloading, 0.0004985 secs], 0.0017969 secs]
    [Times: user=0.00 sys=0.00, real=0.00 secs] 
   2020-11-01T23:19:33.023+0800: 1.111: [GC cleanup 406M->406M(512M), 0.0006438 secs]
    [Times: user=0.00 sys=0.00, real=0.00 secs] 
   2020-11-01T23:19:33.026+0800: 1.114: [GC pause (G1 Evacuation Pause) (young), 0.0023940 secs]
      [Parallel Time: 1.5 ms, GC Workers: 8]
         [GC Worker Start (ms): Min: 1114.6, Avg: 1114.7, Max: 1114.8, Diff: 0.2]
         [Ext Root Scanning (ms): Min: 0.0, Avg: 0.1, Max: 0.2, Diff: 0.1, Sum: 0.7]
         [Update RS (ms): Min: 0.5, Avg: 0.5, Max: 0.6, Diff: 0.0, Sum: 4.3]
            [Processed Buffers: Min: 7, Avg: 8.3, Max: 10, Diff: 3, Sum: 66]
         [Scan RS (ms): Min: 0.0, Avg: 0.0, Max: 0.0, Diff: 0.0, Sum: 0.0]
         [Code Root Scanning (ms): Min: 0.0, Avg: 0.0, Max: 0.0, Diff: 0.0, Sum: 0.0]
         [Object Copy (ms): Min: 0.7, Avg: 0.7, Max: 0.8, Diff: 0.1, Sum: 5.9]
         [Termination (ms): Min: 0.0, Avg: 0.1, Max: 0.1, Diff: 0.1, Sum: 0.6]
            [Termination Attempts: Min: 1, Avg: 1.0, Max: 1, Diff: 0, Sum: 8]
         [GC Worker Other (ms): Min: 0.0, Avg: 0.0, Max: 0.0, Diff: 0.0, Sum: 0.1]
         [GC Worker Total (ms): Min: 1.3, Avg: 1.4, Max: 1.5, Diff: 0.2, Sum: 11.5]
         [GC Worker End (ms): Min: 1116.1, Avg: 1116.1, Max: 1116.2, Diff: 0.0]
      [Code Root Fixup: 0.0 ms]
      [Code Root Purge: 0.0 ms]
      [Clear CT: 0.2 ms]
      [Other: 0.7 ms]
         [Choose CSet: 0.0 ms]
         [Ref Proc: 0.2 ms]
         [Ref Enq: 0.0 ms]
         [Redirty Cards: 0.2 ms]
         [Humongous Register: 0.2 ms]
         [Humongous Reclaim: 0.0 ms]
         [Free CSet: 0.0 ms]
      [Eden: 23.0M(23.0M)->0.0B(21.0M) Survivors: 2048.0K->4096.0K Heap: 426.4M(512.0M)->402.9M(512.0M)]
    [Times: user=0.00 sys=0.00, real=0.00 secs] 
   2020-11-01T23:19:33.033+0800: 1.121: [GC pause (G1 Evacuation Pause) (mixed) (to-space exhausted), 0.0040283 secs]
      [Parallel Time: 3.1 ms, GC Workers: 8]
         [GC Worker Start (ms): Min: 1121.2, Avg: 1121.3, Max: 1121.4, Diff: 0.2]
         [Ext Root Scanning (ms): Min: 0.0, Avg: 0.1, Max: 0.2, Diff: 0.2, Sum: 0.9]
         [Update RS (ms): Min: 0.4, Avg: 0.5, Max: 0.9, Diff: 0.5, Sum: 4.0]
            [Processed Buffers: Min: 0, Avg: 6.3, Max: 9, Diff: 9, Sum: 50]
         [Scan RS (ms): Min: 0.0, Avg: 0.0, Max: 0.0, Diff: 0.0, Sum: 0.2]
         [Code Root Scanning (ms): Min: 0.0, Avg: 0.0, Max: 0.0, Diff: 0.0, Sum: 0.0]
         [Object Copy (ms): Min: 1.8, Avg: 2.2, Max: 2.4, Diff: 0.5, Sum: 17.9]
         [Termination (ms): Min: 0.0, Avg: 0.1, Max: 0.1, Diff: 0.1, Sum: 0.4]
            [Termination Attempts: Min: 1, Avg: 1.0, Max: 1, Diff: 0, Sum: 8]
         [GC Worker Other (ms): Min: 0.0, Avg: 0.0, Max: 0.0, Diff: 0.0, Sum: 0.1]
         [GC Worker Total (ms): Min: 2.8, Avg: 2.9, Max: 3.0, Diff: 0.2, Sum: 23.5]
         [GC Worker End (ms): Min: 1124.2, Avg: 1124.2, Max: 1124.2, Diff: 0.0]
      [Code Root Fixup: 0.0 ms]
      [Code Root Purge: 0.0 ms]
      [Clear CT: 0.2 ms]
      [Other: 0.7 ms]
         [Evacuation Failure: 0.2 ms]
         [Choose CSet: 0.0 ms]
         [Ref Proc: 0.2 ms]
         [Ref Enq: 0.0 ms]
         [Redirty Cards: 0.1 ms]
         [Humongous Register: 0.1 ms]
         [Humongous Reclaim: 0.0 ms]
         [Free CSet: 0.0 ms]
      [Eden: 21.0M(21.0M)->0.0B(21.0M) Survivors: 4096.0K->4096.0K Heap: 428.8M(512.0M)->425.8M(512.0M)]
    [Times: user=0.11 sys=0.00, real=0.00 secs] 
   2020-11-01T23:19:33.038+0800: 1.125: [GC pause (G1 Humongous Allocation) (young) (initial-mark), 0.0013543 secs]
      [Parallel Time: 0.7 ms, GC Workers: 8]
         [GC Worker Start (ms): Min: 1125.6, Avg: 1125.7, Max: 1125.7, Diff: 0.1]
         [Ext Root Scanning (ms): Min: 0.1, Avg: 0.1, Max: 0.1, Diff: 0.1, Sum: 0.9]
         [Update RS (ms): Min: 0.1, Avg: 0.1, Max: 0.1, Diff: 0.0, Sum: 0.6]
            [Processed Buffers: Min: 1, Avg: 2.0, Max: 5, Diff: 4, Sum: 16]
         [Scan RS (ms): Min: 0.0, Avg: 0.0, Max: 0.0, Diff: 0.0, Sum: 0.0]
         [Code Root Scanning (ms): Min: 0.0, Avg: 0.0, Max: 0.0, Diff: 0.0, Sum: 0.0]
         [Object Copy (ms): Min: 0.3, Avg: 0.4, Max: 0.4, Diff: 0.1, Sum: 2.8]
         [Termination (ms): Min: 0.0, Avg: 0.0, Max: 0.1, Diff: 0.1, Sum: 0.2]
            [Termination Attempts: Min: 1, Avg: 1.0, Max: 1, Diff: 0, Sum: 8]
         [GC Worker Other (ms): Min: 0.0, Avg: 0.0, Max: 0.0, Diff: 0.0, Sum: 0.0]
         [GC Worker Total (ms): Min: 0.5, Avg: 0.6, Max: 0.6, Diff: 0.1, Sum: 4.6]
         [GC Worker End (ms): Min: 1126.2, Avg: 1126.2, Max: 1126.2, Diff: 0.0]
      [Code Root Fixup: 0.0 ms]
      [Code Root Purge: 0.0 ms]
      [Clear CT: 0.1 ms]
      [Other: 0.5 ms]
         [Choose CSet: 0.0 ms]
         [Ref Proc: 0.2 ms]
         [Ref Enq: 0.0 ms]
         [Redirty Cards: 0.1 ms]
         [Humongous Register: 0.1 ms]
         [Humongous Reclaim: 0.0 ms]
         [Free CSet: 0.0 ms]
      [Eden: 2048.0K(21.0M)->0.0B(24.0M) Survivors: 4096.0K->1024.0K Heap: 427.0M(512.0M)->426.4M(512.0M)]
    [Times: user=0.00 sys=0.00, real=0.00 secs] 
   2020-11-01T23:19:33.039+0800: 1.127: [GC concurrent-root-region-scan-start]
   2020-11-01T23:19:33.039+0800: 1.127: [GC concurrent-root-region-scan-end, 0.0000854 secs]
   2020-11-01T23:19:33.039+0800: 1.127: [GC concurrent-mark-start]
   2020-11-01T23:19:33.041+0800: 1.129: [GC concurrent-mark-end, 0.0018619 secs]
   2020-11-01T23:19:33.041+0800: 1.129: [GC remark 2020-11-01T23:19:33.041+0800: 1.129: [Finalize Marking, 0.0001698 secs] 2020-11-01T23:19:33.041+0800: 1.129: [GC ref-proc, 0.0002605 secs] 2020-11-01T23:19:33.042+0800: 1.130: [Unloading, 0.0004403 secs], 0.0017835 secs]
    [Times: user=0.00 sys=0.00, real=0.00 secs] 
   2020-11-01T23:19:33.043+0800: 1.131: [GC cleanup 442M->442M(512M), 0.0007404 secs]
    [Times: user=0.00 sys=0.00, real=0.00 secs] 
   2020-11-01T23:19:33.046+0800: 1.134: [GC pause (G1 Evacuation Pause) (young) (to-space exhausted), 0.0017659 secs]
      [Parallel Time: 0.8 ms, GC Workers: 8]
         [GC Worker Start (ms): Min: 1134.3, Avg: 1134.4, Max: 1134.9, Diff: 0.7]
         [Ext Root Scanning (ms): Min: 0.0, Avg: 0.1, Max: 0.2, Diff: 0.2, Sum: 0.8]
         [Update RS (ms): Min: 0.0, Avg: 0.4, Max: 0.5, Diff: 0.5, Sum: 3.2]
            [Processed Buffers: Min: 0, Avg: 5.1, Max: 7, Diff: 7, Sum: 41]
         [Scan RS (ms): Min: 0.0, Avg: 0.0, Max: 0.0, Diff: 0.0, Sum: 0.0]
         [Code Root Scanning (ms): Min: 0.0, Avg: 0.0, Max: 0.0, Diff: 0.0, Sum: 0.0]
         [Object Copy (ms): Min: 0.1, Avg: 0.1, Max: 0.2, Diff: 0.1, Sum: 1.0]
         [Termination (ms): Min: 0.0, Avg: 0.0, Max: 0.1, Diff: 0.1, Sum: 0.3]
            [Termination Attempts: Min: 1, Avg: 1.0, Max: 1, Diff: 0, Sum: 8]
         [GC Worker Other (ms): Min: 0.0, Avg: 0.0, Max: 0.0, Diff: 0.0, Sum: 0.1]
         [GC Worker Total (ms): Min: 0.1, Avg: 0.7, Max: 0.8, Diff: 0.7, Sum: 5.3]
         [GC Worker End (ms): Min: 1135.1, Avg: 1135.1, Max: 1135.1, Diff: 0.0]
      [Code Root Fixup: 0.0 ms]
      [Code Root Purge: 0.0 ms]
      [Clear CT: 0.1 ms]
      [Other: 0.8 ms]
         [Evacuation Failure: 0.2 ms]
         [Choose CSet: 0.0 ms]
         [Ref Proc: 0.2 ms]
         [Ref Enq: 0.0 ms]
         [Redirty Cards: 0.1 ms]
         [Humongous Register: 0.1 ms]
         [Humongous Reclaim: 0.0 ms]
         [Free CSet: 0.0 ms]
      [Eden: 20.0M(24.0M)->0.0B(25.0M) Survivors: 1024.0K->0.0B Heap: 450.4M(512.0M)->445.8M(512.0M)]
    [Times: user=0.00 sys=0.00, real=0.00 secs] 
   2020-11-01T23:19:33.049+0800: 1.137: [GC pause (G1 Evacuation Pause) (mixed) (to-space exhausted), 0.0016542 secs]
      [Parallel Time: 0.7 ms, GC Workers: 8]
         [GC Worker Start (ms): Min: 1137.6, Avg: 1137.7, Max: 1137.8, Diff: 0.2]
         [Ext Root Scanning (ms): Min: 0.0, Avg: 0.1, Max: 0.2, Diff: 0.2, Sum: 1.0]
         [Update RS (ms): Min: 0.1, Avg: 0.1, Max: 0.2, Diff: 0.1, Sum: 1.1]
            [Processed Buffers: Min: 1, Avg: 2.5, Max: 4, Diff: 3, Sum: 20]
         [Scan RS (ms): Min: 0.0, Avg: 0.0, Max: 0.1, Diff: 0.0, Sum: 0.2]
         [Code Root Scanning (ms): Min: 0.0, Avg: 0.0, Max: 0.0, Diff: 0.0, Sum: 0.0]
         [Object Copy (ms): Min: 0.1, Avg: 0.2, Max: 0.2, Diff: 0.1, Sum: 1.4]
         [Termination (ms): Min: 0.0, Avg: 0.0, Max: 0.1, Diff: 0.1, Sum: 0.3]
            [Termination Attempts: Min: 1, Avg: 1.0, Max: 1, Diff: 0, Sum: 8]
         [GC Worker Other (ms): Min: 0.0, Avg: 0.0, Max: 0.0, Diff: 0.0, Sum: 0.1]
         [GC Worker Total (ms): Min: 0.4, Avg: 0.5, Max: 0.6, Diff: 0.2, Sum: 4.1]
         [GC Worker End (ms): Min: 1138.2, Avg: 1138.2, Max: 1138.2, Diff: 0.0]
      [Code Root Fixup: 0.0 ms]
      [Code Root Purge: 0.0 ms]
      [Clear CT: 0.2 ms]
      [Other: 0.8 ms]
         [Evacuation Failure: 0.2 ms]
         [Choose CSet: 0.0 ms]
         [Ref Proc: 0.1 ms]
         [Ref Enq: 0.0 ms]
         [Redirty Cards: 0.2 ms]
         [Humongous Register: 0.2 ms]
         [Humongous Reclaim: 0.0 ms]
         [Free CSet: 0.0 ms]
      [Eden: 6144.0K(25.0M)->0.0B(25.0M) Survivors: 0.0B->0.0B Heap: 452.4M(512.0M)->452.4M(512.0M)]
    [Times: user=0.00 sys=0.00, real=0.00 secs] 
   2020-11-01T23:19:33.051+0800: 1.139: [Full GC (Allocation Failure)  452M->338M(512M), 0.0466801 secs]
      [Eden: 0.0B(25.0M)->0.0B(25.0M) Survivors: 0.0B->0.0B Heap: 452.4M(512.0M)->338.5M(512.0M)], [Metaspace: 2835K->2835K(1056768K)]
    [Times: user=0.05 sys=0.00, real=0.05 secs] 
   Heap
    garbage-first heap   total 524288K, used 346577K [0x00000000e0000000, 0x00000000e0101000, 0x0000000100000000)
     region size 1024K, 1 young (1024K), 0 survivors (0K)
    Metaspace       used 2841K, capacity 4486K, committed 4864K, reserved 1056768K
     class space    used 307K, capacity 386K, committed 512K, reserved 1048576K
    ```
3. 日志分析与总结
**系统环境**
```cmd
   Java HotSpot(TM) 64-Bit Server VM (25.152-b16) for windows-amd64 JRE (1.8.0_152-b16), built on Sep 14 2017 02:29:36 by "java_re" with MS VC++ 10.0 (VS2010)
   Memory: 4k page, physical 16643552k(8418396k free), swap 18811060k(3799852k free)
```
+ 64位windows系统，物理内存16G
+ JRE1.8

**JVM环境**
 ```cmd
CommandLine flags: -XX:InitialHeapSize=536870912 -XX:MaxHeapSize=536870912 -XX:+PrintGC -XX:+PrintGCDateStamps -XX:+PrintGCDetails -XX:+PrintGCTimeStamps -XX:+UseCompressedClassPointers -XX:+UseCompressedOops -XX:+UseG1GC -XX:-UseLargePagesIndividualAllocation
```
+ -XX:InitialHeapSize=536870912 初始堆大小:512M(536870912/(1024*1024))
+ -XX:MaxHeapSize=536870912 最大堆大小:512M(536870912/(1024*1024))
+ -XX:+PrintGC 打印GC信息
+ -XX:+PrintGCDateStamps 打印GC发生时的日期信息
+ -XX:+PrintGCDetails 打印详细的GC信息
+ -XX:+PrintGCTimeStamps 打印GC发生时的时间戳
+ -XX:+UseCompressedClassPointers 压缩类指针
+ -XX:+UseCompressedOops 压缩普通对象指针，从32位的虚拟机上迁移到64位的虚拟机上，会对指针进行相应的压缩处理
+ -XX:-UseLargePagesIndividualAllocation 使用大页面个体分配
+ -XX:+UseG1GC 

**总 结(UseG1GC)**
