# 系统默认GC打印日志
1. 执行命令 ：
    ```cmd
    java -XX:+UseG1GC -Xmx4086m -Xms4086m -Xloggc:gc.cms.4086.log -XX:+PrintGCDetails -XX:+PrintGCDateStamps com.mariston.weektwo.GCLogAnalysis
    ```
2. 执行结果：
    ```cmd
   Java HotSpot(TM) 64-Bit Server VM (25.152-b16) for windows-amd64 JRE (1.8.0_152-b16), built on Sep 14 2017 02:29:36 by "java_re" with MS VC++ 10.0 (VS2010)
   Memory: 4k page, physical 16643552k(8324212k free), swap 18740704k(5591392k free)
   CommandLine flags: -XX:InitialHeapSize=4284481536 -XX:MaxHeapSize=4284481536 -XX:+PrintGC -XX:+PrintGCDateStamps -XX:+PrintGCDetails -XX:+PrintGCTimeStamps -XX:+UseCompressedClassPointers -XX:+UseCompressedOops -XX:+UseG1GC -XX:-UseLargePagesIndividualAllocation 
   2020-11-01T23:37:15.537+0800: 0.393: [GC pause (G1 Evacuation Pause) (young), 0.0125787 secs]
      [Parallel Time: 10.5 ms, GC Workers: 8]
         [GC Worker Start (ms): Min: 393.7, Avg: 393.7, Max: 393.8, Diff: 0.1]
         [Ext Root Scanning (ms): Min: 0.0, Avg: 0.1, Max: 0.3, Diff: 0.3, Sum: 1.2]
         [Update RS (ms): Min: 0.0, Avg: 0.1, Max: 0.1, Diff: 0.1, Sum: 0.5]
            [Processed Buffers: Min: 0, Avg: 1.1, Max: 2, Diff: 2, Sum: 9]
         [Scan RS (ms): Min: 0.0, Avg: 0.0, Max: 0.0, Diff: 0.0, Sum: 0.1]
         [Code Root Scanning (ms): Min: 0.0, Avg: 0.0, Max: 0.0, Diff: 0.0, Sum: 0.0]
         [Object Copy (ms): Min: 9.1, Avg: 9.9, Max: 10.2, Diff: 1.1, Sum: 78.8]
         [Termination (ms): Min: 0.0, Avg: 0.2, Max: 0.3, Diff: 0.3, Sum: 1.3]
            [Termination Attempts: Min: 1, Avg: 1.0, Max: 1, Diff: 0, Sum: 8]
         [GC Worker Other (ms): Min: 0.1, Avg: 0.2, Max: 1.1, Diff: 1.0, Sum: 1.5]
         [GC Worker Total (ms): Min: 10.4, Avg: 10.4, Max: 10.5, Diff: 0.1, Sum: 83.5]
         [GC Worker End (ms): Min: 404.1, Avg: 404.1, Max: 404.2, Diff: 0.0]
      [Code Root Fixup: 0.0 ms]
      [Code Root Purge: 0.0 ms]
      [Clear CT: 0.4 ms]
      [Other: 1.6 ms]
         [Choose CSet: 0.0 ms]
         [Ref Proc: 0.2 ms]
         [Ref Enq: 0.0 ms]
         [Redirty Cards: 0.4 ms]
         [Humongous Register: 0.1 ms]
         [Humongous Reclaim: 0.2 ms]
         [Free CSet: 0.2 ms]
      [Eden: 204.0M(204.0M)->0.0B(178.0M) Survivors: 0.0B->26.0M Heap: 263.2M(4086.0M)->84.2M(4086.0M)]
    [Times: user=0.00 sys=0.00, real=0.01 secs] 
   2020-11-01T23:37:15.601+0800: 0.457: [GC pause (G1 Evacuation Pause) (young), 0.0126624 secs]
      [Parallel Time: 11.2 ms, GC Workers: 8]
         [GC Worker Start (ms): Min: 457.6, Avg: 457.8, Max: 458.2, Diff: 0.5]
         [Ext Root Scanning (ms): Min: 0.0, Avg: 0.1, Max: 0.2, Diff: 0.2, Sum: 1.0]
         [Update RS (ms): Min: 0.0, Avg: 0.1, Max: 0.2, Diff: 0.2, Sum: 0.7]
            [Processed Buffers: Min: 0, Avg: 1.5, Max: 2, Diff: 2, Sum: 12]
         [Scan RS (ms): Min: 0.0, Avg: 0.0, Max: 0.0, Diff: 0.0, Sum: 0.1]
         [Code Root Scanning (ms): Min: 0.0, Avg: 0.0, Max: 0.0, Diff: 0.0, Sum: 0.0]
         [Object Copy (ms): Min: 10.4, Avg: 10.5, Max: 10.6, Diff: 0.2, Sum: 83.8]
         [Termination (ms): Min: 0.0, Avg: 0.1, Max: 0.3, Diff: 0.3, Sum: 1.1]
            [Termination Attempts: Min: 1, Avg: 1.0, Max: 1, Diff: 0, Sum: 8]
         [GC Worker Other (ms): Min: 0.0, Avg: 0.0, Max: 0.0, Diff: 0.0, Sum: 0.1]
         [GC Worker Total (ms): Min: 10.4, Avg: 10.9, Max: 11.0, Diff: 0.6, Sum: 86.8]
         [GC Worker End (ms): Min: 468.6, Avg: 468.7, Max: 468.7, Diff: 0.1]
      [Code Root Fixup: 0.0 ms]
      [Code Root Purge: 0.0 ms]
      [Clear CT: 0.2 ms]
      [Other: 1.3 ms]
         [Choose CSet: 0.0 ms]
         [Ref Proc: 0.2 ms]
         [Ref Enq: 0.0 ms]
         [Redirty Cards: 0.2 ms]
         [Humongous Register: 0.1 ms]
         [Humongous Reclaim: 0.3 ms]
         [Free CSet: 0.2 ms]
      [Eden: 178.0M(178.0M)->0.0B(178.0M) Survivors: 26.0M->26.0M Heap: 303.9M(4086.0M)->149.6M(4086.0M)]
    [Times: user=0.00 sys=0.11, real=0.01 secs] 
   2020-11-01T23:37:15.664+0800: 0.520: [GC pause (G1 Evacuation Pause) (young), 0.0131215 secs]
      [Parallel Time: 11.3 ms, GC Workers: 8]
         [GC Worker Start (ms): Min: 520.5, Avg: 521.5, Max: 525.7, Diff: 5.3]
         [Ext Root Scanning (ms): Min: 0.0, Avg: 0.1, Max: 0.2, Diff: 0.2, Sum: 0.8]
         [Update RS (ms): Min: 0.0, Avg: 0.1, Max: 0.3, Diff: 0.3, Sum: 1.0]
            [Processed Buffers: Min: 0, Avg: 1.6, Max: 3, Diff: 3, Sum: 13]
         [Scan RS (ms): Min: 0.0, Avg: 0.0, Max: 0.1, Diff: 0.0, Sum: 0.2]
         [Code Root Scanning (ms): Min: 0.0, Avg: 0.0, Max: 0.0, Diff: 0.0, Sum: 0.0]
         [Object Copy (ms): Min: 5.8, Avg: 9.7, Max: 10.7, Diff: 4.9, Sum: 77.7]
         [Termination (ms): Min: 0.0, Avg: 0.2, Max: 0.2, Diff: 0.2, Sum: 1.2]
            [Termination Attempts: Min: 1, Avg: 1.5, Max: 3, Diff: 2, Sum: 12]
         [GC Worker Other (ms): Min: 0.0, Avg: 0.0, Max: 0.0, Diff: 0.0, Sum: 0.1]
         [GC Worker Total (ms): Min: 5.9, Avg: 10.1, Max: 11.2, Diff: 5.3, Sum: 81.0]
         [GC Worker End (ms): Min: 531.6, Avg: 531.6, Max: 531.6, Diff: 0.0]
      [Code Root Fixup: 0.0 ms]
      [Code Root Purge: 0.0 ms]
      [Clear CT: 0.3 ms]
      [Other: 1.5 ms]
         [Choose CSet: 0.0 ms]
         [Ref Proc: 0.1 ms]
         [Ref Enq: 0.0 ms]
         [Redirty Cards: 0.2 ms]
         [Humongous Register: 0.1 ms]
         [Humongous Reclaim: 0.3 ms]
         [Free CSet: 0.2 ms]
      [Eden: 178.0M(178.0M)->0.0B(178.0M) Survivors: 26.0M->26.0M Heap: 376.4M(4086.0M)->213.5M(4086.0M)]
    [Times: user=0.00 sys=0.13, real=0.01 secs] 
   2020-11-01T23:37:15.719+0800: 0.575: [GC pause (G1 Evacuation Pause) (young), 0.0124692 secs]
      [Parallel Time: 11.1 ms, GC Workers: 8]
         [GC Worker Start (ms): Min: 575.7, Avg: 575.7, Max: 575.8, Diff: 0.1]
         [Ext Root Scanning (ms): Min: 0.0, Avg: 0.1, Max: 0.2, Diff: 0.1, Sum: 0.9]
         [Update RS (ms): Min: 0.1, Avg: 0.2, Max: 0.6, Diff: 0.5, Sum: 1.4]
            [Processed Buffers: Min: 0, Avg: 1.6, Max: 2, Diff: 2, Sum: 13]
         [Scan RS (ms): Min: 0.0, Avg: 0.0, Max: 0.0, Diff: 0.0, Sum: 0.1]
         [Code Root Scanning (ms): Min: 0.0, Avg: 0.0, Max: 0.0, Diff: 0.0, Sum: 0.0]
         [Object Copy (ms): Min: 9.9, Avg: 10.3, Max: 10.5, Diff: 0.7, Sum: 82.6]
         [Termination (ms): Min: 0.0, Avg: 0.2, Max: 0.3, Diff: 0.3, Sum: 1.3]
            [Termination Attempts: Min: 1, Avg: 1.8, Max: 3, Diff: 2, Sum: 14]
         [GC Worker Other (ms): Min: 0.0, Avg: 0.0, Max: 0.0, Diff: 0.0, Sum: 0.2]
         [GC Worker Total (ms): Min: 10.7, Avg: 10.8, Max: 10.9, Diff: 0.1, Sum: 86.5]
         [GC Worker End (ms): Min: 586.5, Avg: 586.6, Max: 586.6, Diff: 0.0]
      [Code Root Fixup: 0.0 ms]
      [Code Root Purge: 0.0 ms]
      [Clear CT: 0.2 ms]
      [Other: 1.2 ms]
         [Choose CSet: 0.0 ms]
         [Ref Proc: 0.1 ms]
         [Ref Enq: 0.0 ms]
         [Redirty Cards: 0.2 ms]
         [Humongous Register: 0.2 ms]
         [Humongous Reclaim: 0.2 ms]
         [Free CSet: 0.1 ms]
      [Eden: 178.0M(178.0M)->0.0B(178.0M) Survivors: 26.0M->26.0M Heap: 436.5M(4086.0M)->270.0M(4086.0M)]
    [Times: user=0.09 sys=0.03, real=0.01 secs] 
   2020-11-01T23:37:15.773+0800: 0.629: [GC pause (G1 Evacuation Pause) (young), 0.0120910 secs]
      [Parallel Time: 9.7 ms, GC Workers: 8]
         [GC Worker Start (ms): Min: 629.2, Avg: 629.3, Max: 629.4, Diff: 0.1]
         [Ext Root Scanning (ms): Min: 0.0, Avg: 0.1, Max: 0.1, Diff: 0.1, Sum: 0.8]
         [Update RS (ms): Min: 0.1, Avg: 0.2, Max: 0.6, Diff: 0.5, Sum: 1.5]
            [Processed Buffers: Min: 0, Avg: 2.0, Max: 3, Diff: 3, Sum: 16]
         [Scan RS (ms): Min: 0.0, Avg: 0.0, Max: 0.0, Diff: 0.0, Sum: 0.2]
         [Code Root Scanning (ms): Min: 0.0, Avg: 0.0, Max: 0.0, Diff: 0.0, Sum: 0.0]
         [Object Copy (ms): Min: 8.9, Avg: 9.2, Max: 9.3, Diff: 0.5, Sum: 73.2]
         [Termination (ms): Min: 0.0, Avg: 0.1, Max: 0.2, Diff: 0.2, Sum: 1.0]
            [Termination Attempts: Min: 1, Avg: 1.8, Max: 3, Diff: 2, Sum: 14]
         [GC Worker Other (ms): Min: 0.0, Avg: 0.0, Max: 0.0, Diff: 0.0, Sum: 0.1]
         [GC Worker Total (ms): Min: 9.5, Avg: 9.6, Max: 9.7, Diff: 0.1, Sum: 76.8]
         [GC Worker End (ms): Min: 638.9, Avg: 638.9, Max: 638.9, Diff: 0.0]
      [Code Root Fixup: 0.0 ms]
      [Code Root Purge: 0.0 ms]
      [Clear CT: 0.3 ms]
      [Other: 2.1 ms]
         [Choose CSet: 0.0 ms]
         [Ref Proc: 0.2 ms]
         [Ref Enq: 0.0 ms]
         [Redirty Cards: 0.2 ms]
         [Humongous Register: 0.3 ms]
         [Humongous Reclaim: 0.5 ms]
         [Free CSet: 0.3 ms]
      [Eden: 178.0M(178.0M)->0.0B(178.0M) Survivors: 26.0M->26.0M Heap: 495.7M(4086.0M)->324.0M(4086.0M)]
    [Times: user=0.02 sys=0.00, real=0.01 secs] 
   2020-11-01T23:37:15.829+0800: 0.685: [GC pause (G1 Evacuation Pause) (young), 0.0130662 secs]
      [Parallel Time: 11.8 ms, GC Workers: 8]
         [GC Worker Start (ms): Min: 685.4, Avg: 685.4, Max: 685.5, Diff: 0.2]
         [Ext Root Scanning (ms): Min: 0.0, Avg: 0.1, Max: 0.2, Diff: 0.1, Sum: 0.8]
         [Update RS (ms): Min: 0.2, Avg: 0.5, Max: 2.2, Diff: 2.0, Sum: 4.1]
            [Processed Buffers: Min: 0, Avg: 2.5, Max: 4, Diff: 4, Sum: 20]
         [Scan RS (ms): Min: 0.0, Avg: 0.0, Max: 0.0, Diff: 0.0, Sum: 0.2]
         [Code Root Scanning (ms): Min: 0.0, Avg: 0.0, Max: 0.0, Diff: 0.0, Sum: 0.0]
         [Object Copy (ms): Min: 9.1, Avg: 10.6, Max: 11.1, Diff: 2.0, Sum: 85.2]
         [Termination (ms): Min: 0.0, Avg: 0.2, Max: 0.3, Diff: 0.3, Sum: 1.3]
            [Termination Attempts: Min: 1, Avg: 1.0, Max: 1, Diff: 0, Sum: 8]
         [GC Worker Other (ms): Min: 0.0, Avg: 0.0, Max: 0.0, Diff: 0.0, Sum: 0.1]
         [GC Worker Total (ms): Min: 11.3, Avg: 11.4, Max: 11.5, Diff: 0.2, Sum: 91.6]
         [GC Worker End (ms): Min: 696.9, Avg: 696.9, Max: 696.9, Diff: 0.0]
      [Code Root Fixup: 0.0 ms]
      [Code Root Purge: 0.0 ms]
      [Clear CT: 0.2 ms]
      [Other: 1.1 ms]
         [Choose CSet: 0.0 ms]
         [Ref Proc: 0.2 ms]
         [Ref Enq: 0.0 ms]
         [Redirty Cards: 0.1 ms]
         [Humongous Register: 0.2 ms]
         [Humongous Reclaim: 0.2 ms]
         [Free CSet: 0.1 ms]
      [Eden: 178.0M(178.0M)->0.0B(178.0M) Survivors: 26.0M->26.0M Heap: 555.5M(4086.0M)->388.9M(4086.0M)]
    [Times: user=0.11 sys=0.00, real=0.01 secs] 
   2020-11-01T23:37:15.883+0800: 0.739: [GC pause (G1 Evacuation Pause) (young), 0.0138841 secs]
      [Parallel Time: 12.2 ms, GC Workers: 8]
         [GC Worker Start (ms): Min: 739.5, Avg: 739.6, Max: 739.7, Diff: 0.2]
         [Ext Root Scanning (ms): Min: 0.0, Avg: 0.1, Max: 0.2, Diff: 0.2, Sum: 0.8]
         [Update RS (ms): Min: 0.1, Avg: 0.5, Max: 2.7, Diff: 2.6, Sum: 4.3]
            [Processed Buffers: Min: 0, Avg: 2.0, Max: 3, Diff: 3, Sum: 16]
         [Scan RS (ms): Min: 0.0, Avg: 0.0, Max: 0.0, Diff: 0.0, Sum: 0.2]
         [Code Root Scanning (ms): Min: 0.0, Avg: 0.0, Max: 0.0, Diff: 0.0, Sum: 0.0]
         [Object Copy (ms): Min: 8.9, Avg: 11.2, Max: 11.7, Diff: 2.8, Sum: 89.4]
         [Termination (ms): Min: 0.0, Avg: 0.1, Max: 0.2, Diff: 0.2, Sum: 1.0]
            [Termination Attempts: Min: 1, Avg: 1.0, Max: 1, Diff: 0, Sum: 8]
         [GC Worker Other (ms): Min: 0.0, Avg: 0.0, Max: 0.0, Diff: 0.0, Sum: 0.1]
         [GC Worker Total (ms): Min: 11.9, Avg: 12.0, Max: 12.0, Diff: 0.2, Sum: 95.8]
         [GC Worker End (ms): Min: 751.5, Avg: 751.6, Max: 751.6, Diff: 0.0]
      [Code Root Fixup: 0.0 ms]
      [Code Root Purge: 0.0 ms]
      [Clear CT: 0.3 ms]
      [Other: 1.4 ms]
         [Choose CSet: 0.0 ms]
         [Ref Proc: 0.2 ms]
         [Ref Enq: 0.0 ms]
         [Redirty Cards: 0.2 ms]
         [Humongous Register: 0.2 ms]
         [Humongous Reclaim: 0.2 ms]
         [Free CSet: 0.2 ms]
      [Eden: 178.0M(178.0M)->0.0B(209.0M) Survivors: 26.0M->26.0M Heap: 615.5M(4086.0M)->447.6M(4086.0M)]
    [Times: user=0.00 sys=0.09, real=0.01 secs] 
   2020-11-01T23:37:15.949+0800: 0.805: [GC pause (G1 Evacuation Pause) (young), 0.0152111 secs]
      [Parallel Time: 13.8 ms, GC Workers: 8]
         [GC Worker Start (ms): Min: 805.6, Avg: 805.6, Max: 805.7, Diff: 0.2]
         [Ext Root Scanning (ms): Min: 0.0, Avg: 0.1, Max: 0.1, Diff: 0.1, Sum: 0.8]
         [Update RS (ms): Min: 0.1, Avg: 0.2, Max: 0.5, Diff: 0.3, Sum: 1.7]
            [Processed Buffers: Min: 0, Avg: 2.1, Max: 3, Diff: 3, Sum: 17]
         [Scan RS (ms): Min: 0.0, Avg: 0.0, Max: 0.1, Diff: 0.0, Sum: 0.2]
         [Code Root Scanning (ms): Min: 0.0, Avg: 0.0, Max: 0.0, Diff: 0.0, Sum: 0.0]
         [Object Copy (ms): Min: 12.9, Avg: 13.2, Max: 13.3, Diff: 0.5, Sum: 105.8]
         [Termination (ms): Min: 0.0, Avg: 0.1, Max: 0.2, Diff: 0.2, Sum: 0.7]
            [Termination Attempts: Min: 1, Avg: 1.3, Max: 3, Diff: 2, Sum: 10]
         [GC Worker Other (ms): Min: 0.0, Avg: 0.0, Max: 0.0, Diff: 0.0, Sum: 0.1]
         [GC Worker Total (ms): Min: 13.5, Avg: 13.7, Max: 13.7, Diff: 0.2, Sum: 109.3]
         [GC Worker End (ms): Min: 819.3, Avg: 819.3, Max: 819.3, Diff: 0.0]
      [Code Root Fixup: 0.0 ms]
      [Code Root Purge: 0.0 ms]
      [Clear CT: 0.2 ms]
      [Other: 1.2 ms]
         [Choose CSet: 0.0 ms]
         [Ref Proc: 0.2 ms]
         [Ref Enq: 0.0 ms]
         [Redirty Cards: 0.2 ms]
         [Humongous Register: 0.2 ms]
         [Humongous Reclaim: 0.2 ms]
         [Free CSet: 0.1 ms]
      [Eden: 209.0M(209.0M)->0.0B(225.0M) Survivors: 26.0M->30.0M Heap: 714.8M(4086.0M)->514.0M(4086.0M)]
    [Times: user=0.06 sys=0.06, real=0.02 secs] 
   2020-11-01T23:37:16.022+0800: 0.878: [GC pause (G1 Evacuation Pause) (young), 0.0168244 secs]
      [Parallel Time: 15.4 ms, GC Workers: 8]
         [GC Worker Start (ms): Min: 878.2, Avg: 878.3, Max: 878.7, Diff: 0.5]
         [Ext Root Scanning (ms): Min: 0.0, Avg: 0.1, Max: 0.1, Diff: 0.1, Sum: 0.8]
         [Update RS (ms): Min: 0.0, Avg: 0.3, Max: 0.9, Diff: 0.9, Sum: 2.4]
            [Processed Buffers: Min: 0, Avg: 3.3, Max: 6, Diff: 6, Sum: 26]
         [Scan RS (ms): Min: 0.0, Avg: 0.0, Max: 0.0, Diff: 0.0, Sum: 0.2]
         [Code Root Scanning (ms): Min: 0.0, Avg: 0.0, Max: 0.0, Diff: 0.0, Sum: 0.0]
         [Object Copy (ms): Min: 14.0, Avg: 14.6, Max: 14.8, Diff: 0.8, Sum: 116.5]
         [Termination (ms): Min: 0.0, Avg: 0.2, Max: 0.3, Diff: 0.3, Sum: 1.5]
            [Termination Attempts: Min: 1, Avg: 1.0, Max: 1, Diff: 0, Sum: 8]
         [GC Worker Other (ms): Min: 0.0, Avg: 0.0, Max: 0.0, Diff: 0.0, Sum: 0.2]
         [GC Worker Total (ms): Min: 14.8, Avg: 15.2, Max: 15.3, Diff: 0.5, Sum: 121.6]
         [GC Worker End (ms): Min: 893.5, Avg: 893.5, Max: 893.5, Diff: 0.0]
      [Code Root Fixup: 0.0 ms]
      [Code Root Purge: 0.0 ms]
      [Clear CT: 0.2 ms]
      [Other: 1.3 ms]
         [Choose CSet: 0.0 ms]
         [Ref Proc: 0.1 ms]
         [Ref Enq: 0.0 ms]
         [Redirty Cards: 0.2 ms]
         [Humongous Register: 0.2 ms]
         [Humongous Reclaim: 0.2 ms]
         [Free CSet: 0.2 ms]
      [Eden: 225.0M(225.0M)->0.0B(2419.0M) Survivors: 30.0M->32.0M Heap: 806.4M(4086.0M)->585.8M(4086.0M)]
    [Times: user=0.03 sys=0.08, real=0.02 secs] 
   Heap
    garbage-first heap   total 4184064K, used 1399963K [0x00000006c0a00000, 0x00000006c0b07fb0, 0x00000007c0000000)
     region size 1024K, 639 young (654336K), 32 survivors (32768K)
    Metaspace       used 2841K, capacity 4486K, committed 4864K, reserved 1056768K
     class space    used 307K, capacity 386K, committed 512K, reserved 1048576K

    ```
3. 日志分析与总结
**系统环境**
```cmd
   Java HotSpot(TM) 64-Bit Server VM (25.152-b16) for windows-amd64 JRE (1.8.0_152-b16), built on Sep 14 2017 02:29:36 by "java_re" with MS VC++ 10.0 (VS2010)
   Memory: 4k page, physical 16643552k(8418396k free), swap 18811060k(3799852k free)
```
+ 64位windows系统，物理内存16G
+ JRE1.8

**JVM环境**
 ```cmd
CommandLine flags: -XX:InitialHeapSize=4284481536 -XX:MaxHeapSize=4284481536 -XX:+PrintGC -XX:+PrintGCDateStamps -XX:+PrintGCDetails -XX:+PrintGCTimeStamps -XX:+UseCompressedClassPointers -XX:+UseCompressedOops -XX:+UseG1GC -XX:-UseLargePagesIndividualAllocation
```
+ -XX:InitialHeapSize=4284481536 初始堆大小:4086M(4284481536/(1024*1024))
+ -XX:MaxHeapSize=4284481536 最大堆大小:4086M(4284481536/(1024*1024))
+ -XX:+PrintGC 打印GC信息
+ -XX:+PrintGCDateStamps 打印GC发生时的日期信息
+ -XX:+PrintGCDetails 打印详细的GC信息
+ -XX:+PrintGCTimeStamps 打印GC发生时的时间戳
+ -XX:+UseCompressedClassPointers 压缩类指针
+ -XX:+UseCompressedOops 压缩普通对象指针，从32位的虚拟机上迁移到64位的虚拟机上，会对指针进行相应的压缩处理
+ -XX:-UseLargePagesIndividualAllocation 使用大页面个体分配
+ -XX:+UseG1GC 

**总 结(UseG1GC)**
